x20 <= 0x00000060
x16 <= 0x00000003
x5 <= 0x00000000
x16 <= 0x00000002
x5 <= 0x00000000
x16 <= 0x00000001
x5 <= 0x00000000
x16 <= 0x00000000
x4 <= 0x00000000
x3 <= 0x00000000
x3 <= 0x00000000
x2 <= 0x00000000
x17 <= 0xffffffed
x16 <= 0xffffffee
x10 <= 0x00000000
MEM[24] <= 0x00000000
x17 <= 0xffffffee
x10 <= 0x00000000
MEM[24] <= 0x00000000
x17 <= 0xffffffef
x3 <= 0x00000000
x5 <= 0x000005d3
x8 <= 0x00000000
x4 <= 0x00000000
x4 <= 0xfffffec3
x11 <= 0x000002f5
x12 <= 0x00000000
x15 <= 0x00000000
x3 <= 0x00000000
x9 <= 0x00000000
x15 <= 0xffffffeb
x10 <= 0xffffffd6
x11 <= 0xffffffeb
x15 <= 0x00000000
x6 <= 0x00000000
x11 <= 0xfffff89c
x18 <= 0x00000002
x5 <= 0x00000000
x14 <= 0x00000000
x18 <= 0x00000001
x5 <= 0x00000000
x14 <= 0x00000000
x18 <= 0x00000000
x11 <= 0x00000000
x17 <= 0xfffffffb
x19 <= 0xfffffffd
x10 <= 0x00000000
x6 <= 0x00000000
x17 <= 0xfffffffc
