x20 <= 0x00000060
x1 <= 0x00000000
x2 <= 0x00000000
x7 <= 0x00000000
x4 <= 0x00000000
x7 <= 0xffffffee
x11 <= 0xffffffdc
x10 <= 0xffffffee
x7 <= 0xffffffe8
x1 <= 0xffffffd0
x12 <= 0xffffffe8
x4 <= 0x00000000
x2 <= 0x00000000
x5 <= 0xffffffee
x15 <= 0xfffff932
x6 <= 0xffffffee
x11 <= 0xfffffffe
x7 <= 0x00000000
x3 <= 0x00000000
x17 <= 0x00000003
x4 <= 0x00000000
x15 <= 0x00000000
x17 <= 0x00000002
x4 <= 0x00000000
x15 <= 0x00000000
x17 <= 0x00000001
x4 <= 0x00000000
x15 <= 0x00000000
x17 <= 0x00000000
x12 <= 0x00000000
x17 <= 0x0000002f
x19 <= 0x00000030
x6 <= 0xffffffee
MEM[55] <= 0x00000000
x17 <= 0x00000030
x6 <= 0xffffffee
MEM[55] <= 0x00000000
x17 <= 0x00000031
x9 <= 0xfffff92e
x7 <= 0x00000000
MEM[41] <= 0x00000000
x1 <= 0x00000000
x1 <= 0x00000000
x2 <= 0x00000000
x16 <= 0xffffffec
x19 <= 0xffffffee
x2 <= 0x00000000
x16 <= 0xffffffed
x1 <= 0x00000000
x7 <= 0x00000000
