x20 <= 0x00000020
x17 <= 0xfffffffd
x18 <= 0xfffffffe
x10 <= 0xfffff9bf
x2 <= 0x00000000
x17 <= 0xfffffffe
x10 <= 0xfffff9bf
x2 <= 0x00000000
x17 <= 0xffffffff
x9 <= 0x00000000
x17 <= 0x00000028
x19 <= 0x00000029
x10 <= 0x0000005d
x14 <= 0x00000000
x17 <= 0x00000029
x10 <= 0x0000005d
x14 <= 0x00000000
x17 <= 0x0000002a
x14 <= 0xffffffec
x3 <= 0x00000000
x11 <= 0x00000000
x3 <= 0x00000000
x15 <= 0x00000000
x12 <= 0x00000037
x12 <= 0x00000014
x15 <= 0xffffffe6
x6 <= 0xffffffcc
x10 <= 0xffffffe6
x8 <= 0xffffffe6
x4 <= 0x00000000
x5 <= 0x00000000
x1 <= 0x0000004b
x10 <= 0x000006da
x12 <= 0xffffffec
x16 <= 0x00000001
x2 <= 0x00000000
x5 <= 0x00000000
x16 <= 0x00000000
