x20 <= 0x00000040
x14 <= 0x00000000
x18 <= 0x00000001
x3 <= 0xfffff8c2
x12 <= 0x00000000
x11 <= 0x00000000
x18 <= 0x00000000
x4 <= 0x00000000
x6 <= 0x00000000
x4 <= 0xfffff67a
x1 <= 0x00000000
x11 <= 0x00000000
x9 <= 0x00000000
x17 <= 0x00000004
x12 <= 0x00000000
x17 <= 0x00000003
x12 <= 0x00000000
x17 <= 0x00000002
x12 <= 0x00000000
x17 <= 0x00000001
x12 <= 0x00000000
x17 <= 0x00000000
x2 <= 0x0000019e
x10 <= 0x00000000
x13 <= 0x00000000
MEM[29] <= 0x00000000
x8 <= 0x00000000
x1 <= 0xfffff25d
x3 <= 0x00000000
x10 <= 0x00000000
x8 <= 0x00000000
x7 <= 0xffffffb3
x2 <= 0xffffff66
x9 <= 0xffffffb3
x18 <= 0x00000031
x19 <= 0x00000031
x13 <= 0xfffffbe6
x4 <= 0x00000112
x18 <= 0x00000032
x2 <= 0x00000000
x10 <= 0xfffffbe6
x9 <= 0xfffffffc
x14 <= 0xfffffff8
x6 <= 0xfffffffc
x19 <= 0xffffffd9
x18 <= 0xffffffda
x2 <= 0xfffffc3f
x5 <= 0xfffffdcc
x19 <= 0xffffffda
x2 <= 0xfffffc3f
x5 <= 0xfffffdcc
x19 <= 0xffffffdb
