x20 <= 0x00000040
x3 <= 0x00000000
x10 <= 0x00000000
x11 <= 0x00000000
MEM[37] <= 0x00000000
x2 <= 0x00000000
x10 <= 0x00000000
x9 <= 0x00000000
x4 <= 0x00000000
x12 <= 0x00000000
x1 <= 0x00000000
x7 <= 0x00000000
x15 <= 0x00000000
x3 <= 0x00000000
x13 <= 0xffffffbb
x11 <= 0xffffff76
x14 <= 0xffffffbb
MEM[27] <= 0x00000000
x10 <= 0x0000000a
x10 <= 0x00000014
x1 <= 0x00000000
x7 <= 0x000004ad
x19 <= 0xffffffdc
x17 <= 0xffffffde
x1 <= 0x00000000
x12 <= 0x000000ca
x19 <= 0xffffffdd
MEM[43] <= 0xffffff76
x7 <= 0xffffffe1
x6 <= 0xffffffc2
x11 <= 0xffffffe1
MEM[33] <= 0xffffffbb
x3 <= 0x00000000
x16 <= 0xfffffffe
x17 <= 0x00000000
x2 <= 0xffffff9c
x16 <= 0xffffffff
x16 <= 0xffffffe7
x17 <= 0xffffffe8
x3 <= 0x000001ef
x16 <= 0xffffffe8
x3 <= 0x000001ef
x16 <= 0xffffffe9
x12 <= 0x00000000
x13 <= 0x000002c7
MEM[41] <= 0xffffff9c
x19 <= 0x00000002
x5 <= 0xffffffd6
x19 <= 0x00000001
x5 <= 0xffffffd6
x19 <= 0x00000000
