x20 <= 0x00000000
x1 <= 0x00000000
x15 <= 0x00000000
x11 <= 0x000002e9
x4 <= 0x00000000
x17 <= 0xffffffcf
x16 <= 0xffffffd1
x2 <= 0xfffffd4c
x3 <= 0x000002e9
x17 <= 0xffffffd0
x14 <= 0x00000000
x7 <= 0x00000000
x7 <= 0x00000000
x7 <= 0x00000000
x3 <= 0xfffffd4c
x9 <= 0x00000000
x7 <= 0x00000000
x4 <= 0x00000000
x9 <= 0x00000000
x2 <= 0x00000462
x2 <= 0x00000a3c
x9 <= 0x00000000
x5 <= 0xfffff98f
x18 <= 0x00000004
x13 <= 0x00000000
x12 <= 0x00000000
x5 <= 0xfffff98f
x18 <= 0x00000003
x13 <= 0x00000000
x12 <= 0x00000000
x5 <= 0xfffff98f
x18 <= 0x00000002
x13 <= 0x00000000
x12 <= 0x00000000
x5 <= 0xfffff98f
x18 <= 0x00000001
x13 <= 0x00000000
x12 <= 0x00000000
x5 <= 0xfffff98f
x18 <= 0x00000000
x3 <= 0xfffffaad
x13 <= 0xfffffe59
x12 <= 0x00000000
x9 <= 0x00000000
x4 <= 0xfffff906
x1 <= 0xfffffffd
x12 <= 0xfffffffa
x7 <= 0xfffffffd
x3 <= 0xfffff50c
