x20 <= 0x00000060
x2 <= 0x00000000
x1 <= 0x00000000
x7 <= 0x00000000
x3 <= 0x00000000
x19 <= 0xfffffff8
x16 <= 0xfffffff8
MEM[44] <= 0x00000000
x15 <= 0x00000000
x19 <= 0xfffffff9
x17 <= 0x00000001
MEM[26] <= 0x00000000
x9 <= 0x00000000
x17 <= 0x00000000
x12 <= 0x00000000
x10 <= 0x000001fd
x6 <= 0x0000003c
x12 <= 0x00000078
x13 <= 0x0000003c
x10 <= 0x00000000
x14 <= 0x00000000
x15 <= 0x0000003c
x19 <= 0x00000001
x6 <= 0x00000000
MEM[50] <= 0x00000000
x19 <= 0x00000000
x3 <= 0x00000000
x10 <= 0x00000000
x6 <= 0x00000000
x15 <= 0x00000000
x15 <= 0xffffffee
x5 <= 0xffffffdc
x5 <= 0xffffffee
x8 <= 0xffffffb3
x4 <= 0xffffff66
x12 <= 0xffffffb3
x12 <= 0x00000000
x17 <= 0x00000003
x12 <= 0xffffffee
x10 <= 0xfffffa33
x11 <= 0x0000062e
x17 <= 0x00000002
x12 <= 0xffffffdc
x10 <= 0xfffffa33
x11 <= 0x0000062e
x17 <= 0x00000001
x12 <= 0xffffffca
x10 <= 0xfffffa33
x11 <= 0x0000062e
x17 <= 0x00000000
