x20 <= 0x00000000
x1 <= 0x00000000
x6 <= 0x00000000
x15 <= 0x00000000
x7 <= 0x00000000
MEM[9] <= 0x00000000
x15 <= 0xfffffe75
MEM[1] <= 0x00000000
MEM[19] <= 0x00000000
x5 <= 0x00000649
x15 <= 0x00000000
x4 <= 0x00000049
x3 <= 0x00000092
x13 <= 0x00000049
x10 <= 0xfffffb70
x14 <= 0x00000000
x14 <= 0x00000000
x3 <= 0x00000649
x2 <= 0x0000065d
x13 <= 0x00000000
x5 <= 0x000003cf
MEM[12] <= 0x00000000
x13 <= 0x00000000
x7 <= 0x00000000
x17 <= 0xfffffffc
x18 <= 0xfffffffe
x1 <= 0x0000065d
x17 <= 0xfffffffd
x4 <= 0x00000058
x7 <= 0x000000b0
x6 <= 0x00000058
x8 <= 0x00000000
MEM[16] <= 0x00000000
x15 <= 0x00000000
x17 <= 0xffffffdb
x19 <= 0xffffffdb
MEM[24] <= 0x00000000
x17 <= 0xffffffdc
x14 <= 0x00000000
x17 <= 0x00000003
x3 <= 0xfffffba8
x15 <= 0x00000490
x17 <= 0x00000002
x3 <= 0xfffffba8
x15 <= 0x00000490
x17 <= 0x00000001
x3 <= 0xfffffba8
x15 <= 0x00000490
x17 <= 0x00000000
