x20 <= 0x00000060
x10 <= 0xffffffef
x8 <= 0xffffffde
x5 <= 0xffffffef
x8 <= 0x00000000
x7 <= 0xffffffef
x15 <= 0xffffffef
x12 <= 0x00000000
x3 <= 0x00000000
x14 <= 0x00000000
x12 <= 0x00000000
x5 <= 0x00000000
x6 <= 0x00000000
x18 <= 0x0000001c
x17 <= 0x0000001d
MEM[30] <= 0xffffffef
x18 <= 0x0000001d
MEM[30] <= 0xffffffef
x18 <= 0x0000001e
x6 <= 0xfffffd4e
x10 <= 0x00000000
x15 <= 0xfffffc4c
x17 <= 0xffffffce
x19 <= 0xffffffcf
x9 <= 0x00000000
x17 <= 0xffffffcf
x9 <= 0x00000000
x17 <= 0xffffffd0
x17 <= 0x00000003
x13 <= 0x00000011
x10 <= 0x00000000
x17 <= 0x00000002
x13 <= 0x00000011
x10 <= 0x00000000
x17 <= 0x00000001
x13 <= 0x00000011
x10 <= 0x00000000
x17 <= 0x00000000
x16 <= 0xfffffff7
x19 <= 0xfffffff7
x7 <= 0x00000011
x16 <= 0xfffffff8
x15 <= 0x00000000
x15 <= 0x00000000
x6 <= 0x00000000
x14 <= 0x00000000
x15 <= 0x00000000
x7 <= 0x00000000
x16 <= 0x00000004
x7 <= 0x00000011
x4 <= 0x00000000
x16 <= 0x00000003
x7 <= 0x00000011
x4 <= 0x00000000
x16 <= 0x00000002
x7 <= 0x00000011
x4 <= 0x00000000
x16 <= 0x00000001
x7 <= 0x00000011
x4 <= 0x00000000
x16 <= 0x00000000
x12 <= 0x000004ef
