x20 <= 0x00000020
x15 <= 0x00000000
x15 <= 0xffffffc1
x9 <= 0xffffff82
x14 <= 0xffffffc1
MEM[11] <= 0x00000000
x8 <= 0x00000000
x11 <= 0x00000000
x1 <= 0x00000000
x2 <= 0xffffffc1
x16 <= 0xfffffffd
x18 <= 0xfffffffe
x14 <= 0x00000000
x16 <= 0xfffffffe
x14 <= 0x00000000
x16 <= 0xffffffff
x13 <= 0x00000000
x7 <= 0x00000004
x15 <= 0x00000008
x1 <= 0x00000004
x3 <= 0x00000000
x5 <= 0x00000004
x2 <= 0x00000204
x5 <= 0x00000004
x18 <= 0x00000001
x6 <= 0xfffffdfc
x1 <= 0x00000000
x4 <= 0x00000000
x18 <= 0x00000000
x1 <= 0x00000000
x11 <= 0xfffffdfc
x5 <= 0x00000000
x10 <= 0x00000004
x6 <= 0xfffffdfc
x9 <= 0x000003b8
x18 <= 0x0000001a
x19 <= 0x0000001a
x7 <= 0x00000008
x11 <= 0x00000305
x18 <= 0x0000001b
