x20 <= 0x00000080
x6 <= 0x00000000
x10 <= 0x00000000
x12 <= 0x00000000
x15 <= 0x00000000
x2 <= 0x00000000
x8 <= 0xfffffe4c
x8 <= 0x00000000
x2 <= 0x00000000
x6 <= 0x00000000
x17 <= 0xffffffea
x19 <= 0xffffffeb
x12 <= 0xfffff999
x5 <= 0x00000000
x17 <= 0xffffffeb
x12 <= 0xfffff999
x5 <= 0x00000000
x17 <= 0xffffffec
x8 <= 0xfffff90a
x19 <= 0x00000001
x14 <= 0xfffffd7f
x19 <= 0x00000000
x7 <= 0x00000000
x4 <= 0x00000057
x3 <= 0x000000ae
x2 <= 0x00000057
x6 <= 0xfffff999
x10 <= 0x00000000
x9 <= 0x00000057
x7 <= 0xfffff9f0
x19 <= 0x00000001
x3 <= 0x00000000
MEM[44] <= 0xfffff999
x19 <= 0x00000000
x9 <= 0xfffff999
x15 <= 0xfffff999
x2 <= 0x00000000
x9 <= 0xfffffac6
x14 <= 0xfffff999
x2 <= 0xfffff990
MEM[45] <= 0x00000000
x14 <= 0xffffff71
x15 <= 0x00000667
x17 <= 0x00000003
x4 <= 0xfffff8c0
x6 <= 0x00000000
x3 <= 0x00000000
x17 <= 0x00000002
x4 <= 0xfffff8c0
x6 <= 0x00000000
x3 <= 0x00000000
x17 <= 0x00000001
x4 <= 0xfffff8c0
x6 <= 0x00000000
x3 <= 0x00000000
x17 <= 0x00000000
