x20 <= 0x00000000
x4 <= 0x00000000
x5 <= 0xffffffcb
x2 <= 0x00000000
x2 <= 0x00000000
x1 <= 0x00000000
x10 <= 0x00000000
x19 <= 0x00000003
x8 <= 0x00000000
MEM[19] <= 0x00000000
x19 <= 0x00000002
x8 <= 0x00000000
MEM[19] <= 0x00000000
x19 <= 0x00000001
x8 <= 0x00000000
MEM[19] <= 0x00000000
x19 <= 0x00000000
x14 <= 0x00000000
x6 <= 0x00000000
x10 <= 0xfffffdde
x12 <= 0x00000000
x9 <= 0x00000000
x13 <= 0x00000000
x13 <= 0x00000000
x1 <= 0xffffffad
x11 <= 0xffffff5a
x11 <= 0xffffffad
x8 <= 0x00000000
x7 <= 0xffffffe6
x3 <= 0xffffffcc
x1 <= 0xffffffe6
x16 <= 0x00000002
x15 <= 0xfffffea8
x11 <= 0xfffffc0b
x1 <= 0xffffffe6
x16 <= 0x00000001
x15 <= 0xfffffea8
x11 <= 0xfffffc0b
x1 <= 0xffffffe6
x16 <= 0x00000000
x6 <= 0x00000000
x6 <= 0x00000000
x6 <= 0x00000000
x8 <= 0x00000000
x1 <= 0xfffffb51
x10 <= 0xffffffcb
x13 <= 0xfffff965
x12 <= 0x00000000
x2 <= 0x00000000
