x20 <= 0x00000080
x4 <= 0x00000000
x12 <= 0xfffffb89
x4 <= 0x00000000
x15 <= 0x00000000
x10 <= 0x00000000
x8 <= 0x00000000
x9 <= 0xfffffeec
x10 <= 0x00000000
x4 <= 0x00000000
x18 <= 0x00000004
x8 <= 0x00000000
x14 <= 0x00000000
x18 <= 0x00000003
x8 <= 0x00000000
x14 <= 0x00000000
x18 <= 0x00000002
x8 <= 0x00000000
x14 <= 0x00000000
x18 <= 0x00000001
x8 <= 0x00000000
x14 <= 0x00000000
x18 <= 0x00000000
x15 <= 0x0000004a
x3 <= 0x00000094
x5 <= 0x0000004a
x8 <= 0x00000000
x13 <= 0xffffff6c
x1 <= 0x00000000
x12 <= 0x00000000
x18 <= 0xffffffee
x19 <= 0xffffffef
x4 <= 0x00000000
x5 <= 0x00000000
x18 <= 0xffffffef
x4 <= 0x00000000
x5 <= 0x00000000
x18 <= 0xfffffff0
x10 <= 0x000007df
MEM[55] <= 0xffffff6c
x17 <= 0x00000001
x8 <= 0x0000022a
x2 <= 0x00000000
x17 <= 0x00000000
x15 <= 0x000003f0
x9 <= 0x00000000
x15 <= 0x0000066a
x1 <= 0xfffffe04
x19 <= 0x00000003
x14 <= 0x00000094
x15 <= 0x00000094
x2 <= 0x000005e3
x19 <= 0x00000002
x14 <= 0x00000094
x15 <= 0x00000094
x2 <= 0x000005e3
x19 <= 0x00000001
x14 <= 0x00000094
x15 <= 0x00000094
x2 <= 0x000005e3
x19 <= 0x00000000
x15 <= 0x00000094
x7 <= 0x00000000
