
==========================================================================
finish report_tns
--------------------------------------------------------------------------
tns max 0.00

==========================================================================
finish report_wns
--------------------------------------------------------------------------
wns max 0.00

==========================================================================
finish report_worst_slack
--------------------------------------------------------------------------
worst slack max 0.02

==========================================================================
finish report_clock_min_period
--------------------------------------------------------------------------
core_clock period_min = 1.03 fmax = 969.28

==========================================================================
finish report_clock_skew
--------------------------------------------------------------------------
Clock core_clock
   0.26 source latency ex_mem_alu_result[7]$_DFF_PN0_/CK ^
  -0.14 target latency u_dmem.g_row[3].u_icg.u_icg/CK ^
   0.00 CRPR
--------------
   0.12 setup skew


==========================================================================
finish report_checks -path_delay min
--------------------------------------------------------------------------
Startpoint: rst_n (input port clocked by core_clock)
Endpoint: mem_wb_wb_data[21]$_DFF_PN0_
          (removal check against rising-edge clock core_clock)
Path Group: asynchronous
Path Type: min

Fanout     Cap    Slew   Delay    Time   Description
-----------------------------------------------------------------------------
                          0.00    0.00   clock core_clock (rise edge)
                          0.00    0.00   clock network delay (propagated)
                          0.05    0.05 ^ input external delay
     1    1.21    0.00    0.00    0.05 ^ rst_n (in)
                                         rst_n (net)
                  0.00    0.00    0.05 ^ hold1070/A (CLKBUF_X1)
     1    0.97    0.01    0.02    0.08 ^ hold1070/Z (CLKBUF_X1)
                                         net1070 (net)
                  0.01    0.00    0.08 ^ hold1062/A (CLKBUF_X1)
     1    0.96    0.01    0.03    0.10 ^ hold1062/Z (CLKBUF_X1)
                                         net1062 (net)
                  0.01    0.00    0.10 ^ hold1071/A (CLKBUF_X1)
     1    1.51    0.01    0.03    0.13 ^ hold1071/Z (CLKBUF_X1)
                                         net1071 (net)
                  0.01    0.00    0.13 ^ hold1058/A (CLKBUF_X1)
     1    0.93    0.01    0.03    0.15 ^ hold1058/Z (CLKBUF_X1)
                                         net1058 (net)
                  0.01    0.00    0.15 ^ hold1063/A (CLKBUF_X1)
     1    2.07    0.01    0.03    0.18 ^ hold1063/Z (CLKBUF_X1)
                                         net1063 (net)
                  0.01    0.00    0.18 ^ hold1056/A (CLKBUF_X1)
     1    0.80    0.01    0.03    0.21 ^ hold1056/Z (CLKBUF_X1)
                                         net1056 (net)
                  0.01    0.00    0.21 ^ hold1064/A (CLKBUF_X1)
     1    1.66    0.01    0.03    0.24 ^ hold1064/Z (CLKBUF_X1)
                                         net1064 (net)
                  0.01    0.00    0.24 ^ hold1059/A (CLKBUF_X1)
     1    2.06    0.01    0.03    0.27 ^ hold1059/Z (CLKBUF_X1)
                                         net1059 (net)
                  0.01    0.00    0.27 ^ hold1065/A (CLKBUF_X1)
     1    1.86    0.01    0.03    0.30 ^ hold1065/Z (CLKBUF_X1)
                                         net1065 (net)
                  0.01    0.00    0.30 ^ input33/A (CLKBUF_X3)
     1    0.90    0.01    0.03    0.32 ^ input33/Z (CLKBUF_X3)
                                         net33 (net)
                  0.01    0.00    0.32 ^ hold1066/A (CLKBUF_X1)
     1    1.23    0.01    0.03    0.35 ^ hold1066/Z (CLKBUF_X1)
                                         net1066 (net)
                  0.01    0.00    0.35 ^ hold1060/A (CLKBUF_X1)
     1    0.94    0.01    0.03    0.37 ^ hold1060/Z (CLKBUF_X1)
                                         net1060 (net)
                  0.01    0.00    0.37 ^ hold1067/A (CLKBUF_X1)
     1    1.51    0.01    0.03    0.40 ^ hold1067/Z (CLKBUF_X1)
                                         net1067 (net)
                  0.01    0.00    0.40 ^ hold1057/A (CLKBUF_X3)
     1    0.99    0.01    0.03    0.43 ^ hold1057/Z (CLKBUF_X3)
                                         net1057 (net)
                  0.01    0.00    0.43 ^ hold1068/A (CLKBUF_X1)
     1    1.50    0.01    0.03    0.45 ^ hold1068/Z (CLKBUF_X1)
                                         net1068 (net)
                  0.01    0.00    0.45 ^ hold1061/A (CLKBUF_X3)
     4   15.64    0.02    0.04    0.49 ^ hold1061/Z (CLKBUF_X3)
                                         net1061 (net)
                  0.02    0.00    0.49 ^ place1054/A (BUF_X1)
    21   46.75    0.11    0.13    0.62 ^ place1054/Z (BUF_X1)
                                         net1054 (net)
                  0.11    0.00    0.63 ^ mem_wb_wb_data[21]$_DFF_PN0_/RN (DFFR_X1)
                                  0.63   data arrival time

                          0.00    0.00   clock core_clock (rise edge)
                          0.00    0.00   clock source latency
     2   17.46    0.00    0.00    0.00 ^ clk (in)
                                         clk (net)
                  0.00    0.00    0.00 ^ delaybuf_1_core_clock/A (CLKBUF_X3)
     1    3.50    0.01    0.03    0.03 ^ delaybuf_1_core_clock/Z (CLKBUF_X3)
                                         delaynet_1_core_clock (net)
                  0.01    0.00    0.03 ^ delaybuf_2_core_clock/A (CLKBUF_X3)
     1    3.21    0.01    0.03    0.05 ^ delaybuf_2_core_clock/Z (CLKBUF_X3)
                                         delaynet_2_core_clock (net)
                  0.01    0.00    0.05 ^ delaybuf_3_core_clock/A (CLKBUF_X3)
     1    3.36    0.01    0.03    0.08 ^ delaybuf_3_core_clock/Z (CLKBUF_X3)
                                         delaynet_3_core_clock (net)
                  0.01    0.00    0.08 ^ clkbuf_regs_0_core_clock/A (CLKBUF_X3)
     1    1.73    0.01    0.03    0.11 ^ clkbuf_regs_0_core_clock/Z (CLKBUF_X3)
                                         clk_regs (net)
                  0.01    0.00    0.11 ^ clkbuf_0_clk_regs/A (CLKBUF_X3)
     2    5.28    0.01    0.03    0.14 ^ clkbuf_0_clk_regs/Z (CLKBUF_X3)
                                         clknet_0_clk_regs (net)
                  0.01    0.00    0.14 ^ clkbuf_1_1__f_clk_regs/A (CLKBUF_X3)
     9   34.37    0.03    0.05    0.19 ^ clkbuf_1_1__f_clk_regs/Z (CLKBUF_X3)
                                         clknet_1_1__leaf_clk_regs (net)
                  0.03    0.00    0.19 ^ clkbuf_leaf_11_clk_regs/A (CLKBUF_X3)
    21   34.47    0.03    0.06    0.26 ^ clkbuf_leaf_11_clk_regs/Z (CLKBUF_X3)
                                         clknet_leaf_11_clk_regs (net)
                  0.03    0.00    0.26 ^ mem_wb_wb_data[21]$_DFF_PN0_/CK (DFFR_X1)
                          0.00    0.26   clock reconvergence pessimism
                          0.32    0.58   library removal time
                                  0.58   data required time
-----------------------------------------------------------------------------
                                  0.58   data required time
                                 -0.63   data arrival time
-----------------------------------------------------------------------------
                                  0.05   slack (MET)


Startpoint: instr_in[15] (input port clocked by core_clock)
Endpoint: if_id_instr[15]$_DFFE_PN0P_
          (rising edge-triggered flip-flop clocked by core_clock)
Path Group: core_clock
Path Type: min

Fanout     Cap    Slew   Delay    Time   Description
-----------------------------------------------------------------------------
                          0.00    0.00   clock core_clock (rise edge)
                          0.00    0.00   clock network delay (propagated)
                          0.05    0.05 ^ input external delay
     1    1.24    0.00    0.00    0.05 ^ instr_in[15] (in)
                                         instr_in[15] (net)
                  0.00    0.00    0.05 ^ hold1300/A (CLKBUF_X1)
     1    1.39    0.01    0.02    0.08 ^ hold1300/Z (CLKBUF_X1)
                                         net1300 (net)
                  0.01    0.00    0.08 ^ hold1172/A (CLKBUF_X1)
     1    0.90    0.01    0.03    0.10 ^ hold1172/Z (CLKBUF_X1)
                                         net1172 (net)
                  0.01    0.00    0.10 ^ hold1301/A (CLKBUF_X1)
     1    1.38    0.01    0.03    0.13 ^ hold1301/Z (CLKBUF_X1)
                                         net1301 (net)
                  0.01    0.00    0.13 ^ input7/A (BUF_X1)
     1    0.96    0.01    0.02    0.15 ^ input7/Z (BUF_X1)
                                         net7 (net)
                  0.01    0.00    0.15 ^ hold1302/A (CLKBUF_X1)
     1    0.88    0.01    0.02    0.17 ^ hold1302/Z (CLKBUF_X1)
                                         net1302 (net)
                  0.01    0.00    0.17 ^ hold1173/A (CLKBUF_X1)
     1    1.10    0.01    0.03    0.20 ^ hold1173/Z (CLKBUF_X1)
                                         net1173 (net)
                  0.01    0.00    0.20 ^ hold1303/A (CLKBUF_X1)
     1    2.21    0.01    0.03    0.23 ^ hold1303/Z (CLKBUF_X1)
                                         net1303 (net)
                  0.01    0.00    0.23 ^ _14446_/A1 (AOI22_X1)
     1    0.79    0.01    0.01    0.24 v _14446_/ZN (AOI22_X1)
                                         _05423_ (net)
                  0.01    0.00    0.24 v hold1174/A (CLKBUF_X1)
     1    1.57    0.01    0.03    0.27 v hold1174/Z (CLKBUF_X1)
                                         net1174 (net)
                  0.01    0.00    0.27 v _14447_/A (INV_X1)
     1    0.87    0.00    0.01    0.28 ^ _14447_/ZN (INV_X1)
                                         _00554_ (net)
                  0.00    0.00    0.28 ^ hold1175/A (CLKBUF_X1)
     1    1.23    0.01    0.03    0.30 ^ hold1175/Z (CLKBUF_X1)
                                         net1175 (net)
                  0.01    0.00    0.30 ^ if_id_instr[15]$_DFFE_PN0P_/D (DFFR_X1)
                                  0.30   data arrival time

                          0.00    0.00   clock core_clock (rise edge)
                          0.00    0.00   clock source latency
     2   17.46    0.00    0.00    0.00 ^ clk (in)
                                         clk (net)
                  0.00    0.00    0.00 ^ delaybuf_1_core_clock/A (CLKBUF_X3)
     1    3.50    0.01    0.03    0.03 ^ delaybuf_1_core_clock/Z (CLKBUF_X3)
                                         delaynet_1_core_clock (net)
                  0.01    0.00    0.03 ^ delaybuf_2_core_clock/A (CLKBUF_X3)
     1    3.21    0.01    0.03    0.05 ^ delaybuf_2_core_clock/Z (CLKBUF_X3)
                                         delaynet_2_core_clock (net)
                  0.01    0.00    0.05 ^ delaybuf_3_core_clock/A (CLKBUF_X3)
     1    3.36    0.01    0.03    0.08 ^ delaybuf_3_core_clock/Z (CLKBUF_X3)
                                         delaynet_3_core_clock (net)
                  0.01    0.00    0.08 ^ clkbuf_regs_0_core_clock/A (CLKBUF_X3)
     1    1.73    0.01    0.03    0.11 ^ clkbuf_regs_0_core_clock/Z (CLKBUF_X3)
                                         clk_regs (net)
                  0.01    0.00    0.11 ^ clkbuf_0_clk_regs/A (CLKBUF_X3)
     2    5.28    0.01    0.03    0.14 ^ clkbuf_0_clk_regs/Z (CLKBUF_X3)
                                         clknet_0_clk_regs (net)
                  0.01    0.00    0.14 ^ clkbuf_1_0__f_clk_regs/A (CLKBUF_X3)
    11   33.36    0.03    0.05    0.19 ^ clkbuf_1_0__f_clk_regs/Z (CLKBUF_X3)
                                         clknet_1_0__leaf_clk_regs (net)
                  0.03    0.00    0.19 ^ clkbuf_leaf_18_clk_regs/A (CLKBUF_X3)
    15   23.74    0.02    0.05    0.25 ^ clkbuf_leaf_18_clk_regs/Z (CLKBUF_X3)
                                         clknet_leaf_18_clk_regs (net)
                  0.02    0.00    0.25 ^ if_id_instr[15]$_DFFE_PN0P_/CK (DFFR_X1)
                          0.00    0.25   clock reconvergence pessimism
                          0.01    0.26   library hold time
                                  0.26   data required time
-----------------------------------------------------------------------------
                                  0.26   data required time
                                 -0.30   data arrival time
-----------------------------------------------------------------------------
                                  0.05   slack (MET)



==========================================================================
finish report_checks -path_delay max
--------------------------------------------------------------------------
Startpoint: rst_n (input port clocked by core_clock)
Endpoint: if_id_pc[2]$_DFFE_PN0P_
          (recovery check against rising-edge clock core_clock)
Path Group: asynchronous
Path Type: max

Fanout     Cap    Slew   Delay    Time   Description
-----------------------------------------------------------------------------
                          0.00    0.00   clock core_clock (rise edge)
                          0.00    0.00   clock network delay (propagated)
                          0.05    0.05 ^ input external delay
     1    1.21    0.00    0.00    0.05 ^ rst_n (in)
                                         rst_n (net)
                  0.00    0.00    0.05 ^ hold1070/A (CLKBUF_X1)
     1    0.97    0.01    0.02    0.08 ^ hold1070/Z (CLKBUF_X1)
                                         net1070 (net)
                  0.01    0.00    0.08 ^ hold1062/A (CLKBUF_X1)
     1    0.96    0.01    0.03    0.10 ^ hold1062/Z (CLKBUF_X1)
                                         net1062 (net)
                  0.01    0.00    0.10 ^ hold1071/A (CLKBUF_X1)
     1    1.51    0.01    0.03    0.13 ^ hold1071/Z (CLKBUF_X1)
                                         net1071 (net)
                  0.01    0.00    0.13 ^ hold1058/A (CLKBUF_X1)
     1    0.93    0.01    0.03    0.15 ^ hold1058/Z (CLKBUF_X1)
                                         net1058 (net)
                  0.01    0.00    0.15 ^ hold1063/A (CLKBUF_X1)
     1    2.07    0.01    0.03    0.18 ^ hold1063/Z (CLKBUF_X1)
                                         net1063 (net)
                  0.01    0.00    0.18 ^ hold1056/A (CLKBUF_X1)
     1    0.80    0.01    0.03    0.21 ^ hold1056/Z (CLKBUF_X1)
                                         net1056 (net)
                  0.01    0.00    0.21 ^ hold1064/A (CLKBUF_X1)
     1    1.66    0.01    0.03    0.24 ^ hold1064/Z (CLKBUF_X1)
                                         net1064 (net)
                  0.01    0.00    0.24 ^ hold1059/A (CLKBUF_X1)
     1    2.06    0.01    0.03    0.27 ^ hold1059/Z (CLKBUF_X1)
                                         net1059 (net)
                  0.01    0.00    0.27 ^ hold1065/A (CLKBUF_X1)
     1    1.86    0.01    0.03    0.30 ^ hold1065/Z (CLKBUF_X1)
                                         net1065 (net)
                  0.01    0.00    0.30 ^ input33/A (CLKBUF_X3)
     1    0.90    0.01    0.03    0.32 ^ input33/Z (CLKBUF_X3)
                                         net33 (net)
                  0.01    0.00    0.32 ^ hold1066/A (CLKBUF_X1)
     1    1.23    0.01    0.03    0.35 ^ hold1066/Z (CLKBUF_X1)
                                         net1066 (net)
                  0.01    0.00    0.35 ^ hold1060/A (CLKBUF_X1)
     1    0.94    0.01    0.03    0.37 ^ hold1060/Z (CLKBUF_X1)
                                         net1060 (net)
                  0.01    0.00    0.37 ^ hold1067/A (CLKBUF_X1)
     1    1.51    0.01    0.03    0.40 ^ hold1067/Z (CLKBUF_X1)
                                         net1067 (net)
                  0.01    0.00    0.40 ^ hold1057/A (CLKBUF_X3)
     1    0.99    0.01    0.03    0.43 ^ hold1057/Z (CLKBUF_X3)
                                         net1057 (net)
                  0.01    0.00    0.43 ^ hold1068/A (CLKBUF_X1)
     1    1.50    0.01    0.03    0.45 ^ hold1068/Z (CLKBUF_X1)
                                         net1068 (net)
                  0.01    0.00    0.45 ^ hold1061/A (CLKBUF_X3)
     4   15.64    0.02    0.04    0.49 ^ hold1061/Z (CLKBUF_X3)
                                         net1061 (net)
                  0.02    0.00    0.49 ^ place1053/A (BUF_X4)
    56  123.46    0.06    0.08    0.57 ^ place1053/Z (BUF_X4)
                                         net1053 (net)
                  0.07    0.03    0.60 ^ place1051/A (BUF_X1)
    23   47.30    0.11    0.14    0.74 ^ place1051/Z (BUF_X1)
                                         net1051 (net)
                  0.11    0.00    0.74 ^ if_id_pc[2]$_DFFE_PN0P_/RN (DFFR_X1)
                                  0.74   data arrival time

                          1.05    1.05   clock core_clock (rise edge)
                          0.00    1.05   clock source latency
     2   17.46    0.00    0.00    1.05 ^ clk (in)
                                         clk (net)
                  0.00    0.00    1.05 ^ delaybuf_1_core_clock/A (CLKBUF_X3)
     1    3.50    0.01    0.03    1.08 ^ delaybuf_1_core_clock/Z (CLKBUF_X3)
                                         delaynet_1_core_clock (net)
                  0.01    0.00    1.08 ^ delaybuf_2_core_clock/A (CLKBUF_X3)
     1    3.21    0.01    0.03    1.10 ^ delaybuf_2_core_clock/Z (CLKBUF_X3)
                                         delaynet_2_core_clock (net)
                  0.01    0.00    1.10 ^ delaybuf_3_core_clock/A (CLKBUF_X3)
     1    3.36    0.01    0.03    1.13 ^ delaybuf_3_core_clock/Z (CLKBUF_X3)
                                         delaynet_3_core_clock (net)
                  0.01    0.00    1.13 ^ clkbuf_regs_0_core_clock/A (CLKBUF_X3)
     1    1.73    0.01    0.03    1.16 ^ clkbuf_regs_0_core_clock/Z (CLKBUF_X3)
                                         clk_regs (net)
                  0.01    0.00    1.16 ^ clkbuf_0_clk_regs/A (CLKBUF_X3)
     2    5.28    0.01    0.03    1.19 ^ clkbuf_0_clk_regs/Z (CLKBUF_X3)
                                         clknet_0_clk_regs (net)
                  0.01    0.00    1.19 ^ clkbuf_1_0__f_clk_regs/A (CLKBUF_X3)
    11   33.36    0.03    0.05    1.24 ^ clkbuf_1_0__f_clk_regs/Z (CLKBUF_X3)
                                         clknet_1_0__leaf_clk_regs (net)
                  0.03    0.00    1.24 ^ clkbuf_leaf_1_clk_regs/A (CLKBUF_X3)
    21   27.51    0.02    0.06    1.30 ^ clkbuf_leaf_1_clk_regs/Z (CLKBUF_X3)
                                         clknet_leaf_1_clk_regs (net)
                  0.02    0.00    1.30 ^ if_id_pc[2]$_DFFE_PN0P_/CK (DFFR_X1)
                          0.00    1.30   clock reconvergence pessimism
                          0.04    1.34   library recovery time
                                  1.34   data required time
-----------------------------------------------------------------------------
                                  1.34   data required time
                                 -0.74   data arrival time
-----------------------------------------------------------------------------
                                  0.60   slack (MET)


Startpoint: id_ex_sel_b[1]$_DFF_PN0_
            (rising edge-triggered flip-flop clocked by core_clock)
Endpoint: ex_mem_alu_result[30]$_DFF_PN0_
          (rising edge-triggered flip-flop clocked by core_clock)
Path Group: core_clock
Path Type: max

Fanout     Cap    Slew   Delay    Time   Description
-----------------------------------------------------------------------------
                          0.00    0.00   clock core_clock (rise edge)
                          0.00    0.00   clock source latency
     2   17.46    0.00    0.00    0.00 ^ clk (in)
                                         clk (net)
                  0.00    0.00    0.00 ^ delaybuf_1_core_clock/A (CLKBUF_X3)
     1    3.50    0.01    0.03    0.03 ^ delaybuf_1_core_clock/Z (CLKBUF_X3)
                                         delaynet_1_core_clock (net)
                  0.01    0.00    0.03 ^ delaybuf_2_core_clock/A (CLKBUF_X3)
     1    3.21    0.01    0.03    0.05 ^ delaybuf_2_core_clock/Z (CLKBUF_X3)
                                         delaynet_2_core_clock (net)
                  0.01    0.00    0.05 ^ delaybuf_3_core_clock/A (CLKBUF_X3)
     1    3.36    0.01    0.03    0.08 ^ delaybuf_3_core_clock/Z (CLKBUF_X3)
                                         delaynet_3_core_clock (net)
                  0.01    0.00    0.08 ^ clkbuf_regs_0_core_clock/A (CLKBUF_X3)
     1    1.73    0.01    0.03    0.11 ^ clkbuf_regs_0_core_clock/Z (CLKBUF_X3)
                                         clk_regs (net)
                  0.01    0.00    0.11 ^ clkbuf_0_clk_regs/A (CLKBUF_X3)
     2    5.28    0.01    0.03    0.14 ^ clkbuf_0_clk_regs/Z (CLKBUF_X3)
                                         clknet_0_clk_regs (net)
                  0.01    0.00    0.14 ^ clkbuf_1_1__f_clk_regs/A (CLKBUF_X3)
     9   34.37    0.03    0.05    0.19 ^ clkbuf_1_1__f_clk_regs/Z (CLKBUF_X3)
                                         clknet_1_1__leaf_clk_regs (net)
                  0.03    0.00    0.19 ^ clkbuf_leaf_15_clk_regs/A (CLKBUF_X3)
    21   27.41    0.02    0.06    0.25 ^ clkbuf_leaf_15_clk_regs/Z (CLKBUF_X3)
                                         clknet_leaf_15_clk_regs (net)
                  0.02    0.00    0.25 ^ id_ex_sel_b[1]$_DFF_PN0_/CK (DFFR_X1)
     3    7.41    0.01    0.10    0.35 v id_ex_sel_b[1]$_DFF_PN0_/Q (DFFR_X1)
                                         id_ex_sel_b[1] (net)
                  0.01    0.00    0.35 v place984/A (BUF_X1)
     3    8.63    0.01    0.04    0.39 v place984/Z (BUF_X1)
                                         net984 (net)
                  0.01    0.00    0.39 v _09434_/B1 (AOI22_X2)
     1    4.93    0.03    0.05    0.44 ^ _09434_/ZN (AOI22_X2)
                                         _00780_ (net)
                  0.03    0.00    0.44 ^ _09435_/A2 (NAND2_X2)
     2    6.81    0.01    0.02    0.46 v _09435_/ZN (NAND2_X2)
                                         _00781_ (net)
                  0.01    0.00    0.46 v _09445_/A3 (NOR4_X4)
     3   11.47    0.05    0.09    0.55 ^ _09445_/ZN (NOR4_X4)
                                         _00791_ (net)
                  0.05    0.00    0.55 ^ _09487_/A2 (NAND4_X2)
     2    4.40    0.02    0.04    0.60 v _09487_/ZN (NAND4_X2)
                                         _00829_ (net)
                  0.02    0.00    0.60 v _09504_/A1 (NOR2_X2)
     2    6.55    0.02    0.04    0.63 ^ _09504_/ZN (NOR2_X2)
                                         _00846_ (net)
                  0.02    0.00    0.63 ^ _09529_/B1 (AOI21_X2)
     2    3.48    0.01    0.02    0.65 v _09529_/ZN (AOI21_X2)
                                         _00871_ (net)
                  0.01    0.00    0.65 v place649/A (BUF_X1)
     3   10.21    0.01    0.04    0.69 v place649/Z (BUF_X1)
                                         net649 (net)
                  0.01    0.00    0.69 v _09552_/A1 (NOR2_X4)
     4    8.51    0.02    0.03    0.72 ^ _09552_/ZN (NOR2_X4)
                                         _00894_ (net)
                  0.02    0.00    0.72 ^ _09659_/A (XNOR2_X1)
     1    3.64    0.03    0.05    0.77 ^ _09659_/ZN (XNOR2_X1)
                                         _00304_ (net)
                  0.03    0.00    0.77 ^ _15326_/B (HA_X1)
     2    4.01    0.03    0.06    0.83 ^ _15326_/S (HA_X1)
                                         _00306_ (net)
                  0.03    0.00    0.83 ^ _11749_/A (INV_X1)
     3    8.43    0.01    0.02    0.85 v _11749_/ZN (INV_X1)
                                         _02900_ (net)
                  0.01    0.00    0.85 v _11773_/A2 (NOR3_X4)
     2    5.96    0.03    0.05    0.90 ^ _11773_/ZN (NOR3_X4)
                                         _02924_ (net)
                  0.03    0.00    0.90 ^ _11774_/A3 (NAND3_X2)
     3    6.84    0.02    0.03    0.93 v _11774_/ZN (NAND3_X2)
                                         _02925_ (net)
                  0.02    0.00    0.93 v _11775_/A1 (NOR3_X2)
     1    1.90    0.02    0.03    0.96 ^ _11775_/ZN (NOR3_X2)
                                         _02926_ (net)
                  0.02    0.00    0.96 ^ _11776_/A (INV_X1)
     3    5.43    0.01    0.02    0.98 v _11776_/ZN (INV_X1)
                                         _02927_ (net)
                  0.01    0.00    0.98 v _11777_/A4 (OR4_X2)
     1    1.53    0.02    0.11    1.08 v _11777_/ZN (OR4_X2)
                                         _02928_ (net)
                  0.02    0.00    1.08 v _11826_/B1 (OAI33_X1)
     1    2.60    0.06    0.07    1.16 ^ _11826_/ZN (OAI33_X1)
                                         _02977_ (net)
                  0.06    0.00    1.16 ^ _11827_/S (MUX2_X1)
     1    1.69    0.01    0.06    1.22 v _11827_/Z (MUX2_X1)
                                         _02978_ (net)
                  0.01    0.00    1.22 v _11851_/A (OAI221_X1)
     1    1.39    0.04    0.02    1.24 ^ _11851_/ZN (OAI221_X1)
                                         _00023_ (net)
                  0.04    0.00    1.24 ^ ex_mem_alu_result[30]$_DFF_PN0_/D (DFFR_X1)
                                  1.24   data arrival time

                          1.05    1.05   clock core_clock (rise edge)
                          0.00    1.05   clock source latency
     2   17.46    0.00    0.00    1.05 ^ clk (in)
                                         clk (net)
                  0.00    0.00    1.05 ^ delaybuf_1_core_clock/A (CLKBUF_X3)
     1    3.50    0.01    0.03    1.08 ^ delaybuf_1_core_clock/Z (CLKBUF_X3)
                                         delaynet_1_core_clock (net)
                  0.01    0.00    1.08 ^ delaybuf_2_core_clock/A (CLKBUF_X3)
     1    3.21    0.01    0.03    1.10 ^ delaybuf_2_core_clock/Z (CLKBUF_X3)
                                         delaynet_2_core_clock (net)
                  0.01    0.00    1.10 ^ delaybuf_3_core_clock/A (CLKBUF_X3)
     1    3.36    0.01    0.03    1.13 ^ delaybuf_3_core_clock/Z (CLKBUF_X3)
                                         delaynet_3_core_clock (net)
                  0.01    0.00    1.13 ^ clkbuf_regs_0_core_clock/A (CLKBUF_X3)
     1    1.73    0.01    0.03    1.16 ^ clkbuf_regs_0_core_clock/Z (CLKBUF_X3)
                                         clk_regs (net)
                  0.01    0.00    1.16 ^ clkbuf_0_clk_regs/A (CLKBUF_X3)
     2    5.28    0.01    0.03    1.19 ^ clkbuf_0_clk_regs/Z (CLKBUF_X3)
                                         clknet_0_clk_regs (net)
                  0.01    0.00    1.19 ^ clkbuf_1_1__f_clk_regs/A (CLKBUF_X3)
     9   34.37    0.03    0.05    1.24 ^ clkbuf_1_1__f_clk_regs/Z (CLKBUF_X3)
                                         clknet_1_1__leaf_clk_regs (net)
                  0.03    0.00    1.24 ^ clkbuf_leaf_10_clk_regs/A (CLKBUF_X3)
    20   26.89    0.02    0.06    1.30 ^ clkbuf_leaf_10_clk_regs/Z (CLKBUF_X3)
                                         clknet_leaf_10_clk_regs (net)
                  0.02    0.00    1.30 ^ ex_mem_alu_result[30]$_DFF_PN0_/CK (DFFR_X1)
                          0.00    1.30   clock reconvergence pessimism
                         -0.04    1.26   library setup time
                                  1.26   data required time
-----------------------------------------------------------------------------
                                  1.26   data required time
                                 -1.24   data arrival time
-----------------------------------------------------------------------------
                                  0.02   slack (MET)



==========================================================================
finish report_checks -unconstrained
--------------------------------------------------------------------------
Startpoint: rst_n (input port clocked by core_clock)
Endpoint: if_id_pc[2]$_DFFE_PN0P_
          (recovery check against rising-edge clock core_clock)
Path Group: asynchronous
Path Type: max

Fanout     Cap    Slew   Delay    Time   Description
-----------------------------------------------------------------------------
                          0.00    0.00   clock core_clock (rise edge)
                          0.00    0.00   clock network delay (propagated)
                          0.05    0.05 ^ input external delay
     1    1.21    0.00    0.00    0.05 ^ rst_n (in)
                                         rst_n (net)
                  0.00    0.00    0.05 ^ hold1070/A (CLKBUF_X1)
     1    0.97    0.01    0.02    0.08 ^ hold1070/Z (CLKBUF_X1)
                                         net1070 (net)
                  0.01    0.00    0.08 ^ hold1062/A (CLKBUF_X1)
     1    0.96    0.01    0.03    0.10 ^ hold1062/Z (CLKBUF_X1)
                                         net1062 (net)
                  0.01    0.00    0.10 ^ hold1071/A (CLKBUF_X1)
     1    1.51    0.01    0.03    0.13 ^ hold1071/Z (CLKBUF_X1)
                                         net1071 (net)
                  0.01    0.00    0.13 ^ hold1058/A (CLKBUF_X1)
     1    0.93    0.01    0.03    0.15 ^ hold1058/Z (CLKBUF_X1)
                                         net1058 (net)
                  0.01    0.00    0.15 ^ hold1063/A (CLKBUF_X1)
     1    2.07    0.01    0.03    0.18 ^ hold1063/Z (CLKBUF_X1)
                                         net1063 (net)
                  0.01    0.00    0.18 ^ hold1056/A (CLKBUF_X1)
     1    0.80    0.01    0.03    0.21 ^ hold1056/Z (CLKBUF_X1)
                                         net1056 (net)
                  0.01    0.00    0.21 ^ hold1064/A (CLKBUF_X1)
     1    1.66    0.01    0.03    0.24 ^ hold1064/Z (CLKBUF_X1)
                                         net1064 (net)
                  0.01    0.00    0.24 ^ hold1059/A (CLKBUF_X1)
     1    2.06    0.01    0.03    0.27 ^ hold1059/Z (CLKBUF_X1)
                                         net1059 (net)
                  0.01    0.00    0.27 ^ hold1065/A (CLKBUF_X1)
     1    1.86    0.01    0.03    0.30 ^ hold1065/Z (CLKBUF_X1)
                                         net1065 (net)
                  0.01    0.00    0.30 ^ input33/A (CLKBUF_X3)
     1    0.90    0.01    0.03    0.32 ^ input33/Z (CLKBUF_X3)
                                         net33 (net)
                  0.01    0.00    0.32 ^ hold1066/A (CLKBUF_X1)
     1    1.23    0.01    0.03    0.35 ^ hold1066/Z (CLKBUF_X1)
                                         net1066 (net)
                  0.01    0.00    0.35 ^ hold1060/A (CLKBUF_X1)
     1    0.94    0.01    0.03    0.37 ^ hold1060/Z (CLKBUF_X1)
                                         net1060 (net)
                  0.01    0.00    0.37 ^ hold1067/A (CLKBUF_X1)
     1    1.51    0.01    0.03    0.40 ^ hold1067/Z (CLKBUF_X1)
                                         net1067 (net)
                  0.01    0.00    0.40 ^ hold1057/A (CLKBUF_X3)
     1    0.99    0.01    0.03    0.43 ^ hold1057/Z (CLKBUF_X3)
                                         net1057 (net)
                  0.01    0.00    0.43 ^ hold1068/A (CLKBUF_X1)
     1    1.50    0.01    0.03    0.45 ^ hold1068/Z (CLKBUF_X1)
                                         net1068 (net)
                  0.01    0.00    0.45 ^ hold1061/A (CLKBUF_X3)
     4   15.64    0.02    0.04    0.49 ^ hold1061/Z (CLKBUF_X3)
                                         net1061 (net)
                  0.02    0.00    0.49 ^ place1053/A (BUF_X4)
    56  123.46    0.06    0.08    0.57 ^ place1053/Z (BUF_X4)
                                         net1053 (net)
                  0.07    0.03    0.60 ^ place1051/A (BUF_X1)
    23   47.30    0.11    0.14    0.74 ^ place1051/Z (BUF_X1)
                                         net1051 (net)
                  0.11    0.00    0.74 ^ if_id_pc[2]$_DFFE_PN0P_/RN (DFFR_X1)
                                  0.74   data arrival time

                          1.05    1.05   clock core_clock (rise edge)
                          0.00    1.05   clock source latency
     2   17.46    0.00    0.00    1.05 ^ clk (in)
                                         clk (net)
                  0.00    0.00    1.05 ^ delaybuf_1_core_clock/A (CLKBUF_X3)
     1    3.50    0.01    0.03    1.08 ^ delaybuf_1_core_clock/Z (CLKBUF_X3)
                                         delaynet_1_core_clock (net)
                  0.01    0.00    1.08 ^ delaybuf_2_core_clock/A (CLKBUF_X3)
     1    3.21    0.01    0.03    1.10 ^ delaybuf_2_core_clock/Z (CLKBUF_X3)
                                         delaynet_2_core_clock (net)
                  0.01    0.00    1.10 ^ delaybuf_3_core_clock/A (CLKBUF_X3)
     1    3.36    0.01    0.03    1.13 ^ delaybuf_3_core_clock/Z (CLKBUF_X3)
                                         delaynet_3_core_clock (net)
                  0.01    0.00    1.13 ^ clkbuf_regs_0_core_clock/A (CLKBUF_X3)
     1    1.73    0.01    0.03    1.16 ^ clkbuf_regs_0_core_clock/Z (CLKBUF_X3)
                                         clk_regs (net)
                  0.01    0.00    1.16 ^ clkbuf_0_clk_regs/A (CLKBUF_X3)
     2    5.28    0.01    0.03    1.19 ^ clkbuf_0_clk_regs/Z (CLKBUF_X3)
                                         clknet_0_clk_regs (net)
                  0.01    0.00    1.19 ^ clkbuf_1_0__f_clk_regs/A (CLKBUF_X3)
    11   33.36    0.03    0.05    1.24 ^ clkbuf_1_0__f_clk_regs/Z (CLKBUF_X3)
                                         clknet_1_0__leaf_clk_regs (net)
                  0.03    0.00    1.24 ^ clkbuf_leaf_1_clk_regs/A (CLKBUF_X3)
    21   27.51    0.02    0.06    1.30 ^ clkbuf_leaf_1_clk_regs/Z (CLKBUF_X3)
                                         clknet_leaf_1_clk_regs (net)
                  0.02    0.00    1.30 ^ if_id_pc[2]$_DFFE_PN0P_/CK (DFFR_X1)
                          0.00    1.30   clock reconvergence pessimism
                          0.04    1.34   library recovery time
                                  1.34   data required time
-----------------------------------------------------------------------------
                                  1.34   data required time
                                 -0.74   data arrival time
-----------------------------------------------------------------------------
                                  0.60   slack (MET)


Startpoint: id_ex_sel_b[1]$_DFF_PN0_
            (rising edge-triggered flip-flop clocked by core_clock)
Endpoint: ex_mem_alu_result[30]$_DFF_PN0_
          (rising edge-triggered flip-flop clocked by core_clock)
Path Group: core_clock
Path Type: max

Fanout     Cap    Slew   Delay    Time   Description
-----------------------------------------------------------------------------
                          0.00    0.00   clock core_clock (rise edge)
                          0.00    0.00   clock source latency
     2   17.46    0.00    0.00    0.00 ^ clk (in)
                                         clk (net)
                  0.00    0.00    0.00 ^ delaybuf_1_core_clock/A (CLKBUF_X3)
     1    3.50    0.01    0.03    0.03 ^ delaybuf_1_core_clock/Z (CLKBUF_X3)
                                         delaynet_1_core_clock (net)
                  0.01    0.00    0.03 ^ delaybuf_2_core_clock/A (CLKBUF_X3)
     1    3.21    0.01    0.03    0.05 ^ delaybuf_2_core_clock/Z (CLKBUF_X3)
                                         delaynet_2_core_clock (net)
                  0.01    0.00    0.05 ^ delaybuf_3_core_clock/A (CLKBUF_X3)
     1    3.36    0.01    0.03    0.08 ^ delaybuf_3_core_clock/Z (CLKBUF_X3)
                                         delaynet_3_core_clock (net)
                  0.01    0.00    0.08 ^ clkbuf_regs_0_core_clock/A (CLKBUF_X3)
     1    1.73    0.01    0.03    0.11 ^ clkbuf_regs_0_core_clock/Z (CLKBUF_X3)
                                         clk_regs (net)
                  0.01    0.00    0.11 ^ clkbuf_0_clk_regs/A (CLKBUF_X3)
     2    5.28    0.01    0.03    0.14 ^ clkbuf_0_clk_regs/Z (CLKBUF_X3)
                                         clknet_0_clk_regs (net)
                  0.01    0.00    0.14 ^ clkbuf_1_1__f_clk_regs/A (CLKBUF_X3)
     9   34.37    0.03    0.05    0.19 ^ clkbuf_1_1__f_clk_regs/Z (CLKBUF_X3)
                                         clknet_1_1__leaf_clk_regs (net)
                  0.03    0.00    0.19 ^ clkbuf_leaf_15_clk_regs/A (CLKBUF_X3)
    21   27.41    0.02    0.06    0.25 ^ clkbuf_leaf_15_clk_regs/Z (CLKBUF_X3)
                                         clknet_leaf_15_clk_regs (net)
                  0.02    0.00    0.25 ^ id_ex_sel_b[1]$_DFF_PN0_/CK (DFFR_X1)
     3    7.41    0.01    0.10    0.35 v id_ex_sel_b[1]$_DFF_PN0_/Q (DFFR_X1)
                                         id_ex_sel_b[1] (net)
                  0.01    0.00    0.35 v place984/A (BUF_X1)
     3    8.63    0.01    0.04    0.39 v place984/Z (BUF_X1)
                                         net984 (net)
                  0.01    0.00    0.39 v _09434_/B1 (AOI22_X2)
     1    4.93    0.03    0.05    0.44 ^ _09434_/ZN (AOI22_X2)
                                         _00780_ (net)
                  0.03    0.00    0.44 ^ _09435_/A2 (NAND2_X2)
     2    6.81    0.01    0.02    0.46 v _09435_/ZN (NAND2_X2)
                                         _00781_ (net)
                  0.01    0.00    0.46 v _09445_/A3 (NOR4_X4)
     3   11.47    0.05    0.09    0.55 ^ _09445_/ZN (NOR4_X4)
                                         _00791_ (net)
                  0.05    0.00    0.55 ^ _09487_/A2 (NAND4_X2)
     2    4.40    0.02    0.04    0.60 v _09487_/ZN (NAND4_X2)
                                         _00829_ (net)
                  0.02    0.00    0.60 v _09504_/A1 (NOR2_X2)
     2    6.55    0.02    0.04    0.63 ^ _09504_/ZN (NOR2_X2)
                                         _00846_ (net)
                  0.02    0.00    0.63 ^ _09529_/B1 (AOI21_X2)
     2    3.48    0.01    0.02    0.65 v _09529_/ZN (AOI21_X2)
                                         _00871_ (net)
                  0.01    0.00    0.65 v place649/A (BUF_X1)
     3   10.21    0.01    0.04    0.69 v place649/Z (BUF_X1)
                                         net649 (net)
                  0.01    0.00    0.69 v _09552_/A1 (NOR2_X4)
     4    8.51    0.02    0.03    0.72 ^ _09552_/ZN (NOR2_X4)
                                         _00894_ (net)
                  0.02    0.00    0.72 ^ _09659_/A (XNOR2_X1)
     1    3.64    0.03    0.05    0.77 ^ _09659_/ZN (XNOR2_X1)
                                         _00304_ (net)
                  0.03    0.00    0.77 ^ _15326_/B (HA_X1)
     2    4.01    0.03    0.06    0.83 ^ _15326_/S (HA_X1)
                                         _00306_ (net)
                  0.03    0.00    0.83 ^ _11749_/A (INV_X1)
     3    8.43    0.01    0.02    0.85 v _11749_/ZN (INV_X1)
                                         _02900_ (net)
                  0.01    0.00    0.85 v _11773_/A2 (NOR3_X4)
     2    5.96    0.03    0.05    0.90 ^ _11773_/ZN (NOR3_X4)
                                         _02924_ (net)
                  0.03    0.00    0.90 ^ _11774_/A3 (NAND3_X2)
     3    6.84    0.02    0.03    0.93 v _11774_/ZN (NAND3_X2)
                                         _02925_ (net)
                  0.02    0.00    0.93 v _11775_/A1 (NOR3_X2)
     1    1.90    0.02    0.03    0.96 ^ _11775_/ZN (NOR3_X2)
                                         _02926_ (net)
                  0.02    0.00    0.96 ^ _11776_/A (INV_X1)
     3    5.43    0.01    0.02    0.98 v _11776_/ZN (INV_X1)
                                         _02927_ (net)
                  0.01    0.00    0.98 v _11777_/A4 (OR4_X2)
     1    1.53    0.02    0.11    1.08 v _11777_/ZN (OR4_X2)
                                         _02928_ (net)
                  0.02    0.00    1.08 v _11826_/B1 (OAI33_X1)
     1    2.60    0.06    0.07    1.16 ^ _11826_/ZN (OAI33_X1)
                                         _02977_ (net)
                  0.06    0.00    1.16 ^ _11827_/S (MUX2_X1)
     1    1.69    0.01    0.06    1.22 v _11827_/Z (MUX2_X1)
                                         _02978_ (net)
                  0.01    0.00    1.22 v _11851_/A (OAI221_X1)
     1    1.39    0.04    0.02    1.24 ^ _11851_/ZN (OAI221_X1)
                                         _00023_ (net)
                  0.04    0.00    1.24 ^ ex_mem_alu_result[30]$_DFF_PN0_/D (DFFR_X1)
                                  1.24   data arrival time

                          1.05    1.05   clock core_clock (rise edge)
                          0.00    1.05   clock source latency
     2   17.46    0.00    0.00    1.05 ^ clk (in)
                                         clk (net)
                  0.00    0.00    1.05 ^ delaybuf_1_core_clock/A (CLKBUF_X3)
     1    3.50    0.01    0.03    1.08 ^ delaybuf_1_core_clock/Z (CLKBUF_X3)
                                         delaynet_1_core_clock (net)
                  0.01    0.00    1.08 ^ delaybuf_2_core_clock/A (CLKBUF_X3)
     1    3.21    0.01    0.03    1.10 ^ delaybuf_2_core_clock/Z (CLKBUF_X3)
                                         delaynet_2_core_clock (net)
                  0.01    0.00    1.10 ^ delaybuf_3_core_clock/A (CLKBUF_X3)
     1    3.36    0.01    0.03    1.13 ^ delaybuf_3_core_clock/Z (CLKBUF_X3)
                                         delaynet_3_core_clock (net)
                  0.01    0.00    1.13 ^ clkbuf_regs_0_core_clock/A (CLKBUF_X3)
     1    1.73    0.01    0.03    1.16 ^ clkbuf_regs_0_core_clock/Z (CLKBUF_X3)
                                         clk_regs (net)
                  0.01    0.00    1.16 ^ clkbuf_0_clk_regs/A (CLKBUF_X3)
     2    5.28    0.01    0.03    1.19 ^ clkbuf_0_clk_regs/Z (CLKBUF_X3)
                                         clknet_0_clk_regs (net)
                  0.01    0.00    1.19 ^ clkbuf_1_1__f_clk_regs/A (CLKBUF_X3)
     9   34.37    0.03    0.05    1.24 ^ clkbuf_1_1__f_clk_regs/Z (CLKBUF_X3)
                                         clknet_1_1__leaf_clk_regs (net)
                  0.03    0.00    1.24 ^ clkbuf_leaf_10_clk_regs/A (CLKBUF_X3)
    20   26.89    0.02    0.06    1.30 ^ clkbuf_leaf_10_clk_regs/Z (CLKBUF_X3)
                                         clknet_leaf_10_clk_regs (net)
                  0.02    0.00    1.30 ^ ex_mem_alu_result[30]$_DFF_PN0_/CK (DFFR_X1)
                          0.00    1.30   clock reconvergence pessimism
                         -0.04    1.26   library setup time
                                  1.26   data required time
-----------------------------------------------------------------------------
                                  1.26   data required time
                                 -1.24   data arrival time
-----------------------------------------------------------------------------
                                  0.02   slack (MET)



==========================================================================
finish report_check_types -max_slew -max_cap -max_fanout -violators
--------------------------------------------------------------------------
max capacitance

Pin                                    Limit     Cap   Slack
------------------------------------------------------------
_10662_/ZN                             10.47   11.49   -1.01 (VIOLATED)


==========================================================================
finish max_slew_check_slack
--------------------------------------------------------------------------
0.0672580897808075

==========================================================================
finish max_slew_check_limit
--------------------------------------------------------------------------
0.1985349953174591

==========================================================================
finish max_slew_check_slack_limit
--------------------------------------------------------------------------
0.3388

==========================================================================
finish max_fanout_check_slack
--------------------------------------------------------------------------
1.0000000150474662e+30

==========================================================================
finish max_fanout_check_limit
--------------------------------------------------------------------------
1.0000000150474662e+30

==========================================================================
finish max_capacitance_check_slack
--------------------------------------------------------------------------
-1.0137146711349487

==========================================================================
finish max_capacitance_check_limit
--------------------------------------------------------------------------
10.47130012512207

==========================================================================
finish max_capacitance_check_slack_limit
--------------------------------------------------------------------------
-0.0968

==========================================================================
finish max_slew_violation_count
--------------------------------------------------------------------------
max slew violation count 0

==========================================================================
finish max_fanout_violation_count
--------------------------------------------------------------------------
max fanout violation count 0

==========================================================================
finish max_cap_violation_count
--------------------------------------------------------------------------
max cap violation count 1

==========================================================================
finish setup_violation_count
--------------------------------------------------------------------------
setup violation count 0

==========================================================================
finish hold_violation_count
--------------------------------------------------------------------------
hold violation count 0

==========================================================================
finish report_checks -path_delay max reg to reg
--------------------------------------------------------------------------
Startpoint: id_ex_sel_b[1]$_DFF_PN0_
            (rising edge-triggered flip-flop clocked by core_clock)
Endpoint: ex_mem_alu_result[30]$_DFF_PN0_
          (rising edge-triggered flip-flop clocked by core_clock)
Path Group: core_clock
Path Type: max

  Delay    Time   Description
---------------------------------------------------------
   0.00    0.00   clock core_clock (rise edge)
   0.00    0.00   clock source latency
   0.00    0.00 ^ clk (in)
   0.03    0.03 ^ delaybuf_1_core_clock/Z (CLKBUF_X3)
   0.03    0.05 ^ delaybuf_2_core_clock/Z (CLKBUF_X3)
   0.03    0.08 ^ delaybuf_3_core_clock/Z (CLKBUF_X3)
   0.03    0.11 ^ clkbuf_regs_0_core_clock/Z (CLKBUF_X3)
   0.03    0.14 ^ clkbuf_0_clk_regs/Z (CLKBUF_X3)
   0.05    0.19 ^ clkbuf_1_1__f_clk_regs/Z (CLKBUF_X3)
   0.06    0.25 ^ clkbuf_leaf_15_clk_regs/Z (CLKBUF_X3)
   0.00    0.25 ^ id_ex_sel_b[1]$_DFF_PN0_/CK (DFFR_X1)
   0.10    0.35 v id_ex_sel_b[1]$_DFF_PN0_/Q (DFFR_X1)
   0.04    0.39 v place984/Z (BUF_X1)
   0.05    0.44 ^ _09434_/ZN (AOI22_X2)
   0.02    0.46 v _09435_/ZN (NAND2_X2)
   0.09    0.55 ^ _09445_/ZN (NOR4_X4)
   0.04    0.60 v _09487_/ZN (NAND4_X2)
   0.04    0.63 ^ _09504_/ZN (NOR2_X2)
   0.02    0.65 v _09529_/ZN (AOI21_X2)
   0.04    0.69 v place649/Z (BUF_X1)
   0.03    0.72 ^ _09552_/ZN (NOR2_X4)
   0.05    0.77 ^ _09659_/ZN (XNOR2_X1)
   0.06    0.83 ^ _15326_/S (HA_X1)
   0.02    0.85 v _11749_/ZN (INV_X1)
   0.05    0.90 ^ _11773_/ZN (NOR3_X4)
   0.03    0.93 v _11774_/ZN (NAND3_X2)
   0.03    0.96 ^ _11775_/ZN (NOR3_X2)
   0.02    0.98 v _11776_/ZN (INV_X1)
   0.11    1.08 v _11777_/ZN (OR4_X2)
   0.07    1.16 ^ _11826_/ZN (OAI33_X1)
   0.06    1.22 v _11827_/Z (MUX2_X1)
   0.02    1.24 ^ _11851_/ZN (OAI221_X1)
   0.00    1.24 ^ ex_mem_alu_result[30]$_DFF_PN0_/D (DFFR_X1)
           1.24   data arrival time

   1.05    1.05   clock core_clock (rise edge)
   0.00    1.05   clock source latency
   0.00    1.05 ^ clk (in)
   0.03    1.08 ^ delaybuf_1_core_clock/Z (CLKBUF_X3)
   0.03    1.10 ^ delaybuf_2_core_clock/Z (CLKBUF_X3)
   0.03    1.13 ^ delaybuf_3_core_clock/Z (CLKBUF_X3)
   0.03    1.16 ^ clkbuf_regs_0_core_clock/Z (CLKBUF_X3)
   0.03    1.19 ^ clkbuf_0_clk_regs/Z (CLKBUF_X3)
   0.05    1.24 ^ clkbuf_1_1__f_clk_regs/Z (CLKBUF_X3)
   0.06    1.30 ^ clkbuf_leaf_10_clk_regs/Z (CLKBUF_X3)
   0.00    1.30 ^ ex_mem_alu_result[30]$_DFF_PN0_/CK (DFFR_X1)
   0.00    1.30   clock reconvergence pessimism
  -0.04    1.26   library setup time
           1.26   data required time
---------------------------------------------------------
           1.26   data required time
          -1.24   data arrival time
---------------------------------------------------------
           0.02   slack (MET)



==========================================================================
finish report_checks -path_delay min reg to reg
--------------------------------------------------------------------------
Startpoint: ex_mem_write_data[0]$_DFF_PN0_
            (rising edge-triggered flip-flop clocked by core_clock)
Endpoint: u_dmem.ram[39][0]$_DFF_P_
          (rising edge-triggered flip-flop clocked by core_clock)
Path Group: core_clock
Path Type: min

  Delay    Time   Description
---------------------------------------------------------
   0.00    0.00   clock core_clock (rise edge)
   0.00    0.00   clock source latency
   0.00    0.00 ^ clk (in)
   0.03    0.03 ^ delaybuf_1_core_clock/Z (CLKBUF_X3)
   0.03    0.05 ^ delaybuf_2_core_clock/Z (CLKBUF_X3)
   0.03    0.08 ^ delaybuf_3_core_clock/Z (CLKBUF_X3)
   0.03    0.11 ^ clkbuf_regs_0_core_clock/Z (CLKBUF_X3)
   0.03    0.14 ^ clkbuf_0_clk_regs/Z (CLKBUF_X3)
   0.05    0.19 ^ clkbuf_1_1__f_clk_regs/Z (CLKBUF_X3)
   0.06    0.25 ^ clkbuf_leaf_13_clk_regs/Z (CLKBUF_X3)
   0.00    0.25 ^ ex_mem_write_data[0]$_DFF_PN0_/CK (DFFR_X1)
   0.12    0.37 v ex_mem_write_data[0]$_DFF_PN0_/Q (DFFR_X1)
   0.01    0.37 v u_dmem.ram[39][0]$_DFF_P_/D (DFF_X1)
           0.37   data arrival time

   0.00    0.00   clock core_clock (rise edge)
   0.00    0.00   clock source latency
   0.00    0.00 ^ clk (in)
   0.03    0.03 ^ clkbuf_0_clk/Z (CLKBUF_X3)
   0.06    0.09 ^ clkbuf_1_1__f_clk/Z (CLKBUF_X3)
   0.05    0.14 ^ clkbuf_leaf_9_clk/Z (CLKBUF_X3)
   0.04    0.18 ^ u_dmem.g_row[39].u_icg.u_icg/GCK (CLKGATE_X1)
   0.06    0.24 ^ clkbuf_0_u_dmem.g_row[39].u_icg.gck/Z (CLKBUF_X3)
   0.07    0.31 ^ clkbuf_2_0__f_u_dmem.g_row[39].u_icg.gck/Z (CLKBUF_X3)
   0.00    0.31 ^ u_dmem.ram[39][0]$_DFF_P_/CK (DFF_X1)
   0.00    0.31   clock reconvergence pessimism
   0.01    0.32   library hold time
           0.32   data required time
---------------------------------------------------------
           0.32   data required time
          -0.37   data arrival time
---------------------------------------------------------
           0.06   slack (MET)



==========================================================================
finish critical path target clock latency max path
--------------------------------------------------------------------------
0.2499

==========================================================================
finish critical path target clock latency min path
--------------------------------------------------------------------------
0.2574

==========================================================================
finish critical path source clock latency min path
--------------------------------------------------------------------------
0.0000

==========================================================================
finish critical path delay
--------------------------------------------------------------------------
1.2444

==========================================================================
finish critical path slack
--------------------------------------------------------------------------
0.0183

==========================================================================
finish slack div critical path delay
--------------------------------------------------------------------------
1.470588

==========================================================================
finish report_power
--------------------------------------------------------------------------
Group                  Internal  Switching    Leakage      Total
                          Power      Power      Power      Power (Watts)
----------------------------------------------------------------
Sequential             6.51e-03   9.93e-04   2.72e-04   7.78e-03  35.1%
Combinational          4.32e-03   7.66e-03   1.84e-04   1.22e-02  55.0%
Clock                  1.03e-03   1.13e-03   2.66e-05   2.19e-03   9.9%
Macro                  0.00e+00   0.00e+00   0.00e+00   0.00e+00   0.0%
Pad                    0.00e+00   0.00e+00   0.00e+00   0.00e+00   0.0%
----------------------------------------------------------------
Total                  1.19e-02   9.78e-03   4.83e-04   2.21e-02 100.0%
                          53.6%      44.2%       2.2%
