x20 <= 0x00000060
x11 <= 0x00000000
x1 <= 0x00000000
x13 <= 0x00000000
x4 <= 0x00000000
x1 <= 0x0000003f
x15 <= 0x0000007e
x1 <= 0x0000003f
x14 <= 0xfffff973
x1 <= 0x0000000c
x13 <= 0x00000000
x9 <= 0x000000ee
x2 <= 0x00000000
x2 <= 0x0000000c
x15 <= 0xffffffa5
x2 <= 0xffffff4a
x11 <= 0xffffffa5
x4 <= 0x000000a4
x12 <= 0x00000000
x11 <= 0x00000000
x10 <= 0x00000000
x13 <= 0x00000000
x10 <= 0xfffffffc
x1 <= 0xfffffff8
x7 <= 0xfffffffc
x13 <= 0x00000000
x2 <= 0xffffffe5
x14 <= 0xffffffb1
x4 <= 0xffffff62
x2 <= 0xffffffb1
x9 <= 0xfffffffc
x15 <= 0xfffffffe
x13 <= 0x00000000
x12 <= 0x00000000
x6 <= 0x00000000
x13 <= 0x0000005a
x8 <= 0x000000b4
x9 <= 0x0000005a
x19 <= 0x00000003
MEM[41] <= 0x00000000
x8 <= 0x00000000
x1 <= 0xfffffffc
x19 <= 0x00000002
MEM[41] <= 0x00000000
x8 <= 0x00000000
x1 <= 0xfffffffc
x19 <= 0x00000001
MEM[41] <= 0x00000000
x8 <= 0x00000000
x1 <= 0xfffffffc
x19 <= 0x00000000
x7 <= 0xffffff62
x8 <= 0x000002b1
x12 <= 0xfffffaca
