x20 <= 0x00000060
x11 <= 0x00000000
x4 <= 0xffffffae
x8 <= 0xffffff5c
x15 <= 0xffffffae
x18 <= 0x00000002
x5 <= 0x00000000
x12 <= 0xfffffebb
x18 <= 0x00000001
x5 <= 0x00000000
x12 <= 0xfffffd76
x18 <= 0x00000000
x7 <= 0xffffffa3
x2 <= 0xffffff46
x12 <= 0xffffffa3
x5 <= 0x00000661
x5 <= 0x00000000
x19 <= 0x00000004
x8 <= 0x00000000
x5 <= 0x00000000
x10 <= 0xfffffbd6
x19 <= 0x00000003
x8 <= 0x00000000
x5 <= 0x00000000
x10 <= 0xfffffbd6
x19 <= 0x00000002
x8 <= 0x00000000
x5 <= 0x00000000
x10 <= 0xfffffbd6
x19 <= 0x00000001
x8 <= 0x00000000
x5 <= 0x00000000
x10 <= 0xfffffbd6
x19 <= 0x00000000
x8 <= 0xffffffa3
x9 <= 0xffffffae
x12 <= 0x00000052
x9 <= 0x00000000
x5 <= 0xffffffbe
x5 <= 0xffffff7c
x8 <= 0x00000000
x8 <= 0x00000002
x4 <= 0xfffffdfd
x10 <= 0xffffffe1
x15 <= 0xffffffc2
x8 <= 0xffffffe1
x19 <= 0x00000003
x14 <= 0xffffffe1
x15 <= 0x000000f3
x19 <= 0x00000002
x14 <= 0xffffffe1
x15 <= 0x00000224
x19 <= 0x00000001
x14 <= 0xffffffe1
x15 <= 0x00000355
x19 <= 0x00000000
x14 <= 0x00000000
x4 <= 0x00000000
x12 <= 0x00000000
x1 <= 0xfffffed9
x2 <= 0x00000000
x18 <= 0x00000000
x19 <= 0x00000001
MEM[51] <= 0x00000000
x18 <= 0x00000001
MEM[51] <= 0x00000000
x18 <= 0x00000002
