x20 <= 0x00000060
x8 <= 0x00000000
x11 <= 0x00000000
x14 <= 0xfffffff1
x3 <= 0xffffffe2
x12 <= 0xfffffff1
x2 <= 0x00000000
x10 <= 0x00000000
x12 <= 0x00000000
x11 <= 0x00000000
x3 <= 0x00000000
x6 <= 0x00000000
x2 <= 0x00000000
x5 <= 0x00000000
x3 <= 0x00000000
MEM[49] <= 0x00000000
x6 <= 0xffffffbe
x7 <= 0xffffff7c
x15 <= 0xffffffbe
x14 <= 0x00000000
x7 <= 0xffffffbe
x14 <= 0x00000000
x5 <= 0x00000000
x4 <= 0xfffffabd
x4 <= 0xffffffbe
x9 <= 0x00000000
x9 <= 0xfffffdf1
x7 <= 0xffffff7c
x2 <= 0x00000000
x9 <= 0xffffffbe
MEM[35] <= 0xffffffbe
x13 <= 0x00000000
x2 <= 0x00000000
MEM[36] <= 0x00000000
x17 <= 0x00000001
x15 <= 0x00000000
x12 <= 0x00000042
x4 <= 0x0000071b
x17 <= 0x00000000
x3 <= 0x0000003e
x9 <= 0x0000007c
x1 <= 0x0000003e
x19 <= 0x00000001
x18 <= 0x00000003
x12 <= 0xffffffbe
x19 <= 0x00000002
x11 <= 0x00000000
x9 <= 0x00000000
