
==========================================================================
finish report_tns
--------------------------------------------------------------------------
tns max 0.00

==========================================================================
finish report_wns
--------------------------------------------------------------------------
wns max 0.00

==========================================================================
finish report_worst_slack
--------------------------------------------------------------------------
worst slack max 0.01

==========================================================================
finish report_clock_min_period
--------------------------------------------------------------------------
core_clock period_min = 0.99 fmax = 1007.55

==========================================================================
finish report_clock_skew
--------------------------------------------------------------------------
Clock core_clock
   0.26 source latency ex_mem_alu_result[8]$_DFF_PN0_/CK ^
  -0.13 target latency u_dmem.g_row[36].u_icg.u_icg/CK ^
   0.00 CRPR
--------------
   0.12 setup skew


==========================================================================
finish report_checks -path_delay min
--------------------------------------------------------------------------
Startpoint: rst_n (input port clocked by core_clock)
Endpoint: ex_mem_write_data[19]$_DFF_PN0_
          (removal check against rising-edge clock core_clock)
Path Group: asynchronous
Path Type: min

Fanout     Cap    Slew   Delay    Time   Description
-----------------------------------------------------------------------------
                          0.00    0.00   clock core_clock (rise edge)
                          0.00    0.00   clock network delay (propagated)
                          0.05    0.05 ^ input external delay
     1    1.11    0.00    0.00    0.05 ^ rst_n (in)
                                         rst_n (net)
                  0.00    0.00    0.05 ^ hold1098/A (CLKBUF_X1)
     1    1.02    0.01    0.02    0.07 ^ hold1098/Z (CLKBUF_X1)
                                         net1098 (net)
                  0.01    0.00    0.07 ^ hold1090/A (CLKBUF_X1)
     1    1.23    0.01    0.03    0.10 ^ hold1090/Z (CLKBUF_X1)
                                         net1090 (net)
                  0.01    0.00    0.10 ^ hold1086/A (CLKBUF_X1)
     1    1.02    0.01    0.03    0.13 ^ hold1086/Z (CLKBUF_X1)
                                         net1086 (net)
                  0.01    0.00    0.13 ^ hold1091/A (CLKBUF_X1)
     1    0.80    0.01    0.02    0.15 ^ hold1091/Z (CLKBUF_X1)
                                         net1091 (net)
                  0.01    0.00    0.15 ^ hold1084/A (CLKBUF_X1)
     1    0.87    0.01    0.03    0.18 ^ hold1084/Z (CLKBUF_X1)
                                         net1084 (net)
                  0.01    0.00    0.18 ^ hold1092/A (CLKBUF_X1)
     1    1.15    0.01    0.03    0.20 ^ hold1092/Z (CLKBUF_X1)
                                         net1092 (net)
                  0.01    0.00    0.20 ^ hold1087/A (CLKBUF_X1)
     1    0.80    0.01    0.03    0.23 ^ hold1087/Z (CLKBUF_X1)
                                         net1087 (net)
                  0.01    0.00    0.23 ^ hold1093/A (CLKBUF_X1)
     1    1.44    0.01    0.03    0.25 ^ hold1093/Z (CLKBUF_X1)
                                         net1093 (net)
                  0.01    0.00    0.25 ^ input33/A (CLKBUF_X3)
     1    1.13    0.01    0.03    0.28 ^ input33/Z (CLKBUF_X3)
                                         net33 (net)
                  0.01    0.00    0.28 ^ hold1094/A (CLKBUF_X1)
     1    1.43    0.01    0.03    0.31 ^ hold1094/Z (CLKBUF_X1)
                                         net1094 (net)
                  0.01    0.00    0.31 ^ hold1088/A (CLKBUF_X1)
     1    1.35    0.01    0.03    0.33 ^ hold1088/Z (CLKBUF_X1)
                                         net1088 (net)
                  0.01    0.00    0.33 ^ hold1095/A (CLKBUF_X1)
     1    2.20    0.01    0.03    0.36 ^ hold1095/Z (CLKBUF_X1)
                                         net1095 (net)
                  0.01    0.00    0.36 ^ hold1085/A (CLKBUF_X3)
     1    1.57    0.01    0.03    0.39 ^ hold1085/Z (CLKBUF_X3)
                                         net1085 (net)
                  0.01    0.00    0.39 ^ hold1096/A (CLKBUF_X1)
     1    2.21    0.01    0.03    0.42 ^ hold1096/Z (CLKBUF_X1)
                                         net1096 (net)
                  0.01    0.00    0.42 ^ hold1089/A (CLKBUF_X3)
     8   34.80    0.03    0.05    0.47 ^ hold1089/Z (CLKBUF_X3)
                                         net1089 (net)
                  0.03    0.00    0.48 ^ place1081/A (BUF_X4)
    58  127.51    0.07    0.09    0.56 ^ place1081/Z (BUF_X4)
                                         net1081 (net)
                  0.07    0.00    0.56 ^ ex_mem_write_data[19]$_DFF_PN0_/RN (DFFR_X1)
                                  0.56   data arrival time

                          0.00    0.00   clock core_clock (rise edge)
                          0.00    0.00   clock source latency
     2   15.00    0.00    0.00    0.00 ^ clk (in)
                                         clk (net)
                  0.00    0.00    0.00 ^ delaybuf_0_core_clock/A (CLKBUF_X3)
     1    2.79    0.01    0.02    0.02 ^ delaybuf_0_core_clock/Z (CLKBUF_X3)
                                         delaynet_0_core_clock (net)
                  0.01    0.00    0.02 ^ delaybuf_1_core_clock/A (CLKBUF_X3)
     1    2.74    0.01    0.03    0.05 ^ delaybuf_1_core_clock/Z (CLKBUF_X3)
                                         delaynet_1_core_clock (net)
                  0.01    0.00    0.05 ^ delaybuf_2_core_clock/A (CLKBUF_X3)
     1    2.81    0.01    0.03    0.08 ^ delaybuf_2_core_clock/Z (CLKBUF_X3)
                                         delaynet_2_core_clock (net)
                  0.01    0.00    0.08 ^ clkbuf_regs_0_core_clock/A (CLKBUF_X3)
     1    1.86    0.01    0.03    0.10 ^ clkbuf_regs_0_core_clock/Z (CLKBUF_X3)
                                         clk_regs (net)
                  0.01    0.00    0.10 ^ clkbuf_0_clk_regs/A (CLKBUF_X3)
     2    7.93    0.01    0.03    0.14 ^ clkbuf_0_clk_regs/Z (CLKBUF_X3)
                                         clknet_0_clk_regs (net)
                  0.01    0.00    0.14 ^ clkbuf_1_0__f_clk_regs/A (CLKBUF_X3)
    12   37.52    0.03    0.06    0.20 ^ clkbuf_1_0__f_clk_regs/Z (CLKBUF_X3)
                                         clknet_1_0__leaf_clk_regs (net)
                  0.03    0.00    0.20 ^ clkbuf_leaf_17_clk_regs/A (CLKBUF_X3)
    20   27.37    0.02    0.06    0.26 ^ clkbuf_leaf_17_clk_regs/Z (CLKBUF_X3)
                                         clknet_leaf_17_clk_regs (net)
                  0.02    0.00    0.26 ^ ex_mem_write_data[19]$_DFF_PN0_/CK (DFFR_X1)
                          0.00    0.26   clock reconvergence pessimism
                          0.27    0.53   library removal time
                                  0.53   data required time
-----------------------------------------------------------------------------
                                  0.53   data required time
                                 -0.56   data arrival time
-----------------------------------------------------------------------------
                                  0.04   slack (MET)


Startpoint: instr_in[17] (input port clocked by core_clock)
Endpoint: if_id_instr[17]$_DFFE_PN0P_
          (rising edge-triggered flip-flop clocked by core_clock)
Path Group: core_clock
Path Type: min

Fanout     Cap    Slew   Delay    Time   Description
-----------------------------------------------------------------------------
                          0.00    0.00   clock core_clock (rise edge)
                          0.00    0.00   clock network delay (propagated)
                          0.05    0.05 ^ input external delay
     1    1.70    0.00    0.00    0.05 ^ instr_in[17] (in)
                                         instr_in[17] (net)
                  0.00    0.00    0.05 ^ hold1342/A (CLKBUF_X1)
     1    2.47    0.01    0.03    0.08 ^ hold1342/Z (CLKBUF_X1)
                                         net1342 (net)
                  0.01    0.00    0.08 ^ hold1223/A (CLKBUF_X1)
     1    3.02    0.01    0.03    0.11 ^ hold1223/Z (CLKBUF_X1)
                                         net1223 (net)
                  0.01    0.00    0.11 ^ hold1343/A (CLKBUF_X1)
     1    2.11    0.01    0.03    0.14 ^ hold1343/Z (CLKBUF_X1)
                                         net1343 (net)
                  0.01    0.00    0.14 ^ input9/A (BUF_X1)
     1    6.91    0.02    0.03    0.18 ^ input9/Z (BUF_X1)
                                         net9 (net)
                  0.02    0.00    0.18 ^ hold1224/A (CLKBUF_X1)
     1    6.58    0.02    0.05    0.22 ^ hold1224/Z (CLKBUF_X1)
                                         net1224 (net)
                  0.02    0.00    0.22 ^ _14412_/A1 (AOI22_X1)
     1    1.22    0.01    0.02    0.24 v _14412_/ZN (AOI22_X1)
                                         _05392_ (net)
                  0.01    0.00    0.24 v hold1225/A (CLKBUF_X1)
     1    1.87    0.01    0.03    0.27 v hold1225/Z (CLKBUF_X1)
                                         net1225 (net)
                  0.01    0.00    0.27 v _14413_/A (INV_X1)
     1    1.06    0.01    0.01    0.28 ^ _14413_/ZN (INV_X1)
                                         _00552_ (net)
                  0.01    0.00    0.28 ^ hold1226/A (CLKBUF_X1)
     1    1.48    0.01    0.03    0.30 ^ hold1226/Z (CLKBUF_X1)
                                         net1226 (net)
                  0.01    0.00    0.30 ^ if_id_instr[17]$_DFFE_PN0P_/D (DFFR_X1)
                                  0.30   data arrival time

                          0.00    0.00   clock core_clock (rise edge)
                          0.00    0.00   clock source latency
     2   15.00    0.00    0.00    0.00 ^ clk (in)
                                         clk (net)
                  0.00    0.00    0.00 ^ delaybuf_0_core_clock/A (CLKBUF_X3)
     1    2.79    0.01    0.02    0.02 ^ delaybuf_0_core_clock/Z (CLKBUF_X3)
                                         delaynet_0_core_clock (net)
                  0.01    0.00    0.02 ^ delaybuf_1_core_clock/A (CLKBUF_X3)
     1    2.74    0.01    0.03    0.05 ^ delaybuf_1_core_clock/Z (CLKBUF_X3)
                                         delaynet_1_core_clock (net)
                  0.01    0.00    0.05 ^ delaybuf_2_core_clock/A (CLKBUF_X3)
     1    2.81    0.01    0.03    0.08 ^ delaybuf_2_core_clock/Z (CLKBUF_X3)
                                         delaynet_2_core_clock (net)
                  0.01    0.00    0.08 ^ clkbuf_regs_0_core_clock/A (CLKBUF_X3)
     1    1.86    0.01    0.03    0.10 ^ clkbuf_regs_0_core_clock/Z (CLKBUF_X3)
                                         clk_regs (net)
                  0.01    0.00    0.10 ^ clkbuf_0_clk_regs/A (CLKBUF_X3)
     2    7.93    0.01    0.03    0.14 ^ clkbuf_0_clk_regs/Z (CLKBUF_X3)
                                         clknet_0_clk_regs (net)
                  0.01    0.00    0.14 ^ clkbuf_1_1__f_clk_regs/A (CLKBUF_X3)
     8   32.84    0.03    0.05    0.19 ^ clkbuf_1_1__f_clk_regs/Z (CLKBUF_X3)
                                         clknet_1_1__leaf_clk_regs (net)
                  0.03    0.00    0.19 ^ clkbuf_leaf_11_clk_regs/A (CLKBUF_X3)
    20   26.52    0.02    0.06    0.25 ^ clkbuf_leaf_11_clk_regs/Z (CLKBUF_X3)
                                         clknet_leaf_11_clk_regs (net)
                  0.02    0.00    0.25 ^ if_id_instr[17]$_DFFE_PN0P_/CK (DFFR_X1)
                          0.00    0.25   clock reconvergence pessimism
                          0.01    0.26   library hold time
                                  0.26   data required time
-----------------------------------------------------------------------------
                                  0.26   data required time
                                 -0.30   data arrival time
-----------------------------------------------------------------------------
                                  0.04   slack (MET)



==========================================================================
finish report_checks -path_delay max
--------------------------------------------------------------------------
Startpoint: rst_n (input port clocked by core_clock)
Endpoint: if_id_instr[14]$_DFFE_PN0P_
          (recovery check against rising-edge clock core_clock)
Path Group: asynchronous
Path Type: max

Fanout     Cap    Slew   Delay    Time   Description
-----------------------------------------------------------------------------
                          0.00    0.00   clock core_clock (rise edge)
                          0.00    0.00   clock network delay (propagated)
                          0.05    0.05 ^ input external delay
     1    1.11    0.00    0.00    0.05 ^ rst_n (in)
                                         rst_n (net)
                  0.00    0.00    0.05 ^ hold1098/A (CLKBUF_X1)
     1    1.02    0.01    0.02    0.07 ^ hold1098/Z (CLKBUF_X1)
                                         net1098 (net)
                  0.01    0.00    0.07 ^ hold1090/A (CLKBUF_X1)
     1    1.23    0.01    0.03    0.10 ^ hold1090/Z (CLKBUF_X1)
                                         net1090 (net)
                  0.01    0.00    0.10 ^ hold1086/A (CLKBUF_X1)
     1    1.02    0.01    0.03    0.13 ^ hold1086/Z (CLKBUF_X1)
                                         net1086 (net)
                  0.01    0.00    0.13 ^ hold1091/A (CLKBUF_X1)
     1    0.80    0.01    0.02    0.15 ^ hold1091/Z (CLKBUF_X1)
                                         net1091 (net)
                  0.01    0.00    0.15 ^ hold1084/A (CLKBUF_X1)
     1    0.87    0.01    0.03    0.18 ^ hold1084/Z (CLKBUF_X1)
                                         net1084 (net)
                  0.01    0.00    0.18 ^ hold1092/A (CLKBUF_X1)
     1    1.15    0.01    0.03    0.20 ^ hold1092/Z (CLKBUF_X1)
                                         net1092 (net)
                  0.01    0.00    0.20 ^ hold1087/A (CLKBUF_X1)
     1    0.80    0.01    0.03    0.23 ^ hold1087/Z (CLKBUF_X1)
                                         net1087 (net)
                  0.01    0.00    0.23 ^ hold1093/A (CLKBUF_X1)
     1    1.44    0.01    0.03    0.25 ^ hold1093/Z (CLKBUF_X1)
                                         net1093 (net)
                  0.01    0.00    0.25 ^ input33/A (CLKBUF_X3)
     1    1.13    0.01    0.03    0.28 ^ input33/Z (CLKBUF_X3)
                                         net33 (net)
                  0.01    0.00    0.28 ^ hold1094/A (CLKBUF_X1)
     1    1.43    0.01    0.03    0.31 ^ hold1094/Z (CLKBUF_X1)
                                         net1094 (net)
                  0.01    0.00    0.31 ^ hold1088/A (CLKBUF_X1)
     1    1.35    0.01    0.03    0.33 ^ hold1088/Z (CLKBUF_X1)
                                         net1088 (net)
                  0.01    0.00    0.33 ^ hold1095/A (CLKBUF_X1)
     1    2.20    0.01    0.03    0.36 ^ hold1095/Z (CLKBUF_X1)
                                         net1095 (net)
                  0.01    0.00    0.36 ^ hold1085/A (CLKBUF_X3)
     1    1.57    0.01    0.03    0.39 ^ hold1085/Z (CLKBUF_X3)
                                         net1085 (net)
                  0.01    0.00    0.39 ^ hold1096/A (CLKBUF_X1)
     1    2.21    0.01    0.03    0.42 ^ hold1096/Z (CLKBUF_X1)
                                         net1096 (net)
                  0.01    0.00    0.42 ^ hold1089/A (CLKBUF_X3)
     8   34.80    0.03    0.05    0.47 ^ hold1089/Z (CLKBUF_X3)
                                         net1089 (net)
                  0.03    0.00    0.47 ^ place1077/A (BUF_X4)
    57  116.08    0.06    0.08    0.55 ^ place1077/Z (BUF_X4)
                                         net1077 (net)
                  0.07    0.02    0.58 ^ place1076/A (BUF_X2)
    37   78.13    0.09    0.11    0.69 ^ place1076/Z (BUF_X2)
                                         net1076 (net)
                  0.09    0.01    0.70 ^ if_id_instr[14]$_DFFE_PN0P_/RN (DFFR_X1)
                                  0.70   data arrival time

                          1.00    1.00   clock core_clock (rise edge)
                          0.00    1.00   clock source latency
     2   15.00    0.00    0.00    1.00 ^ clk (in)
                                         clk (net)
                  0.00    0.00    1.00 ^ delaybuf_0_core_clock/A (CLKBUF_X3)
     1    2.79    0.01    0.02    1.02 ^ delaybuf_0_core_clock/Z (CLKBUF_X3)
                                         delaynet_0_core_clock (net)
                  0.01    0.00    1.02 ^ delaybuf_1_core_clock/A (CLKBUF_X3)
     1    2.74    0.01    0.03    1.05 ^ delaybuf_1_core_clock/Z (CLKBUF_X3)
                                         delaynet_1_core_clock (net)
                  0.01    0.00    1.05 ^ delaybuf_2_core_clock/A (CLKBUF_X3)
     1    2.81    0.01    0.03    1.08 ^ delaybuf_2_core_clock/Z (CLKBUF_X3)
                                         delaynet_2_core_clock (net)
                  0.01    0.00    1.08 ^ clkbuf_regs_0_core_clock/A (CLKBUF_X3)
     1    1.86    0.01    0.03    1.10 ^ clkbuf_regs_0_core_clock/Z (CLKBUF_X3)
                                         clk_regs (net)
                  0.01    0.00    1.10 ^ clkbuf_0_clk_regs/A (CLKBUF_X3)
     2    7.93    0.01    0.03    1.14 ^ clkbuf_0_clk_regs/Z (CLKBUF_X3)
                                         clknet_0_clk_regs (net)
                  0.01    0.00    1.14 ^ clkbuf_1_0__f_clk_regs/A (CLKBUF_X3)
    12   37.52    0.03    0.06    1.20 ^ clkbuf_1_0__f_clk_regs/Z (CLKBUF_X3)
                                         clknet_1_0__leaf_clk_regs (net)
                  0.03    0.00    1.20 ^ clkbuf_leaf_18_clk_regs/A (CLKBUF_X3)
    14   24.71    0.02    0.06    1.25 ^ clkbuf_leaf_18_clk_regs/Z (CLKBUF_X3)
                                         clknet_leaf_18_clk_regs (net)
                  0.02    0.00    1.25 ^ if_id_instr[14]$_DFFE_PN0P_/CK (DFFR_X1)
                          0.00    1.25   clock reconvergence pessimism
                          0.05    1.30   library recovery time
                                  1.30   data required time
-----------------------------------------------------------------------------
                                  1.30   data required time
                                 -0.70   data arrival time
-----------------------------------------------------------------------------
                                  0.60   slack (MET)


Startpoint: id_ex_sel_b[2]$_DFF_PN0_
            (rising edge-triggered flip-flop clocked by core_clock)
Endpoint: ex_mem_alu_result[27]$_DFF_PN0_
          (rising edge-triggered flip-flop clocked by core_clock)
Path Group: core_clock
Path Type: max

Fanout     Cap    Slew   Delay    Time   Description
-----------------------------------------------------------------------------
                          0.00    0.00   clock core_clock (rise edge)
                          0.00    0.00   clock source latency
     2   15.00    0.00    0.00    0.00 ^ clk (in)
                                         clk (net)
                  0.00    0.00    0.00 ^ delaybuf_0_core_clock/A (CLKBUF_X3)
     1    2.79    0.01    0.02    0.02 ^ delaybuf_0_core_clock/Z (CLKBUF_X3)
                                         delaynet_0_core_clock (net)
                  0.01    0.00    0.02 ^ delaybuf_1_core_clock/A (CLKBUF_X3)
     1    2.74    0.01    0.03    0.05 ^ delaybuf_1_core_clock/Z (CLKBUF_X3)
                                         delaynet_1_core_clock (net)
                  0.01    0.00    0.05 ^ delaybuf_2_core_clock/A (CLKBUF_X3)
     1    2.81    0.01    0.03    0.08 ^ delaybuf_2_core_clock/Z (CLKBUF_X3)
                                         delaynet_2_core_clock (net)
                  0.01    0.00    0.08 ^ clkbuf_regs_0_core_clock/A (CLKBUF_X3)
     1    1.86    0.01    0.03    0.10 ^ clkbuf_regs_0_core_clock/Z (CLKBUF_X3)
                                         clk_regs (net)
                  0.01    0.00    0.10 ^ clkbuf_0_clk_regs/A (CLKBUF_X3)
     2    7.93    0.01    0.03    0.14 ^ clkbuf_0_clk_regs/Z (CLKBUF_X3)
                                         clknet_0_clk_regs (net)
                  0.01    0.00    0.14 ^ clkbuf_1_0__f_clk_regs/A (CLKBUF_X3)
    12   37.52    0.03    0.06    0.20 ^ clkbuf_1_0__f_clk_regs/Z (CLKBUF_X3)
                                         clknet_1_0__leaf_clk_regs (net)
                  0.03    0.00    0.20 ^ clkbuf_leaf_3_clk_regs/A (CLKBUF_X3)
    21   29.24    0.02    0.06    0.26 ^ clkbuf_leaf_3_clk_regs/Z (CLKBUF_X3)
                                         clknet_leaf_3_clk_regs (net)
                  0.02    0.00    0.26 ^ id_ex_sel_b[2]$_DFF_PN0_/CK (DFFR_X1)
     2    6.77    0.01    0.10    0.36 v id_ex_sel_b[2]$_DFF_PN0_/Q (DFFR_X1)
                                         id_ex_sel_b[2] (net)
                  0.01    0.00    0.36 v place1004/A (BUF_X4)
    11   24.82    0.01    0.03    0.39 v place1004/Z (BUF_X4)
                                         net1004 (net)
                  0.01    0.00    0.39 v _09413_/A2 (AOI22_X1)
     1    3.78    0.03    0.05    0.44 ^ _09413_/ZN (AOI22_X1)
                                         _00768_ (net)
                  0.03    0.00    0.44 ^ _09416_/A2 (NAND2_X2)
     3    8.42    0.01    0.02    0.46 v _09416_/ZN (NAND2_X2)
                                         alu_input_b[0] (net)
                  0.01    0.00    0.47 v _09656_/A (INV_X2)
     2    7.45    0.01    0.02    0.49 ^ _09656_/ZN (INV_X2)
                                         _00320_ (net)
                  0.01    0.00    0.49 ^ _15312_/A (HA_X1)
     2    4.05    0.01    0.04    0.52 ^ _15312_/CO (HA_X1)
                                         _00377_ (net)
                  0.01    0.00    0.52 ^ _09432_/A (INV_X1)
     1    1.57    0.00    0.01    0.53 v _09432_/ZN (INV_X1)
                                         _00785_ (net)
                  0.00    0.00    0.53 v _09433_/A1 (OR3_X2)
     3    9.85    0.02    0.07    0.60 v _09433_/ZN (OR3_X2)
                                         _00786_ (net)
                  0.02    0.00    0.60 v _09434_/A2 (NOR3_X4)
     4    9.92    0.03    0.06    0.65 ^ _09434_/ZN (NOR3_X4)
                                         _00787_ (net)
                  0.03    0.00    0.65 ^ _09435_/A (INV_X1)
     2    5.02    0.01    0.02    0.67 v _09435_/ZN (INV_X1)
                                         _00788_ (net)
                  0.01    0.00    0.67 v _09486_/A1 (OR2_X2)
     2    3.09    0.01    0.04    0.72 v _09486_/ZN (OR2_X2)
                                         _00839_ (net)
                  0.01    0.00    0.72 v _14291_/A1 (NOR3_X1)
     1    1.96    0.03    0.04    0.75 ^ _14291_/ZN (NOR3_X1)
                                         _05316_ (net)
                  0.03    0.00    0.75 ^ _14292_/A2 (NOR2_X1)
     1    2.67    0.02    0.02    0.77 v _14292_/ZN (NOR2_X1)
                                         _05317_ (net)
                  0.02    0.00    0.77 v _14293_/B (XNOR2_X1)
     1    4.31    0.01    0.05    0.81 v _14293_/ZN (XNOR2_X1)
                                         _00400_ (net)
                  0.01    0.00    0.81 v _15321_/B (HA_X1)
     2    4.83    0.01    0.06    0.88 v _15321_/S (HA_X1)
                                         _00402_ (net)
                  0.01    0.00    0.88 v _11739_/A1 (NAND2_X2)
     3   10.47    0.02    0.03    0.90 ^ _11739_/ZN (NAND2_X2)
                                         _02892_ (net)
                  0.02    0.00    0.90 ^ _11740_/A1 (NOR3_X4)
     3    6.13    0.01    0.01    0.92 v _11740_/ZN (NOR3_X4)
                                         _02893_ (net)
                  0.01    0.00    0.92 v _11749_/B1 (AOI221_X2)
     2    2.48    0.04    0.07    0.98 ^ _11749_/ZN (AOI221_X2)
                                         _02902_ (net)
                  0.04    0.00    0.98 ^ _11863_/A2 (AND3_X1)
     1    1.67    0.01    0.05    1.03 ^ _11863_/ZN (AND3_X1)
                                         _03015_ (net)
                  0.01    0.00    1.03 ^ _11864_/A3 (NAND3_X1)
     3    6.97    0.02    0.04    1.07 v _11864_/ZN (NAND3_X1)
                                         _03016_ (net)
                  0.02    0.00    1.07 v _11893_/A1 (AND2_X1)
     1    1.60    0.01    0.04    1.11 v _11893_/ZN (AND2_X1)
                                         _03043_ (net)
                  0.01    0.00    1.11 v _11894_/B1 (AOI21_X1)
     1    2.56    0.03    0.03    1.13 ^ _11894_/ZN (AOI21_X1)
                                         _03044_ (net)
                  0.03    0.00    1.13 ^ _11895_/B (XOR2_X1)
     1    1.94    0.02    0.05    1.18 ^ _11895_/Z (XOR2_X1)
                                         _03045_ (net)
                  0.02    0.00    1.18 ^ _11900_/A2 (OAI22_X1)
     1    1.36    0.02    0.02    1.21 v _11900_/ZN (OAI22_X1)
                                         _00019_ (net)
                  0.02    0.00    1.21 v ex_mem_alu_result[27]$_DFF_PN0_/D (DFFR_X1)
                                  1.21   data arrival time

                          1.00    1.00   clock core_clock (rise edge)
                          0.00    1.00   clock source latency
     2   15.00    0.00    0.00    1.00 ^ clk (in)
                                         clk (net)
                  0.00    0.00    1.00 ^ delaybuf_0_core_clock/A (CLKBUF_X3)
     1    2.79    0.01    0.02    1.02 ^ delaybuf_0_core_clock/Z (CLKBUF_X3)
                                         delaynet_0_core_clock (net)
                  0.01    0.00    1.02 ^ delaybuf_1_core_clock/A (CLKBUF_X3)
     1    2.74    0.01    0.03    1.05 ^ delaybuf_1_core_clock/Z (CLKBUF_X3)
                                         delaynet_1_core_clock (net)
                  0.01    0.00    1.05 ^ delaybuf_2_core_clock/A (CLKBUF_X3)
     1    2.81    0.01    0.03    1.08 ^ delaybuf_2_core_clock/Z (CLKBUF_X3)
                                         delaynet_2_core_clock (net)
                  0.01    0.00    1.08 ^ clkbuf_regs_0_core_clock/A (CLKBUF_X3)
     1    1.86    0.01    0.03    1.10 ^ clkbuf_regs_0_core_clock/Z (CLKBUF_X3)
                                         clk_regs (net)
                  0.01    0.00    1.10 ^ clkbuf_0_clk_regs/A (CLKBUF_X3)
     2    7.93    0.01    0.03    1.14 ^ clkbuf_0_clk_regs/Z (CLKBUF_X3)
                                         clknet_0_clk_regs (net)
                  0.01    0.00    1.14 ^ clkbuf_1_1__f_clk_regs/A (CLKBUF_X3)
     8   32.84    0.03    0.05    1.19 ^ clkbuf_1_1__f_clk_regs/Z (CLKBUF_X3)
                                         clknet_1_1__leaf_clk_regs (net)
                  0.03    0.00    1.19 ^ clkbuf_leaf_12_clk_regs/A (CLKBUF_X3)
    21   29.35    0.02    0.06    1.25 ^ clkbuf_leaf_12_clk_regs/Z (CLKBUF_X3)
                                         clknet_leaf_12_clk_regs (net)
                  0.02    0.00    1.25 ^ ex_mem_alu_result[27]$_DFF_PN0_/CK (DFFR_X1)
                          0.00    1.25   clock reconvergence pessimism
                         -0.04    1.21   library setup time
                                  1.21   data required time
-----------------------------------------------------------------------------
                                  1.21   data required time
                                 -1.21   data arrival time
-----------------------------------------------------------------------------
                                  0.01   slack (MET)



==========================================================================
finish report_checks -unconstrained
--------------------------------------------------------------------------
Startpoint: rst_n (input port clocked by core_clock)
Endpoint: if_id_instr[14]$_DFFE_PN0P_
          (recovery check against rising-edge clock core_clock)
Path Group: asynchronous
Path Type: max

Fanout     Cap    Slew   Delay    Time   Description
-----------------------------------------------------------------------------
                          0.00    0.00   clock core_clock (rise edge)
                          0.00    0.00   clock network delay (propagated)
                          0.05    0.05 ^ input external delay
     1    1.11    0.00    0.00    0.05 ^ rst_n (in)
                                         rst_n (net)
                  0.00    0.00    0.05 ^ hold1098/A (CLKBUF_X1)
     1    1.02    0.01    0.02    0.07 ^ hold1098/Z (CLKBUF_X1)
                                         net1098 (net)
                  0.01    0.00    0.07 ^ hold1090/A (CLKBUF_X1)
     1    1.23    0.01    0.03    0.10 ^ hold1090/Z (CLKBUF_X1)
                                         net1090 (net)
                  0.01    0.00    0.10 ^ hold1086/A (CLKBUF_X1)
     1    1.02    0.01    0.03    0.13 ^ hold1086/Z (CLKBUF_X1)
                                         net1086 (net)
                  0.01    0.00    0.13 ^ hold1091/A (CLKBUF_X1)
     1    0.80    0.01    0.02    0.15 ^ hold1091/Z (CLKBUF_X1)
                                         net1091 (net)
                  0.01    0.00    0.15 ^ hold1084/A (CLKBUF_X1)
     1    0.87    0.01    0.03    0.18 ^ hold1084/Z (CLKBUF_X1)
                                         net1084 (net)
                  0.01    0.00    0.18 ^ hold1092/A (CLKBUF_X1)
     1    1.15    0.01    0.03    0.20 ^ hold1092/Z (CLKBUF_X1)
                                         net1092 (net)
                  0.01    0.00    0.20 ^ hold1087/A (CLKBUF_X1)
     1    0.80    0.01    0.03    0.23 ^ hold1087/Z (CLKBUF_X1)
                                         net1087 (net)
                  0.01    0.00    0.23 ^ hold1093/A (CLKBUF_X1)
     1    1.44    0.01    0.03    0.25 ^ hold1093/Z (CLKBUF_X1)
                                         net1093 (net)
                  0.01    0.00    0.25 ^ input33/A (CLKBUF_X3)
     1    1.13    0.01    0.03    0.28 ^ input33/Z (CLKBUF_X3)
                                         net33 (net)
                  0.01    0.00    0.28 ^ hold1094/A (CLKBUF_X1)
     1    1.43    0.01    0.03    0.31 ^ hold1094/Z (CLKBUF_X1)
                                         net1094 (net)
                  0.01    0.00    0.31 ^ hold1088/A (CLKBUF_X1)
     1    1.35    0.01    0.03    0.33 ^ hold1088/Z (CLKBUF_X1)
                                         net1088 (net)
                  0.01    0.00    0.33 ^ hold1095/A (CLKBUF_X1)
     1    2.20    0.01    0.03    0.36 ^ hold1095/Z (CLKBUF_X1)
                                         net1095 (net)
                  0.01    0.00    0.36 ^ hold1085/A (CLKBUF_X3)
     1    1.57    0.01    0.03    0.39 ^ hold1085/Z (CLKBUF_X3)
                                         net1085 (net)
                  0.01    0.00    0.39 ^ hold1096/A (CLKBUF_X1)
     1    2.21    0.01    0.03    0.42 ^ hold1096/Z (CLKBUF_X1)
                                         net1096 (net)
                  0.01    0.00    0.42 ^ hold1089/A (CLKBUF_X3)
     8   34.80    0.03    0.05    0.47 ^ hold1089/Z (CLKBUF_X3)
                                         net1089 (net)
                  0.03    0.00    0.47 ^ place1077/A (BUF_X4)
    57  116.08    0.06    0.08    0.55 ^ place1077/Z (BUF_X4)
                                         net1077 (net)
                  0.07    0.02    0.58 ^ place1076/A (BUF_X2)
    37   78.13    0.09    0.11    0.69 ^ place1076/Z (BUF_X2)
                                         net1076 (net)
                  0.09    0.01    0.70 ^ if_id_instr[14]$_DFFE_PN0P_/RN (DFFR_X1)
                                  0.70   data arrival time

                          1.00    1.00   clock core_clock (rise edge)
                          0.00    1.00   clock source latency
     2   15.00    0.00    0.00    1.00 ^ clk (in)
                                         clk (net)
                  0.00    0.00    1.00 ^ delaybuf_0_core_clock/A (CLKBUF_X3)
     1    2.79    0.01    0.02    1.02 ^ delaybuf_0_core_clock/Z (CLKBUF_X3)
                                         delaynet_0_core_clock (net)
                  0.01    0.00    1.02 ^ delaybuf_1_core_clock/A (CLKBUF_X3)
     1    2.74    0.01    0.03    1.05 ^ delaybuf_1_core_clock/Z (CLKBUF_X3)
                                         delaynet_1_core_clock (net)
                  0.01    0.00    1.05 ^ delaybuf_2_core_clock/A (CLKBUF_X3)
     1    2.81    0.01    0.03    1.08 ^ delaybuf_2_core_clock/Z (CLKBUF_X3)
                                         delaynet_2_core_clock (net)
                  0.01    0.00    1.08 ^ clkbuf_regs_0_core_clock/A (CLKBUF_X3)
     1    1.86    0.01    0.03    1.10 ^ clkbuf_regs_0_core_clock/Z (CLKBUF_X3)
                                         clk_regs (net)
                  0.01    0.00    1.10 ^ clkbuf_0_clk_regs/A (CLKBUF_X3)
     2    7.93    0.01    0.03    1.14 ^ clkbuf_0_clk_regs/Z (CLKBUF_X3)
                                         clknet_0_clk_regs (net)
                  0.01    0.00    1.14 ^ clkbuf_1_0__f_clk_regs/A (CLKBUF_X3)
    12   37.52    0.03    0.06    1.20 ^ clkbuf_1_0__f_clk_regs/Z (CLKBUF_X3)
                                         clknet_1_0__leaf_clk_regs (net)
                  0.03    0.00    1.20 ^ clkbuf_leaf_18_clk_regs/A (CLKBUF_X3)
    14   24.71    0.02    0.06    1.25 ^ clkbuf_leaf_18_clk_regs/Z (CLKBUF_X3)
                                         clknet_leaf_18_clk_regs (net)
                  0.02    0.00    1.25 ^ if_id_instr[14]$_DFFE_PN0P_/CK (DFFR_X1)
                          0.00    1.25   clock reconvergence pessimism
                          0.05    1.30   library recovery time
                                  1.30   data required time
-----------------------------------------------------------------------------
                                  1.30   data required time
                                 -0.70   data arrival time
-----------------------------------------------------------------------------
                                  0.60   slack (MET)


Startpoint: id_ex_sel_b[2]$_DFF_PN0_
            (rising edge-triggered flip-flop clocked by core_clock)
Endpoint: ex_mem_alu_result[27]$_DFF_PN0_
          (rising edge-triggered flip-flop clocked by core_clock)
Path Group: core_clock
Path Type: max

Fanout     Cap    Slew   Delay    Time   Description
-----------------------------------------------------------------------------
                          0.00    0.00   clock core_clock (rise edge)
                          0.00    0.00   clock source latency
     2   15.00    0.00    0.00    0.00 ^ clk (in)
                                         clk (net)
                  0.00    0.00    0.00 ^ delaybuf_0_core_clock/A (CLKBUF_X3)
     1    2.79    0.01    0.02    0.02 ^ delaybuf_0_core_clock/Z (CLKBUF_X3)
                                         delaynet_0_core_clock (net)
                  0.01    0.00    0.02 ^ delaybuf_1_core_clock/A (CLKBUF_X3)
     1    2.74    0.01    0.03    0.05 ^ delaybuf_1_core_clock/Z (CLKBUF_X3)
                                         delaynet_1_core_clock (net)
                  0.01    0.00    0.05 ^ delaybuf_2_core_clock/A (CLKBUF_X3)
     1    2.81    0.01    0.03    0.08 ^ delaybuf_2_core_clock/Z (CLKBUF_X3)
                                         delaynet_2_core_clock (net)
                  0.01    0.00    0.08 ^ clkbuf_regs_0_core_clock/A (CLKBUF_X3)
     1    1.86    0.01    0.03    0.10 ^ clkbuf_regs_0_core_clock/Z (CLKBUF_X3)
                                         clk_regs (net)
                  0.01    0.00    0.10 ^ clkbuf_0_clk_regs/A (CLKBUF_X3)
     2    7.93    0.01    0.03    0.14 ^ clkbuf_0_clk_regs/Z (CLKBUF_X3)
                                         clknet_0_clk_regs (net)
                  0.01    0.00    0.14 ^ clkbuf_1_0__f_clk_regs/A (CLKBUF_X3)
    12   37.52    0.03    0.06    0.20 ^ clkbuf_1_0__f_clk_regs/Z (CLKBUF_X3)
                                         clknet_1_0__leaf_clk_regs (net)
                  0.03    0.00    0.20 ^ clkbuf_leaf_3_clk_regs/A (CLKBUF_X3)
    21   29.24    0.02    0.06    0.26 ^ clkbuf_leaf_3_clk_regs/Z (CLKBUF_X3)
                                         clknet_leaf_3_clk_regs (net)
                  0.02    0.00    0.26 ^ id_ex_sel_b[2]$_DFF_PN0_/CK (DFFR_X1)
     2    6.77    0.01    0.10    0.36 v id_ex_sel_b[2]$_DFF_PN0_/Q (DFFR_X1)
                                         id_ex_sel_b[2] (net)
                  0.01    0.00    0.36 v place1004/A (BUF_X4)
    11   24.82    0.01    0.03    0.39 v place1004/Z (BUF_X4)
                                         net1004 (net)
                  0.01    0.00    0.39 v _09413_/A2 (AOI22_X1)
     1    3.78    0.03    0.05    0.44 ^ _09413_/ZN (AOI22_X1)
                                         _00768_ (net)
                  0.03    0.00    0.44 ^ _09416_/A2 (NAND2_X2)
     3    8.42    0.01    0.02    0.46 v _09416_/ZN (NAND2_X2)
                                         alu_input_b[0] (net)
                  0.01    0.00    0.47 v _09656_/A (INV_X2)
     2    7.45    0.01    0.02    0.49 ^ _09656_/ZN (INV_X2)
                                         _00320_ (net)
                  0.01    0.00    0.49 ^ _15312_/A (HA_X1)
     2    4.05    0.01    0.04    0.52 ^ _15312_/CO (HA_X1)
                                         _00377_ (net)
                  0.01    0.00    0.52 ^ _09432_/A (INV_X1)
     1    1.57    0.00    0.01    0.53 v _09432_/ZN (INV_X1)
                                         _00785_ (net)
                  0.00    0.00    0.53 v _09433_/A1 (OR3_X2)
     3    9.85    0.02    0.07    0.60 v _09433_/ZN (OR3_X2)
                                         _00786_ (net)
                  0.02    0.00    0.60 v _09434_/A2 (NOR3_X4)
     4    9.92    0.03    0.06    0.65 ^ _09434_/ZN (NOR3_X4)
                                         _00787_ (net)
                  0.03    0.00    0.65 ^ _09435_/A (INV_X1)
     2    5.02    0.01    0.02    0.67 v _09435_/ZN (INV_X1)
                                         _00788_ (net)
                  0.01    0.00    0.67 v _09486_/A1 (OR2_X2)
     2    3.09    0.01    0.04    0.72 v _09486_/ZN (OR2_X2)
                                         _00839_ (net)
                  0.01    0.00    0.72 v _14291_/A1 (NOR3_X1)
     1    1.96    0.03    0.04    0.75 ^ _14291_/ZN (NOR3_X1)
                                         _05316_ (net)
                  0.03    0.00    0.75 ^ _14292_/A2 (NOR2_X1)
     1    2.67    0.02    0.02    0.77 v _14292_/ZN (NOR2_X1)
                                         _05317_ (net)
                  0.02    0.00    0.77 v _14293_/B (XNOR2_X1)
     1    4.31    0.01    0.05    0.81 v _14293_/ZN (XNOR2_X1)
                                         _00400_ (net)
                  0.01    0.00    0.81 v _15321_/B (HA_X1)
     2    4.83    0.01    0.06    0.88 v _15321_/S (HA_X1)
                                         _00402_ (net)
                  0.01    0.00    0.88 v _11739_/A1 (NAND2_X2)
     3   10.47    0.02    0.03    0.90 ^ _11739_/ZN (NAND2_X2)
                                         _02892_ (net)
                  0.02    0.00    0.90 ^ _11740_/A1 (NOR3_X4)
     3    6.13    0.01    0.01    0.92 v _11740_/ZN (NOR3_X4)
                                         _02893_ (net)
                  0.01    0.00    0.92 v _11749_/B1 (AOI221_X2)
     2    2.48    0.04    0.07    0.98 ^ _11749_/ZN (AOI221_X2)
                                         _02902_ (net)
                  0.04    0.00    0.98 ^ _11863_/A2 (AND3_X1)
     1    1.67    0.01    0.05    1.03 ^ _11863_/ZN (AND3_X1)
                                         _03015_ (net)
                  0.01    0.00    1.03 ^ _11864_/A3 (NAND3_X1)
     3    6.97    0.02    0.04    1.07 v _11864_/ZN (NAND3_X1)
                                         _03016_ (net)
                  0.02    0.00    1.07 v _11893_/A1 (AND2_X1)
     1    1.60    0.01    0.04    1.11 v _11893_/ZN (AND2_X1)
                                         _03043_ (net)
                  0.01    0.00    1.11 v _11894_/B1 (AOI21_X1)
     1    2.56    0.03    0.03    1.13 ^ _11894_/ZN (AOI21_X1)
                                         _03044_ (net)
                  0.03    0.00    1.13 ^ _11895_/B (XOR2_X1)
     1    1.94    0.02    0.05    1.18 ^ _11895_/Z (XOR2_X1)
                                         _03045_ (net)
                  0.02    0.00    1.18 ^ _11900_/A2 (OAI22_X1)
     1    1.36    0.02    0.02    1.21 v _11900_/ZN (OAI22_X1)
                                         _00019_ (net)
                  0.02    0.00    1.21 v ex_mem_alu_result[27]$_DFF_PN0_/D (DFFR_X1)
                                  1.21   data arrival time

                          1.00    1.00   clock core_clock (rise edge)
                          0.00    1.00   clock source latency
     2   15.00    0.00    0.00    1.00 ^ clk (in)
                                         clk (net)
                  0.00    0.00    1.00 ^ delaybuf_0_core_clock/A (CLKBUF_X3)
     1    2.79    0.01    0.02    1.02 ^ delaybuf_0_core_clock/Z (CLKBUF_X3)
                                         delaynet_0_core_clock (net)
                  0.01    0.00    1.02 ^ delaybuf_1_core_clock/A (CLKBUF_X3)
     1    2.74    0.01    0.03    1.05 ^ delaybuf_1_core_clock/Z (CLKBUF_X3)
                                         delaynet_1_core_clock (net)
                  0.01    0.00    1.05 ^ delaybuf_2_core_clock/A (CLKBUF_X3)
     1    2.81    0.01    0.03    1.08 ^ delaybuf_2_core_clock/Z (CLKBUF_X3)
                                         delaynet_2_core_clock (net)
                  0.01    0.00    1.08 ^ clkbuf_regs_0_core_clock/A (CLKBUF_X3)
     1    1.86    0.01    0.03    1.10 ^ clkbuf_regs_0_core_clock/Z (CLKBUF_X3)
                                         clk_regs (net)
                  0.01    0.00    1.10 ^ clkbuf_0_clk_regs/A (CLKBUF_X3)
     2    7.93    0.01    0.03    1.14 ^ clkbuf_0_clk_regs/Z (CLKBUF_X3)
                                         clknet_0_clk_regs (net)
                  0.01    0.00    1.14 ^ clkbuf_1_1__f_clk_regs/A (CLKBUF_X3)
     8   32.84    0.03    0.05    1.19 ^ clkbuf_1_1__f_clk_regs/Z (CLKBUF_X3)
                                         clknet_1_1__leaf_clk_regs (net)
                  0.03    0.00    1.19 ^ clkbuf_leaf_12_clk_regs/A (CLKBUF_X3)
    21   29.35    0.02    0.06    1.25 ^ clkbuf_leaf_12_clk_regs/Z (CLKBUF_X3)
                                         clknet_leaf_12_clk_regs (net)
                  0.02    0.00    1.25 ^ ex_mem_alu_result[27]$_DFF_PN0_/CK (DFFR_X1)
                          0.00    1.25   clock reconvergence pessimism
                         -0.04    1.21   library setup time
                                  1.21   data required time
-----------------------------------------------------------------------------
                                  1.21   data required time
                                 -1.21   data arrival time
-----------------------------------------------------------------------------
                                  0.01   slack (MET)



==========================================================================
finish report_check_types -max_slew -max_cap -max_fanout -violators
--------------------------------------------------------------------------
max capacitance

Pin                                    Limit     Cap   Slack
------------------------------------------------------------
_15002_/ZN                             16.02   20.50   -4.48 (VIOLATED)

_15009_/ZN                             16.02   19.11   -3.09 (VIOLATED)

_15043_/ZN                             16.02   19.04   -3.01 (VIOLATED)

_15036_/ZN                             16.02   18.52   -2.50 (VIOLATED)

_09947_/ZN                             63.32   65.51   -2.19 (VIOLATED)

_15028_/ZN                             16.02   17.83   -1.81 (VIOLATED)

_15013_/ZN                             16.02   17.33   -1.31 (VIOLATED)


==========================================================================
finish max_slew_check_slack
--------------------------------------------------------------------------
0.044813599437475204

==========================================================================
finish max_slew_check_limit
--------------------------------------------------------------------------
0.1985349953174591

==========================================================================
finish max_slew_check_slack_limit
--------------------------------------------------------------------------
0.2257

==========================================================================
finish max_fanout_check_slack
--------------------------------------------------------------------------
1.0000000150474662e+30

==========================================================================
finish max_fanout_check_limit
--------------------------------------------------------------------------
1.0000000150474662e+30

==========================================================================
finish max_capacitance_check_slack
--------------------------------------------------------------------------
-4.4798994064331055

==========================================================================
finish max_capacitance_check_limit
--------------------------------------------------------------------------
16.021699905395508

==========================================================================
finish max_capacitance_check_slack_limit
--------------------------------------------------------------------------
-0.2796

==========================================================================
finish max_slew_violation_count
--------------------------------------------------------------------------
max slew violation count 0

==========================================================================
finish max_fanout_violation_count
--------------------------------------------------------------------------
max fanout violation count 0

==========================================================================
finish max_cap_violation_count
--------------------------------------------------------------------------
max cap violation count 7

==========================================================================
finish setup_violation_count
--------------------------------------------------------------------------
setup violation count 0

==========================================================================
finish hold_violation_count
--------------------------------------------------------------------------
hold violation count 0

==========================================================================
finish report_checks -path_delay max reg to reg
--------------------------------------------------------------------------
Startpoint: id_ex_sel_b[2]$_DFF_PN0_
            (rising edge-triggered flip-flop clocked by core_clock)
Endpoint: ex_mem_alu_result[27]$_DFF_PN0_
          (rising edge-triggered flip-flop clocked by core_clock)
Path Group: core_clock
Path Type: max

  Delay    Time   Description
---------------------------------------------------------
   0.00    0.00   clock core_clock (rise edge)
   0.00    0.00   clock source latency
   0.00    0.00 ^ clk (in)
   0.02    0.02 ^ delaybuf_0_core_clock/Z (CLKBUF_X3)
   0.03    0.05 ^ delaybuf_1_core_clock/Z (CLKBUF_X3)
   0.03    0.08 ^ delaybuf_2_core_clock/Z (CLKBUF_X3)
   0.03    0.10 ^ clkbuf_regs_0_core_clock/Z (CLKBUF_X3)
   0.03    0.14 ^ clkbuf_0_clk_regs/Z (CLKBUF_X3)
   0.06    0.20 ^ clkbuf_1_0__f_clk_regs/Z (CLKBUF_X3)
   0.06    0.26 ^ clkbuf_leaf_3_clk_regs/Z (CLKBUF_X3)
   0.00    0.26 ^ id_ex_sel_b[2]$_DFF_PN0_/CK (DFFR_X1)
   0.10    0.36 v id_ex_sel_b[2]$_DFF_PN0_/Q (DFFR_X1)
   0.03    0.39 v place1004/Z (BUF_X4)
   0.05    0.44 ^ _09413_/ZN (AOI22_X1)
   0.03    0.46 v _09416_/ZN (NAND2_X2)
   0.02    0.49 ^ _09656_/ZN (INV_X2)
   0.04    0.52 ^ _15312_/CO (HA_X1)
   0.01    0.53 v _09432_/ZN (INV_X1)
   0.07    0.60 v _09433_/ZN (OR3_X2)
   0.06    0.65 ^ _09434_/ZN (NOR3_X4)
   0.02    0.67 v _09435_/ZN (INV_X1)
   0.04    0.72 v _09486_/ZN (OR2_X2)
   0.04    0.75 ^ _14291_/ZN (NOR3_X1)
   0.02    0.77 v _14292_/ZN (NOR2_X1)
   0.05    0.81 v _14293_/ZN (XNOR2_X1)
   0.06    0.88 v _15321_/S (HA_X1)
   0.03    0.90 ^ _11739_/ZN (NAND2_X2)
   0.01    0.92 v _11740_/ZN (NOR3_X4)
   0.07    0.98 ^ _11749_/ZN (AOI221_X2)
   0.05    1.03 ^ _11863_/ZN (AND3_X1)
   0.04    1.07 v _11864_/ZN (NAND3_X1)
   0.04    1.11 v _11893_/ZN (AND2_X1)
   0.03    1.13 ^ _11894_/ZN (AOI21_X1)
   0.05    1.18 ^ _11895_/Z (XOR2_X1)
   0.02    1.21 v _11900_/ZN (OAI22_X1)
   0.00    1.21 v ex_mem_alu_result[27]$_DFF_PN0_/D (DFFR_X1)
           1.21   data arrival time

   1.00    1.00   clock core_clock (rise edge)
   0.00    1.00   clock source latency
   0.00    1.00 ^ clk (in)
   0.02    1.02 ^ delaybuf_0_core_clock/Z (CLKBUF_X3)
   0.03    1.05 ^ delaybuf_1_core_clock/Z (CLKBUF_X3)
   0.03    1.08 ^ delaybuf_2_core_clock/Z (CLKBUF_X3)
   0.03    1.10 ^ clkbuf_regs_0_core_clock/Z (CLKBUF_X3)
   0.03    1.14 ^ clkbuf_0_clk_regs/Z (CLKBUF_X3)
   0.05    1.19 ^ clkbuf_1_1__f_clk_regs/Z (CLKBUF_X3)
   0.06    1.25 ^ clkbuf_leaf_12_clk_regs/Z (CLKBUF_X3)
   0.00    1.25 ^ ex_mem_alu_result[27]$_DFF_PN0_/CK (DFFR_X1)
   0.00    1.25   clock reconvergence pessimism
  -0.04    1.21   library setup time
           1.21   data required time
---------------------------------------------------------
           1.21   data required time
          -1.21   data arrival time
---------------------------------------------------------
           0.01   slack (MET)



==========================================================================
finish report_checks -path_delay min reg to reg
--------------------------------------------------------------------------
Startpoint: ex_mem_write_data[16]$_DFF_PN0_
            (rising edge-triggered flip-flop clocked by core_clock)
Endpoint: u_dmem.ram[18][16]$_DFF_P_
          (rising edge-triggered flip-flop clocked by core_clock)
Path Group: core_clock
Path Type: min

  Delay    Time   Description
---------------------------------------------------------
   0.00    0.00   clock core_clock (rise edge)
   0.00    0.00   clock source latency
   0.00    0.00 ^ clk (in)
   0.02    0.02 ^ delaybuf_0_core_clock/Z (CLKBUF_X3)
   0.03    0.05 ^ delaybuf_1_core_clock/Z (CLKBUF_X3)
   0.03    0.08 ^ delaybuf_2_core_clock/Z (CLKBUF_X3)
   0.03    0.10 ^ clkbuf_regs_0_core_clock/Z (CLKBUF_X3)
   0.03    0.14 ^ clkbuf_0_clk_regs/Z (CLKBUF_X3)
   0.05    0.19 ^ clkbuf_1_1__f_clk_regs/Z (CLKBUF_X3)
   0.06    0.25 ^ clkbuf_leaf_15_clk_regs/Z (CLKBUF_X3)
   0.00    0.25 ^ ex_mem_write_data[16]$_DFF_PN0_/CK (DFFR_X1)
   0.11    0.36 v ex_mem_write_data[16]$_DFF_PN0_/Q (DFFR_X1)
   0.00    0.36 v u_dmem.ram[18][16]$_DFF_P_/D (DFF_X1)
           0.36   data arrival time

   0.00    0.00   clock core_clock (rise edge)
   0.00    0.00   clock source latency
   0.00    0.00 ^ clk (in)
   0.03    0.03 ^ clkbuf_0_clk/Z (CLKBUF_X3)
   0.06    0.09 ^ clkbuf_1_0__f_clk/Z (CLKBUF_X3)
   0.05    0.14 ^ clkbuf_leaf_12_clk/Z (CLKBUF_X3)
   0.03    0.17 ^ u_dmem.g_row[18].u_icg.u_icg/GCK (CLKGATE_X1)
   0.05    0.22 ^ clkbuf_0_u_dmem.g_row[18].u_icg.gck/Z (CLKBUF_X3)
   0.07    0.28 ^ clkbuf_2_1__f_u_dmem.g_row[18].u_icg.gck/Z (CLKBUF_X3)
   0.01    0.29 ^ u_dmem.ram[18][16]$_DFF_P_/CK (DFF_X1)
   0.00    0.29   clock reconvergence pessimism
   0.01    0.30   library hold time
           0.30   data required time
---------------------------------------------------------
           0.30   data required time
          -0.36   data arrival time
---------------------------------------------------------
           0.06   slack (MET)



==========================================================================
finish critical path target clock latency max path
--------------------------------------------------------------------------
0.2536

==========================================================================
finish critical path target clock latency min path
--------------------------------------------------------------------------
0.2559

==========================================================================
finish critical path source clock latency min path
--------------------------------------------------------------------------
0.0000

==========================================================================
finish critical path delay
--------------------------------------------------------------------------
1.2069

==========================================================================
finish critical path slack
--------------------------------------------------------------------------
0.0075

==========================================================================
finish slack div critical path delay
--------------------------------------------------------------------------
0.621427

==========================================================================
finish report_power
--------------------------------------------------------------------------
Group                  Internal  Switching    Leakage      Total
                          Power      Power      Power      Power (Watts)
----------------------------------------------------------------
Sequential             6.82e-03   9.76e-04   2.72e-04   8.06e-03  38.5%
Combinational          3.84e-03   6.55e-03   1.83e-04   1.06e-02  50.5%
Clock                  1.07e-03   1.22e-03   2.64e-05   2.31e-03  11.0%
Macro                  0.00e+00   0.00e+00   0.00e+00   0.00e+00   0.0%
Pad                    0.00e+00   0.00e+00   0.00e+00   0.00e+00   0.0%
----------------------------------------------------------------
Total                  1.17e-02   8.74e-03   4.81e-04   2.09e-02 100.0%
                          56.0%      41.7%       2.3%
