x20 <= 0x00000060
x5 <= 0xfffffd38
x12 <= 0x0000009d
x3 <= 0x0000049b
x19 <= 0x00000002
MEM[39] <= 0x00000000
x6 <= 0x00000000
x8 <= 0xfffffd38
x19 <= 0x00000001
MEM[39] <= 0x00000000
x6 <= 0x00000000
x8 <= 0xfffffd38
x19 <= 0x00000000
x10 <= 0x00000000
x18 <= 0x00000002
x6 <= 0x00000128
x2 <= 0x0000009d
x14 <= 0x0000009d
x18 <= 0x00000001
x6 <= 0x00000128
x2 <= 0x0000009d
x14 <= 0x0000009d
x18 <= 0x00000000
x14 <= 0x0000005d
x14 <= 0x000000ba
x4 <= 0x00000000
x12 <= 0xffffffba
x14 <= 0xffffff74
x8 <= 0xffffffba
x10 <= 0xffffffba
x8 <= 0x00000000
x7 <= 0xffffff7c
x13 <= 0x00000000
x11 <= 0x00000000
x18 <= 0x00000003
MEM[37] <= 0xfffffd38
x7 <= 0x00000000
x10 <= 0xfffffeca
x18 <= 0x00000002
MEM[37] <= 0xfffffd38
x7 <= 0x00000000
x10 <= 0xfffffeca
x18 <= 0x00000001
MEM[37] <= 0xfffffd38
x7 <= 0x00000000
x10 <= 0xfffffeca
x18 <= 0x00000000
x15 <= 0x00000000
x10 <= 0xfffffffc
x1 <= 0xfffffff8
x11 <= 0xfffffffc
x9 <= 0xfffffd6f
x17 <= 0x00000001
MEM[27] <= 0x00000000
x2 <= 0x00000381
x17 <= 0x00000000
x2 <= 0x00000000
x5 <= 0x00000000
x12 <= 0x00000033
x8 <= 0x00000066
x8 <= 0x00000033
