x20 <= 0x00000080
x3 <= 0x00000000
x7 <= 0x00000000
x8 <= 0x00000000
x10 <= 0x000002cf
x9 <= 0xfffffb83
x19 <= 0x00000013
x16 <= 0x00000015
x5 <= 0x00000000
x1 <= 0x00000000
x19 <= 0x00000014
x7 <= 0x0000040a
x13 <= 0x0000040a
MEM[51] <= 0x00000000
MEM[50] <= 0x00000000
x2 <= 0xffffffcb
x11 <= 0x00000000
x10 <= 0x00000000
x6 <= 0x00000000
x11 <= 0x00000000
x12 <= 0x00000000
x15 <= 0x00000000
x14 <= 0x00000000
x14 <= 0x0000040a
x16 <= 0xffffffdf
x19 <= 0xffffffe0
x15 <= 0x00000814
x16 <= 0xffffffe0
x15 <= 0x00000814
x16 <= 0xffffffe1
x8 <= 0x00000000
x14 <= 0x00000000
x16 <= 0x0000001e
x18 <= 0x0000001f
x10 <= 0x00000000
x16 <= 0x0000001f
x10 <= 0x00000000
x16 <= 0x00000020
x16 <= 0xffffffe6
x19 <= 0xffffffe7
x13 <= 0xfffffd0b
MEM[45] <= 0xfffffd0b
x16 <= 0xffffffe7
x13 <= 0xfffffd0b
MEM[45] <= 0xfffffd0b
x16 <= 0xffffffe8
x4 <= 0x00000000
x19 <= 0xfffffff9
x16 <= 0xfffffffa
x8 <= 0x000004db
x19 <= 0xfffffffa
x8 <= 0x000004db
x19 <= 0xfffffffb
