x20 <= 0x00000060
x10 <= 0xffffffc2
x7 <= 0xffffff84
x5 <= 0xffffffc2
x8 <= 0x00000000
x2 <= 0x00000000
x17 <= 0xffffffec
x16 <= 0xffffffed
x10 <= 0x00000000
x17 <= 0xffffffed
x10 <= 0x00000000
x17 <= 0xffffffee
x7 <= 0x00000000
x1 <= 0x00000000
x5 <= 0x00000000
x5 <= 0x00000000
x9 <= 0x00000000
x1 <= 0x00000000
x10 <= 0xffffffdf
x12 <= 0xffffffbe
x15 <= 0xffffffdf
x13 <= 0x00000000
x4 <= 0x00000000
x8 <= 0xfffff953
x7 <= 0x00000000
x4 <= 0xfffff953
x14 <= 0xffffffb7
x10 <= 0xffffff6e
x6 <= 0xffffffb7
x6 <= 0x00000008
x7 <= 0x00000010
x9 <= 0x00000008
x8 <= 0x0000009a
x15 <= 0x00000010
x19 <= 0x00000003
x11 <= 0x000002df
x19 <= 0x00000002
x11 <= 0x000002df
x19 <= 0x00000001
x11 <= 0x000002df
x19 <= 0x00000000
x19 <= 0x00000001
x1 <= 0xffffff6e
x14 <= 0x00000010
x13 <= 0x00000000
x19 <= 0x00000000
