x20 <= 0x00000080
x3 <= 0x00000000
x2 <= 0x00000000
x14 <= 0x00000000
x17 <= 0x00000004
x6 <= 0xfffffc96
x14 <= 0x00000000
x14 <= 0x0000065d
x17 <= 0x00000003
x6 <= 0xfffff92c
x14 <= 0x00000000
x14 <= 0x0000065d
x17 <= 0x00000002
x6 <= 0xfffff5c2
x14 <= 0x00000000
x14 <= 0x0000065d
x17 <= 0x00000001
x6 <= 0xfffff258
x14 <= 0x00000000
x14 <= 0x0000065d
x17 <= 0x00000000
x17 <= 0xfffffffc
x18 <= 0xfffffffe
x15 <= 0x00000000
x17 <= 0xfffffffd
x16 <= 0x00000012
x19 <= 0x00000013
x10 <= 0x000006d5
x16 <= 0x00000013
x10 <= 0x00000daa
x16 <= 0x00000014
x10 <= 0x00000016
x12 <= 0x0000002c
x13 <= 0x00000016
x10 <= 0x00000000
x6 <= 0x00000000
x7 <= 0x00000000
x7 <= 0x00000000
x5 <= 0x00000424
x10 <= 0x00000020
x8 <= 0x00000040
x3 <= 0x00000020
x12 <= 0x00000000
x4 <= 0xffffffc0
x6 <= 0x0000067d
x1 <= 0x00000000
x15 <= 0xffffffc0
x8 <= 0x00000aa1
MEM[50] <= 0x0000067d
x19 <= 0x00000002
x4 <= 0x00000737
x19 <= 0x00000001
x4 <= 0x00000737
x19 <= 0x00000000
x7 <= 0x00000000
x3 <= 0xffffffc0
x14 <= 0x00000056
x11 <= 0x00000000
