x20 <= 0x00000000
x9 <= 0x00000041
x8 <= 0x00000082
x8 <= 0x00000041
x15 <= 0x00000000
x2 <= 0x00000000
x13 <= 0x00000000
x7 <= 0x00000003
x13 <= 0x00000006
x14 <= 0x00000003
x14 <= 0x0000002b
x10 <= 0x00000056
x4 <= 0x0000002b
x8 <= 0x00000032
x14 <= 0x00000064
x12 <= 0x00000032
x17 <= 0x0000002c
x18 <= 0x0000002c
x8 <= 0x0000005c
x8 <= 0xfffff9e6
x17 <= 0x0000002d
x15 <= 0x00000032
x18 <= 0x00000003
x3 <= 0x00000000
MEM[8] <= 0x00000032
x3 <= 0xfffff805
x18 <= 0x00000002
x3 <= 0x00000000
MEM[8] <= 0x00000032
x3 <= 0xfffff805
x18 <= 0x00000001
x3 <= 0x00000000
MEM[8] <= 0x00000032
x3 <= 0xfffff805
x18 <= 0x00000000
x13 <= 0x00000000
x2 <= 0x0000002d
x8 <= 0x0000005a
x8 <= 0x0000002d
x16 <= 0xfffffffb
x17 <= 0xfffffffd
x6 <= 0xffffffaa
x16 <= 0xfffffffc
x7 <= 0xfffff7d8
x9 <= 0x00000000
x12 <= 0x00000000
x2 <= 0x00000000
x15 <= 0x000002a5
x10 <= 0x00000000
x5 <= 0x00000000
x13 <= 0x00000000
x5 <= 0x00000000
x14 <= 0x00000000
