
==========================================================================
finish report_tns
--------------------------------------------------------------------------
tns max 0.00

==========================================================================
finish report_wns
--------------------------------------------------------------------------
wns max 0.00

==========================================================================
finish report_worst_slack
--------------------------------------------------------------------------
worst slack max 0.00

==========================================================================
finish report_clock_min_period
--------------------------------------------------------------------------
core_clock period_min = 0.95 fmax = 1057.66

==========================================================================
finish report_clock_skew
--------------------------------------------------------------------------
Clock core_clock
   0.21 source latency u_dmem.ram[44][24]$_DFFE_PP_/CK ^
  -0.23 target latency mem_wb_wb_data[24]$_DFF_PN0_/CK ^
   0.00 CRPR
--------------
  -0.02 setup skew


==========================================================================
finish report_checks -path_delay min
--------------------------------------------------------------------------
Startpoint: rst_n (input port clocked by core_clock)
Endpoint: u_pc.pc_out[6]$_DFFE_PN0N_
          (removal check against rising-edge clock core_clock)
Path Group: asynchronous
Path Type: min

Fanout     Cap    Slew   Delay    Time   Description
-----------------------------------------------------------------------------
                          0.00    0.00   clock core_clock (rise edge)
                          0.00    0.00   clock network delay (propagated)
                          0.05    0.05 ^ input external delay
     1    1.15    0.00    0.00    0.05 ^ rst_n (in)
                                         rst_n (net)
                  0.00    0.00    0.05 ^ hold1514/A (CLKBUF_X1)
     1    0.90    0.01    0.02    0.07 ^ hold1514/Z (CLKBUF_X1)
                                         net1514 (net)
                  0.01    0.00    0.07 ^ hold1506/A (CLKBUF_X1)
     1    1.07    0.01    0.03    0.10 ^ hold1506/Z (CLKBUF_X1)
                                         net1506 (net)
                  0.01    0.00    0.10 ^ hold1502/A (CLKBUF_X1)
     1    1.01    0.01    0.03    0.12 ^ hold1502/Z (CLKBUF_X1)
                                         net1502 (net)
                  0.01    0.00    0.12 ^ hold1507/A (CLKBUF_X1)
     1    0.98    0.01    0.03    0.15 ^ hold1507/Z (CLKBUF_X1)
                                         net1507 (net)
                  0.01    0.00    0.15 ^ hold1500/A (CLKBUF_X1)
     1    0.80    0.01    0.02    0.17 ^ hold1500/Z (CLKBUF_X1)
                                         net1500 (net)
                  0.01    0.00    0.17 ^ hold1508/A (CLKBUF_X1)
     1    0.80    0.01    0.02    0.20 ^ hold1508/Z (CLKBUF_X1)
                                         net1508 (net)
                  0.01    0.00    0.20 ^ hold1503/A (CLKBUF_X1)
     1    0.80    0.01    0.02    0.22 ^ hold1503/Z (CLKBUF_X1)
                                         net1503 (net)
                  0.01    0.00    0.22 ^ hold1509/A (CLKBUF_X1)
     1    1.56    0.01    0.03    0.25 ^ hold1509/Z (CLKBUF_X1)
                                         net1509 (net)
                  0.01    0.00    0.25 ^ input33/A (CLKBUF_X3)
     1    1.06    0.01    0.03    0.27 ^ input33/Z (CLKBUF_X3)
                                         net33 (net)
                  0.01    0.00    0.27 ^ hold1510/A (CLKBUF_X1)
     1    0.90    0.01    0.03    0.30 ^ hold1510/Z (CLKBUF_X1)
                                         net1510 (net)
                  0.01    0.00    0.30 ^ hold1504/A (CLKBUF_X1)
     1    1.17    0.01    0.03    0.33 ^ hold1504/Z (CLKBUF_X1)
                                         net1504 (net)
                  0.01    0.00    0.33 ^ hold1511/A (CLKBUF_X1)
     1    1.72    0.01    0.03    0.35 ^ hold1511/Z (CLKBUF_X1)
                                         net1511 (net)
                  0.01    0.00    0.35 ^ hold1501/A (CLKBUF_X3)
     1    1.51    0.01    0.03    0.38 ^ hold1501/Z (CLKBUF_X3)
                                         net1501 (net)
                  0.01    0.00    0.38 ^ hold1512/A (CLKBUF_X1)
     1    1.82    0.01    0.03    0.41 ^ hold1512/Z (CLKBUF_X1)
                                         net1512 (net)
                  0.01    0.00    0.41 ^ hold1505/A (CLKBUF_X3)
     7   28.12    0.02    0.05    0.46 ^ hold1505/Z (CLKBUF_X3)
                                         net1505 (net)
                  0.02    0.00    0.46 ^ place1493/A (BUF_X4)
    65  135.08    0.07    0.09    0.55 ^ place1493/Z (BUF_X4)
                                         net1493 (net)
                  0.07    0.00    0.55 ^ u_pc.pc_out[6]$_DFFE_PN0N_/RN (DFFR_X1)
                                  0.55   data arrival time

                          0.00    0.00   clock core_clock (rise edge)
                          0.00    0.00   clock source latency
     1   18.74    0.00    0.00    0.00 ^ clk (in)
                                         clk (net)
                  0.00    0.00    0.00 ^ clkbuf_0_clk/A (CLKBUF_X3)
    16   78.73    0.06    0.09    0.09 ^ clkbuf_0_clk/Z (CLKBUF_X3)
                                         clknet_0_clk (net)
                  0.06    0.00    0.09 ^ clkbuf_4_10_0_clk/A (CLKBUF_X3)
    13   36.13    0.03    0.07    0.17 ^ clkbuf_4_10_0_clk/Z (CLKBUF_X3)
                                         clknet_4_10_0_clk (net)
                  0.03    0.00    0.17 ^ clkbuf_leaf_34_clk/A (CLKBUF_X3)
    20   29.23    0.02    0.06    0.23 ^ clkbuf_leaf_34_clk/Z (CLKBUF_X3)
                                         clknet_leaf_34_clk (net)
                  0.02    0.00    0.23 ^ u_pc.pc_out[6]$_DFFE_PN0N_/CK (DFFR_X1)
                          0.00    0.23   clock reconvergence pessimism
                          0.27    0.50   library removal time
                                  0.50   data required time
-----------------------------------------------------------------------------
                                  0.50   data required time
                                 -0.55   data arrival time
-----------------------------------------------------------------------------
                                  0.04   slack (MET)


Startpoint: instr_in[17] (input port clocked by core_clock)
Endpoint: if_id_instr[17]$_DFFE_PN0P_
          (rising edge-triggered flip-flop clocked by core_clock)
Path Group: core_clock
Path Type: min

Fanout     Cap    Slew   Delay    Time   Description
-----------------------------------------------------------------------------
                          0.00    0.00   clock core_clock (rise edge)
                          0.00    0.00   clock network delay (propagated)
                          0.05    0.05 ^ input external delay
     1    2.18    0.00    0.00    0.05 ^ instr_in[17] (in)
                                         instr_in[17] (net)
                  0.00    0.00    0.05 ^ hold1718/A (CLKBUF_X1)
     1    1.38    0.01    0.02    0.07 ^ hold1718/Z (CLKBUF_X1)
                                         net1718 (net)
                  0.01    0.00    0.07 ^ hold1607/A (CLKBUF_X1)
     1    1.88    0.01    0.03    0.10 ^ hold1607/Z (CLKBUF_X1)
                                         net1607 (net)
                  0.01    0.00    0.10 ^ hold1719/A (CLKBUF_X1)
     1    1.11    0.01    0.03    0.13 ^ hold1719/Z (CLKBUF_X1)
                                         net1719 (net)
                  0.01    0.00    0.13 ^ input9/A (BUF_X1)
     1    1.04    0.01    0.02    0.15 ^ input9/Z (BUF_X1)
                                         net9 (net)
                  0.01    0.00    0.15 ^ hold1720/A (CLKBUF_X1)
     1    1.00    0.01    0.03    0.17 ^ hold1720/Z (CLKBUF_X1)
                                         net1720 (net)
                  0.01    0.00    0.17 ^ hold1608/A (CLKBUF_X1)
     1    1.96    0.01    0.03    0.20 ^ hold1608/Z (CLKBUF_X1)
                                         net1608 (net)
                  0.01    0.00    0.20 ^ _20679_/B2 (AOI22_X1)
     1    0.79    0.01    0.02    0.22 v _20679_/ZN (AOI22_X1)
                                         _06953_ (net)
                  0.01    0.00    0.22 v hold1609/A (CLKBUF_X1)
     1    1.90    0.01    0.03    0.25 v hold1609/Z (CLKBUF_X1)
                                         net1609 (net)
                  0.01    0.00    0.25 v _20680_/A (INV_X1)
     1    1.05    0.01    0.01    0.26 ^ _20680_/ZN (INV_X1)
                                         _00542_ (net)
                  0.01    0.00    0.26 ^ hold1610/A (CLKBUF_X1)
     1    1.49    0.01    0.03    0.28 ^ hold1610/Z (CLKBUF_X1)
                                         net1610 (net)
                  0.01    0.00    0.28 ^ if_id_instr[17]$_DFFE_PN0P_/D (DFFR_X2)
                                  0.28   data arrival time

                          0.00    0.00   clock core_clock (rise edge)
                          0.00    0.00   clock source latency
     1   18.74    0.00    0.00    0.00 ^ clk (in)
                                         clk (net)
                  0.00    0.00    0.00 ^ clkbuf_0_clk/A (CLKBUF_X3)
    16   78.73    0.06    0.09    0.09 ^ clkbuf_0_clk/Z (CLKBUF_X3)
                                         clknet_0_clk (net)
                  0.06    0.00    0.09 ^ clkbuf_4_8_0_clk/A (CLKBUF_X3)
    12   35.23    0.03    0.07    0.16 ^ clkbuf_4_8_0_clk/Z (CLKBUF_X3)
                                         clknet_4_8_0_clk (net)
                  0.03    0.00    0.17 ^ clkbuf_leaf_28_clk/A (CLKBUF_X3)
    21   26.26    0.02    0.06    0.22 ^ clkbuf_leaf_28_clk/Z (CLKBUF_X3)
                                         clknet_leaf_28_clk (net)
                  0.02    0.00    0.22 ^ if_id_instr[17]$_DFFE_PN0P_/CK (DFFR_X2)
                          0.00    0.22   clock reconvergence pessimism
                          0.01    0.23   library hold time
                                  0.23   data required time
-----------------------------------------------------------------------------
                                  0.23   data required time
                                 -0.28   data arrival time
-----------------------------------------------------------------------------
                                  0.05   slack (MET)



==========================================================================
finish report_checks -path_delay max
--------------------------------------------------------------------------
Startpoint: rst_n (input port clocked by core_clock)
Endpoint: ex_mem_write_data[10]$_DFF_PN0_
          (recovery check against rising-edge clock core_clock)
Path Group: asynchronous
Path Type: max

Fanout     Cap    Slew   Delay    Time   Description
-----------------------------------------------------------------------------
                          0.00    0.00   clock core_clock (rise edge)
                          0.00    0.00   clock network delay (propagated)
                          0.05    0.05 ^ input external delay
     1    1.15    0.00    0.00    0.05 ^ rst_n (in)
                                         rst_n (net)
                  0.00    0.00    0.05 ^ hold1514/A (CLKBUF_X1)
     1    0.90    0.01    0.02    0.07 ^ hold1514/Z (CLKBUF_X1)
                                         net1514 (net)
                  0.01    0.00    0.07 ^ hold1506/A (CLKBUF_X1)
     1    1.07    0.01    0.03    0.10 ^ hold1506/Z (CLKBUF_X1)
                                         net1506 (net)
                  0.01    0.00    0.10 ^ hold1502/A (CLKBUF_X1)
     1    1.01    0.01    0.03    0.12 ^ hold1502/Z (CLKBUF_X1)
                                         net1502 (net)
                  0.01    0.00    0.12 ^ hold1507/A (CLKBUF_X1)
     1    0.98    0.01    0.03    0.15 ^ hold1507/Z (CLKBUF_X1)
                                         net1507 (net)
                  0.01    0.00    0.15 ^ hold1500/A (CLKBUF_X1)
     1    0.80    0.01    0.02    0.17 ^ hold1500/Z (CLKBUF_X1)
                                         net1500 (net)
                  0.01    0.00    0.17 ^ hold1508/A (CLKBUF_X1)
     1    0.80    0.01    0.02    0.20 ^ hold1508/Z (CLKBUF_X1)
                                         net1508 (net)
                  0.01    0.00    0.20 ^ hold1503/A (CLKBUF_X1)
     1    0.80    0.01    0.02    0.22 ^ hold1503/Z (CLKBUF_X1)
                                         net1503 (net)
                  0.01    0.00    0.22 ^ hold1509/A (CLKBUF_X1)
     1    1.56    0.01    0.03    0.25 ^ hold1509/Z (CLKBUF_X1)
                                         net1509 (net)
                  0.01    0.00    0.25 ^ input33/A (CLKBUF_X3)
     1    1.06    0.01    0.03    0.27 ^ input33/Z (CLKBUF_X3)
                                         net33 (net)
                  0.01    0.00    0.27 ^ hold1510/A (CLKBUF_X1)
     1    0.90    0.01    0.03    0.30 ^ hold1510/Z (CLKBUF_X1)
                                         net1510 (net)
                  0.01    0.00    0.30 ^ hold1504/A (CLKBUF_X1)
     1    1.17    0.01    0.03    0.33 ^ hold1504/Z (CLKBUF_X1)
                                         net1504 (net)
                  0.01    0.00    0.33 ^ hold1511/A (CLKBUF_X1)
     1    1.72    0.01    0.03    0.35 ^ hold1511/Z (CLKBUF_X1)
                                         net1511 (net)
                  0.01    0.00    0.35 ^ hold1501/A (CLKBUF_X3)
     1    1.51    0.01    0.03    0.38 ^ hold1501/Z (CLKBUF_X3)
                                         net1501 (net)
                  0.01    0.00    0.38 ^ hold1512/A (CLKBUF_X1)
     1    1.82    0.01    0.03    0.41 ^ hold1512/Z (CLKBUF_X1)
                                         net1512 (net)
                  0.01    0.00    0.41 ^ hold1505/A (CLKBUF_X3)
     7   28.12    0.02    0.05    0.46 ^ hold1505/Z (CLKBUF_X3)
                                         net1505 (net)
                  0.02    0.00    0.46 ^ place1498/A (BUF_X2)
    31   82.59    0.09    0.12    0.58 ^ place1498/Z (BUF_X2)
                                         net1498 (net)
                  0.09    0.01    0.59 ^ place1497/A (BUF_X4)
    41  103.05    0.06    0.08    0.67 ^ place1497/Z (BUF_X4)
                                         net1497 (net)
                  0.06    0.01    0.68 ^ ex_mem_write_data[10]$_DFF_PN0_/RN (DFFR_X1)
                                  0.68   data arrival time

                          0.95    0.95   clock core_clock (rise edge)
                          0.00    0.95   clock source latency
     1   18.74    0.00    0.00    0.95 ^ clk (in)
                                         clk (net)
                  0.00    0.00    0.95 ^ clkbuf_0_clk/A (CLKBUF_X3)
    16   78.73    0.06    0.09    1.04 ^ clkbuf_0_clk/Z (CLKBUF_X3)
                                         clknet_0_clk (net)
                  0.06    0.00    1.04 ^ clkbuf_4_9_0_clk/A (CLKBUF_X3)
     9   34.96    0.03    0.07    1.11 ^ clkbuf_4_9_0_clk/Z (CLKBUF_X3)
                                         clknet_4_9_0_clk (net)
                  0.03    0.00    1.12 ^ clkbuf_leaf_20_clk/A (CLKBUF_X3)
    21   27.67    0.02    0.06    1.17 ^ clkbuf_leaf_20_clk/Z (CLKBUF_X3)
                                         clknet_leaf_20_clk (net)
                  0.02    0.00    1.17 ^ ex_mem_write_data[10]$_DFF_PN0_/CK (DFFR_X1)
                          0.00    1.17   clock reconvergence pessimism
                          0.06    1.23   library recovery time
                                  1.23   data required time
-----------------------------------------------------------------------------
                                  1.23   data required time
                                 -0.68   data arrival time
-----------------------------------------------------------------------------
                                  0.55   slack (MET)


Startpoint: id_ex_sel_b[1]$_DFF_PN0_
            (rising edge-triggered flip-flop clocked by core_clock)
Endpoint: ex_mem_alu_result[29]$_DFF_PN0_
          (rising edge-triggered flip-flop clocked by core_clock)
Path Group: core_clock
Path Type: max

Fanout     Cap    Slew   Delay    Time   Description
-----------------------------------------------------------------------------
                          0.00    0.00   clock core_clock (rise edge)
                          0.00    0.00   clock source latency
     1   18.74    0.00    0.00    0.00 ^ clk (in)
                                         clk (net)
                  0.00    0.00    0.00 ^ clkbuf_0_clk/A (CLKBUF_X3)
    16   78.73    0.06    0.09    0.09 ^ clkbuf_0_clk/Z (CLKBUF_X3)
                                         clknet_0_clk (net)
                  0.06    0.00    0.09 ^ clkbuf_4_8_0_clk/A (CLKBUF_X3)
    12   35.23    0.03    0.07    0.16 ^ clkbuf_4_8_0_clk/Z (CLKBUF_X3)
                                         clknet_4_8_0_clk (net)
                  0.03    0.00    0.17 ^ clkbuf_leaf_23_clk/A (CLKBUF_X3)
    21   29.61    0.03    0.06    0.22 ^ clkbuf_leaf_23_clk/Z (CLKBUF_X3)
                                         clknet_leaf_23_clk (net)
                  0.03    0.00    0.23 ^ id_ex_sel_b[1]$_DFF_PN0_/CK (DFFR_X1)
     2    5.53    0.01    0.10    0.33 v id_ex_sel_b[1]$_DFF_PN0_/Q (DFFR_X1)
                                         id_ex_sel_b[1] (net)
                  0.01    0.00    0.33 v place1322/A (BUF_X4)
    10   24.63    0.01    0.03    0.36 v place1322/Z (BUF_X4)
                                         net1322 (net)
                  0.01    0.00    0.36 v place1321/A (BUF_X2)
     5   10.07    0.01    0.03    0.39 v place1321/Z (BUF_X2)
                                         net1321 (net)
                  0.01    0.00    0.39 v _14549_/B1 (AOI22_X2)
     1    7.01    0.03    0.05    0.44 ^ _14549_/ZN (AOI22_X2)
                                         _08516_ (net)
                  0.03    0.00    0.44 ^ _14551_/A2 (NAND3_X4)
     3    8.35    0.01    0.03    0.47 v _14551_/ZN (NAND3_X4)
                                         _08518_ (net)
                  0.01    0.00    0.47 v _14564_/A4 (OR4_X4)
     4   15.14    0.02    0.12    0.59 v _14564_/ZN (OR4_X4)
                                         _08531_ (net)
                  0.02    0.00    0.59 v _14702_/A3 (OR3_X4)
     3    9.46    0.01    0.08    0.66 v _14702_/ZN (OR3_X4)
                                         _08657_ (net)
                  0.01    0.00    0.66 v _14703_/B1 (OAI21_X4)
     1    2.29    0.01    0.02    0.69 ^ _14703_/ZN (OAI21_X4)
                                         _08658_ (net)
                  0.01    0.00    0.69 ^ _14704_/A (XOR2_X1)
     1    4.05    0.03    0.06    0.75 ^ _14704_/Z (XOR2_X1)
                                         _00399_ (net)
                  0.03    0.00    0.75 ^ _25352_/A (HA_X1)
     2    4.57    0.04    0.07    0.81 ^ _25352_/S (HA_X1)
                                         _00401_ (net)
                  0.04    0.00    0.81 ^ _17290_/A (INV_X2)
     4   12.49    0.01    0.02    0.83 v _17290_/ZN (INV_X2)
                                         _03739_ (net)
                  0.01    0.00    0.84 v _17292_/A2 (NOR2_X4)
     4   12.85    0.02    0.04    0.87 ^ _17292_/ZN (NOR2_X4)
                                         _03741_ (net)
                  0.02    0.00    0.87 ^ _17428_/A4 (AND4_X4)
     1    3.91    0.01    0.05    0.93 ^ _17428_/ZN (AND4_X4)
                                         _03876_ (net)
                  0.01    0.00    0.93 ^ _17429_/A3 (AND3_X4)
     2    9.77    0.01    0.04    0.97 ^ _17429_/ZN (AND3_X4)
                                         _03877_ (net)
                  0.01    0.00    0.97 ^ _17430_/A1 (NOR3_X4)
     2    4.49    0.01    0.01    0.98 v _17430_/ZN (NOR3_X4)
                                         _03878_ (net)
                  0.01    0.00    0.98 v _17431_/B1 (OAI21_X2)
     1    2.07    0.02    0.02    1.00 ^ _17431_/ZN (OAI21_X2)
                                         _03879_ (net)
                  0.02    0.00    1.00 ^ _17432_/S (MUX2_X1)
     1    1.46    0.01    0.06    1.06 v _17432_/Z (MUX2_X1)
                                         _03880_ (net)
                  0.01    0.00    1.06 v _17435_/A1 (OR4_X2)
     1    1.21    0.01    0.07    1.13 v _17435_/ZN (OR4_X2)
                                         _00021_ (net)
                  0.01    0.00    1.13 v ex_mem_alu_result[29]$_DFF_PN0_/D (DFFR_X1)
                                  1.13   data arrival time

                          0.95    0.95   clock core_clock (rise edge)
                          0.00    0.95   clock source latency
     1   18.74    0.00    0.00    0.95 ^ clk (in)
                                         clk (net)
                  0.00    0.00    0.95 ^ clkbuf_0_clk/A (CLKBUF_X3)
    16   78.73    0.06    0.09    1.04 ^ clkbuf_0_clk/Z (CLKBUF_X3)
                                         clknet_0_clk (net)
                  0.06    0.00    1.04 ^ clkbuf_4_9_0_clk/A (CLKBUF_X3)
     9   34.96    0.03    0.07    1.11 ^ clkbuf_4_9_0_clk/Z (CLKBUF_X3)
                                         clknet_4_9_0_clk (net)
                  0.03    0.00    1.12 ^ clkbuf_leaf_53_clk/A (CLKBUF_X3)
    21   27.42    0.02    0.06    1.17 ^ clkbuf_leaf_53_clk/Z (CLKBUF_X3)
                                         clknet_leaf_53_clk (net)
                  0.02    0.00    1.17 ^ ex_mem_alu_result[29]$_DFF_PN0_/CK (DFFR_X1)
                          0.00    1.17   clock reconvergence pessimism
                         -0.04    1.14   library setup time
                                  1.14   data required time
-----------------------------------------------------------------------------
                                  1.14   data required time
                                 -1.13   data arrival time
-----------------------------------------------------------------------------
                                  0.00   slack (MET)



==========================================================================
finish report_checks -unconstrained
--------------------------------------------------------------------------
Startpoint: rst_n (input port clocked by core_clock)
Endpoint: ex_mem_write_data[10]$_DFF_PN0_
          (recovery check against rising-edge clock core_clock)
Path Group: asynchronous
Path Type: max

Fanout     Cap    Slew   Delay    Time   Description
-----------------------------------------------------------------------------
                          0.00    0.00   clock core_clock (rise edge)
                          0.00    0.00   clock network delay (propagated)
                          0.05    0.05 ^ input external delay
     1    1.15    0.00    0.00    0.05 ^ rst_n (in)
                                         rst_n (net)
                  0.00    0.00    0.05 ^ hold1514/A (CLKBUF_X1)
     1    0.90    0.01    0.02    0.07 ^ hold1514/Z (CLKBUF_X1)
                                         net1514 (net)
                  0.01    0.00    0.07 ^ hold1506/A (CLKBUF_X1)
     1    1.07    0.01    0.03    0.10 ^ hold1506/Z (CLKBUF_X1)
                                         net1506 (net)
                  0.01    0.00    0.10 ^ hold1502/A (CLKBUF_X1)
     1    1.01    0.01    0.03    0.12 ^ hold1502/Z (CLKBUF_X1)
                                         net1502 (net)
                  0.01    0.00    0.12 ^ hold1507/A (CLKBUF_X1)
     1    0.98    0.01    0.03    0.15 ^ hold1507/Z (CLKBUF_X1)
                                         net1507 (net)
                  0.01    0.00    0.15 ^ hold1500/A (CLKBUF_X1)
     1    0.80    0.01    0.02    0.17 ^ hold1500/Z (CLKBUF_X1)
                                         net1500 (net)
                  0.01    0.00    0.17 ^ hold1508/A (CLKBUF_X1)
     1    0.80    0.01    0.02    0.20 ^ hold1508/Z (CLKBUF_X1)
                                         net1508 (net)
                  0.01    0.00    0.20 ^ hold1503/A (CLKBUF_X1)
     1    0.80    0.01    0.02    0.22 ^ hold1503/Z (CLKBUF_X1)
                                         net1503 (net)
                  0.01    0.00    0.22 ^ hold1509/A (CLKBUF_X1)
     1    1.56    0.01    0.03    0.25 ^ hold1509/Z (CLKBUF_X1)
                                         net1509 (net)
                  0.01    0.00    0.25 ^ input33/A (CLKBUF_X3)
     1    1.06    0.01    0.03    0.27 ^ input33/Z (CLKBUF_X3)
                                         net33 (net)
                  0.01    0.00    0.27 ^ hold1510/A (CLKBUF_X1)
     1    0.90    0.01    0.03    0.30 ^ hold1510/Z (CLKBUF_X1)
                                         net1510 (net)
                  0.01    0.00    0.30 ^ hold1504/A (CLKBUF_X1)
     1    1.17    0.01    0.03    0.33 ^ hold1504/Z (CLKBUF_X1)
                                         net1504 (net)
                  0.01    0.00    0.33 ^ hold1511/A (CLKBUF_X1)
     1    1.72    0.01    0.03    0.35 ^ hold1511/Z (CLKBUF_X1)
                                         net1511 (net)
                  0.01    0.00    0.35 ^ hold1501/A (CLKBUF_X3)
     1    1.51    0.01    0.03    0.38 ^ hold1501/Z (CLKBUF_X3)
                                         net1501 (net)
                  0.01    0.00    0.38 ^ hold1512/A (CLKBUF_X1)
     1    1.82    0.01    0.03    0.41 ^ hold1512/Z (CLKBUF_X1)
                                         net1512 (net)
                  0.01    0.00    0.41 ^ hold1505/A (CLKBUF_X3)
     7   28.12    0.02    0.05    0.46 ^ hold1505/Z (CLKBUF_X3)
                                         net1505 (net)
                  0.02    0.00    0.46 ^ place1498/A (BUF_X2)
    31   82.59    0.09    0.12    0.58 ^ place1498/Z (BUF_X2)
                                         net1498 (net)
                  0.09    0.01    0.59 ^ place1497/A (BUF_X4)
    41  103.05    0.06    0.08    0.67 ^ place1497/Z (BUF_X4)
                                         net1497 (net)
                  0.06    0.01    0.68 ^ ex_mem_write_data[10]$_DFF_PN0_/RN (DFFR_X1)
                                  0.68   data arrival time

                          0.95    0.95   clock core_clock (rise edge)
                          0.00    0.95   clock source latency
     1   18.74    0.00    0.00    0.95 ^ clk (in)
                                         clk (net)
                  0.00    0.00    0.95 ^ clkbuf_0_clk/A (CLKBUF_X3)
    16   78.73    0.06    0.09    1.04 ^ clkbuf_0_clk/Z (CLKBUF_X3)
                                         clknet_0_clk (net)
                  0.06    0.00    1.04 ^ clkbuf_4_9_0_clk/A (CLKBUF_X3)
     9   34.96    0.03    0.07    1.11 ^ clkbuf_4_9_0_clk/Z (CLKBUF_X3)
                                         clknet_4_9_0_clk (net)
                  0.03    0.00    1.12 ^ clkbuf_leaf_20_clk/A (CLKBUF_X3)
    21   27.67    0.02    0.06    1.17 ^ clkbuf_leaf_20_clk/Z (CLKBUF_X3)
                                         clknet_leaf_20_clk (net)
                  0.02    0.00    1.17 ^ ex_mem_write_data[10]$_DFF_PN0_/CK (DFFR_X1)
                          0.00    1.17   clock reconvergence pessimism
                          0.06    1.23   library recovery time
                                  1.23   data required time
-----------------------------------------------------------------------------
                                  1.23   data required time
                                 -0.68   data arrival time
-----------------------------------------------------------------------------
                                  0.55   slack (MET)


Startpoint: id_ex_sel_b[1]$_DFF_PN0_
            (rising edge-triggered flip-flop clocked by core_clock)
Endpoint: ex_mem_alu_result[29]$_DFF_PN0_
          (rising edge-triggered flip-flop clocked by core_clock)
Path Group: core_clock
Path Type: max

Fanout     Cap    Slew   Delay    Time   Description
-----------------------------------------------------------------------------
                          0.00    0.00   clock core_clock (rise edge)
                          0.00    0.00   clock source latency
     1   18.74    0.00    0.00    0.00 ^ clk (in)
                                         clk (net)
                  0.00    0.00    0.00 ^ clkbuf_0_clk/A (CLKBUF_X3)
    16   78.73    0.06    0.09    0.09 ^ clkbuf_0_clk/Z (CLKBUF_X3)
                                         clknet_0_clk (net)
                  0.06    0.00    0.09 ^ clkbuf_4_8_0_clk/A (CLKBUF_X3)
    12   35.23    0.03    0.07    0.16 ^ clkbuf_4_8_0_clk/Z (CLKBUF_X3)
                                         clknet_4_8_0_clk (net)
                  0.03    0.00    0.17 ^ clkbuf_leaf_23_clk/A (CLKBUF_X3)
    21   29.61    0.03    0.06    0.22 ^ clkbuf_leaf_23_clk/Z (CLKBUF_X3)
                                         clknet_leaf_23_clk (net)
                  0.03    0.00    0.23 ^ id_ex_sel_b[1]$_DFF_PN0_/CK (DFFR_X1)
     2    5.53    0.01    0.10    0.33 v id_ex_sel_b[1]$_DFF_PN0_/Q (DFFR_X1)
                                         id_ex_sel_b[1] (net)
                  0.01    0.00    0.33 v place1322/A (BUF_X4)
    10   24.63    0.01    0.03    0.36 v place1322/Z (BUF_X4)
                                         net1322 (net)
                  0.01    0.00    0.36 v place1321/A (BUF_X2)
     5   10.07    0.01    0.03    0.39 v place1321/Z (BUF_X2)
                                         net1321 (net)
                  0.01    0.00    0.39 v _14549_/B1 (AOI22_X2)
     1    7.01    0.03    0.05    0.44 ^ _14549_/ZN (AOI22_X2)
                                         _08516_ (net)
                  0.03    0.00    0.44 ^ _14551_/A2 (NAND3_X4)
     3    8.35    0.01    0.03    0.47 v _14551_/ZN (NAND3_X4)
                                         _08518_ (net)
                  0.01    0.00    0.47 v _14564_/A4 (OR4_X4)
     4   15.14    0.02    0.12    0.59 v _14564_/ZN (OR4_X4)
                                         _08531_ (net)
                  0.02    0.00    0.59 v _14702_/A3 (OR3_X4)
     3    9.46    0.01    0.08    0.66 v _14702_/ZN (OR3_X4)
                                         _08657_ (net)
                  0.01    0.00    0.66 v _14703_/B1 (OAI21_X4)
     1    2.29    0.01    0.02    0.69 ^ _14703_/ZN (OAI21_X4)
                                         _08658_ (net)
                  0.01    0.00    0.69 ^ _14704_/A (XOR2_X1)
     1    4.05    0.03    0.06    0.75 ^ _14704_/Z (XOR2_X1)
                                         _00399_ (net)
                  0.03    0.00    0.75 ^ _25352_/A (HA_X1)
     2    4.57    0.04    0.07    0.81 ^ _25352_/S (HA_X1)
                                         _00401_ (net)
                  0.04    0.00    0.81 ^ _17290_/A (INV_X2)
     4   12.49    0.01    0.02    0.83 v _17290_/ZN (INV_X2)
                                         _03739_ (net)
                  0.01    0.00    0.84 v _17292_/A2 (NOR2_X4)
     4   12.85    0.02    0.04    0.87 ^ _17292_/ZN (NOR2_X4)
                                         _03741_ (net)
                  0.02    0.00    0.87 ^ _17428_/A4 (AND4_X4)
     1    3.91    0.01    0.05    0.93 ^ _17428_/ZN (AND4_X4)
                                         _03876_ (net)
                  0.01    0.00    0.93 ^ _17429_/A3 (AND3_X4)
     2    9.77    0.01    0.04    0.97 ^ _17429_/ZN (AND3_X4)
                                         _03877_ (net)
                  0.01    0.00    0.97 ^ _17430_/A1 (NOR3_X4)
     2    4.49    0.01    0.01    0.98 v _17430_/ZN (NOR3_X4)
                                         _03878_ (net)
                  0.01    0.00    0.98 v _17431_/B1 (OAI21_X2)
     1    2.07    0.02    0.02    1.00 ^ _17431_/ZN (OAI21_X2)
                                         _03879_ (net)
                  0.02    0.00    1.00 ^ _17432_/S (MUX2_X1)
     1    1.46    0.01    0.06    1.06 v _17432_/Z (MUX2_X1)
                                         _03880_ (net)
                  0.01    0.00    1.06 v _17435_/A1 (OR4_X2)
     1    1.21    0.01    0.07    1.13 v _17435_/ZN (OR4_X2)
                                         _00021_ (net)
                  0.01    0.00    1.13 v ex_mem_alu_result[29]$_DFF_PN0_/D (DFFR_X1)
                                  1.13   data arrival time

                          0.95    0.95   clock core_clock (rise edge)
                          0.00    0.95   clock source latency
     1   18.74    0.00    0.00    0.95 ^ clk (in)
                                         clk (net)
                  0.00    0.00    0.95 ^ clkbuf_0_clk/A (CLKBUF_X3)
    16   78.73    0.06    0.09    1.04 ^ clkbuf_0_clk/Z (CLKBUF_X3)
                                         clknet_0_clk (net)
                  0.06    0.00    1.04 ^ clkbuf_4_9_0_clk/A (CLKBUF_X3)
     9   34.96    0.03    0.07    1.11 ^ clkbuf_4_9_0_clk/Z (CLKBUF_X3)
                                         clknet_4_9_0_clk (net)
                  0.03    0.00    1.12 ^ clkbuf_leaf_53_clk/A (CLKBUF_X3)
    21   27.42    0.02    0.06    1.17 ^ clkbuf_leaf_53_clk/Z (CLKBUF_X3)
                                         clknet_leaf_53_clk (net)
                  0.02    0.00    1.17 ^ ex_mem_alu_result[29]$_DFF_PN0_/CK (DFFR_X1)
                          0.00    1.17   clock reconvergence pessimism
                         -0.04    1.14   library setup time
                                  1.14   data required time
-----------------------------------------------------------------------------
                                  1.14   data required time
                                 -1.13   data arrival time
-----------------------------------------------------------------------------
                                  0.00   slack (MET)



==========================================================================
finish report_check_types -max_slew -max_cap -max_fanout -violators
--------------------------------------------------------------------------

==========================================================================
finish max_slew_check_slack
--------------------------------------------------------------------------
0.07795172929763794

==========================================================================
finish max_slew_check_limit
--------------------------------------------------------------------------
0.1985349953174591

==========================================================================
finish max_slew_check_slack_limit
--------------------------------------------------------------------------
0.3926

==========================================================================
finish max_fanout_check_slack
--------------------------------------------------------------------------
1.0000000150474662e+30

==========================================================================
finish max_fanout_check_limit
--------------------------------------------------------------------------
1.0000000150474662e+30

==========================================================================
finish max_capacitance_check_slack
--------------------------------------------------------------------------
0.6584672927856445

==========================================================================
finish max_capacitance_check_limit
--------------------------------------------------------------------------
13.008099555969238

==========================================================================
finish max_capacitance_check_slack_limit
--------------------------------------------------------------------------
0.0506

==========================================================================
finish max_slew_violation_count
--------------------------------------------------------------------------
max slew violation count 0

==========================================================================
finish max_fanout_violation_count
--------------------------------------------------------------------------
max fanout violation count 0

==========================================================================
finish max_cap_violation_count
--------------------------------------------------------------------------
max cap violation count 0

==========================================================================
finish setup_violation_count
--------------------------------------------------------------------------
setup violation count 0

==========================================================================
finish hold_violation_count
--------------------------------------------------------------------------
hold violation count 0

==========================================================================
finish report_checks -path_delay max reg to reg
--------------------------------------------------------------------------
Startpoint: id_ex_sel_b[1]$_DFF_PN0_
            (rising edge-triggered flip-flop clocked by core_clock)
Endpoint: ex_mem_alu_result[29]$_DFF_PN0_
          (rising edge-triggered flip-flop clocked by core_clock)
Path Group: core_clock
Path Type: max

  Delay    Time   Description
---------------------------------------------------------
   0.00    0.00   clock core_clock (rise edge)
   0.00    0.00   clock source latency
   0.00    0.00 ^ clk (in)
   0.09    0.09 ^ clkbuf_0_clk/Z (CLKBUF_X3)
   0.08    0.16 ^ clkbuf_4_8_0_clk/Z (CLKBUF_X3)
   0.06    0.22 ^ clkbuf_leaf_23_clk/Z (CLKBUF_X3)
   0.00    0.23 ^ id_ex_sel_b[1]$_DFF_PN0_/CK (DFFR_X1)
   0.10    0.33 v id_ex_sel_b[1]$_DFF_PN0_/Q (DFFR_X1)
   0.03    0.36 v place1322/Z (BUF_X4)
   0.03    0.39 v place1321/Z (BUF_X2)
   0.05    0.44 ^ _14549_/ZN (AOI22_X2)
   0.03    0.47 v _14551_/ZN (NAND3_X4)
   0.12    0.59 v _14564_/ZN (OR4_X4)
   0.08    0.66 v _14702_/ZN (OR3_X4)
   0.02    0.69 ^ _14703_/ZN (OAI21_X4)
   0.06    0.75 ^ _14704_/Z (XOR2_X1)
   0.07    0.81 ^ _25352_/S (HA_X1)
   0.02    0.83 v _17290_/ZN (INV_X2)
   0.04    0.87 ^ _17292_/ZN (NOR2_X4)
   0.05    0.93 ^ _17428_/ZN (AND4_X4)
   0.04    0.97 ^ _17429_/ZN (AND3_X4)
   0.01    0.98 v _17430_/ZN (NOR3_X4)
   0.02    1.00 ^ _17431_/ZN (OAI21_X2)
   0.06    1.06 v _17432_/Z (MUX2_X1)
   0.07    1.13 v _17435_/ZN (OR4_X2)
   0.00    1.13 v ex_mem_alu_result[29]$_DFF_PN0_/D (DFFR_X1)
           1.13   data arrival time

   0.95    0.95   clock core_clock (rise edge)
   0.00    0.95   clock source latency
   0.00    0.95 ^ clk (in)
   0.09    1.04 ^ clkbuf_0_clk/Z (CLKBUF_X3)
   0.08    1.11 ^ clkbuf_4_9_0_clk/Z (CLKBUF_X3)
   0.06    1.17 ^ clkbuf_leaf_53_clk/Z (CLKBUF_X3)
   0.00    1.17 ^ ex_mem_alu_result[29]$_DFF_PN0_/CK (DFFR_X1)
   0.00    1.17   clock reconvergence pessimism
  -0.04    1.14   library setup time
           1.14   data required time
---------------------------------------------------------
           1.14   data required time
          -1.13   data arrival time
---------------------------------------------------------
           0.00   slack (MET)



==========================================================================
finish report_checks -path_delay min reg to reg
--------------------------------------------------------------------------
Startpoint: ex_mem_reg_write$_DFF_PN0_
            (rising edge-triggered flip-flop clocked by core_clock)
Endpoint: mem_wb_reg_write$_DFF_PN0_
          (rising edge-triggered flip-flop clocked by core_clock)
Path Group: core_clock
Path Type: min

  Delay    Time   Description
---------------------------------------------------------
   0.00    0.00   clock core_clock (rise edge)
   0.00    0.00   clock source latency
   0.00    0.00 ^ clk (in)
   0.09    0.09 ^ clkbuf_0_clk/Z (CLKBUF_X3)
   0.08    0.16 ^ clkbuf_4_8_0_clk/Z (CLKBUF_X3)
   0.06    0.22 ^ clkbuf_leaf_29_clk/Z (CLKBUF_X3)
   0.00    0.22 ^ ex_mem_reg_write$_DFF_PN0_/CK (DFFR_X1)
   0.10    0.32 v ex_mem_reg_write$_DFF_PN0_/Q (DFFR_X1)
   0.00    0.32 v mem_wb_reg_write$_DFF_PN0_/D (DFFR_X1)
           0.32   data arrival time

   0.00    0.00   clock core_clock (rise edge)
   0.00    0.00   clock source latency
   0.00    0.00 ^ clk (in)
   0.09    0.09 ^ clkbuf_0_clk/Z (CLKBUF_X3)
   0.08    0.16 ^ clkbuf_4_8_0_clk/Z (CLKBUF_X3)
   0.06    0.22 ^ clkbuf_leaf_26_clk/Z (CLKBUF_X3)
   0.00    0.22 ^ mem_wb_reg_write$_DFF_PN0_/CK (DFFR_X1)
   0.00    0.22   clock reconvergence pessimism
   0.01    0.23   library hold time
           0.23   data required time
---------------------------------------------------------
           0.23   data required time
          -0.32   data arrival time
---------------------------------------------------------
           0.09   slack (MET)



==========================================================================
finish critical path target clock latency max path
--------------------------------------------------------------------------
0.2240

==========================================================================
finish critical path target clock latency min path
--------------------------------------------------------------------------
0.2280

==========================================================================
finish critical path source clock latency min path
--------------------------------------------------------------------------
0.0000

==========================================================================
finish critical path delay
--------------------------------------------------------------------------
1.1342

==========================================================================
finish critical path slack
--------------------------------------------------------------------------
0.0045

==========================================================================
finish slack div critical path delay
--------------------------------------------------------------------------
0.396755

==========================================================================
finish report_power
--------------------------------------------------------------------------
Group                  Internal  Switching    Leakage      Total
                          Power      Power      Power      Power (Watts)
----------------------------------------------------------------
Sequential             2.58e-02   5.74e-04   2.65e-04   2.66e-02  62.5%
Combinational          2.30e-03   4.39e-03   3.13e-04   7.01e-03  16.5%
Clock                  2.46e-03   6.49e-03   7.06e-06   8.96e-03  21.1%
Macro                  0.00e+00   0.00e+00   0.00e+00   0.00e+00   0.0%
Pad                    0.00e+00   0.00e+00   0.00e+00   0.00e+00   0.0%
----------------------------------------------------------------
Total                  3.05e-02   1.15e-02   5.85e-04   4.26e-02 100.0%
                          71.7%      26.9%       1.4%
