x20 <= 0x00000020
x12 <= 0x00000000
x15 <= 0x00000000
x12 <= 0x00000000
x12 <= 0x00000000
x18 <= 0x00000001
x8 <= 0x00000695
x11 <= 0x00000000
x13 <= 0x00000000
x18 <= 0x00000000
x17 <= 0x00000003
x11 <= 0x00000000
x17 <= 0x00000002
x11 <= 0x00000000
x17 <= 0x00000001
x11 <= 0x00000000
x17 <= 0x00000000
x4 <= 0x00000000
x4 <= 0x00000695
x8 <= 0x00000706
x8 <= 0x00000000
x10 <= 0x0000000b
x6 <= 0x00000016
x11 <= 0x0000000b
x3 <= 0x000006a0
x10 <= 0x00000000
x12 <= 0x00000000
x1 <= 0xfffffa15
x2 <= 0x00000000
x3 <= 0xfffff96b
x10 <= 0x00000000
x5 <= 0x00000000
x6 <= 0x00000000
x18 <= 0xfffffff8
x16 <= 0xfffffffa
x3 <= 0x00000000
x5 <= 0x00000695
x18 <= 0xfffffff9
x1 <= 0xffffffcf
x2 <= 0xffffff9e
x3 <= 0xffffffcf
x9 <= 0xffffffcf
x2 <= 0x00000062
x5 <= 0x00000000
x12 <= 0xffffffef
MEM[20] <= 0xffffffcf
x6 <= 0x00000000
x4 <= 0xffffffcf
