
==========================================================================
finish report_tns
--------------------------------------------------------------------------
tns max 0.00

==========================================================================
finish report_wns
--------------------------------------------------------------------------
wns max 0.00

==========================================================================
finish report_worst_slack
--------------------------------------------------------------------------
worst slack max 0.01

==========================================================================
finish report_clock_min_period
--------------------------------------------------------------------------
core_clock period_min = 1.54 fmax = 648.05

==========================================================================
finish report_clock_skew
--------------------------------------------------------------------------
Clock core_clock
   0.23 source latency mem_wb_mem_data[25]$_DFF_PN0_/CK ^
  -0.22 target latency u_regfile.rf[27][25]$_DFFE_PP_/CK ^
   0.00 CRPR
--------------
   0.01 setup skew


==========================================================================
finish report_checks -path_delay min
--------------------------------------------------------------------------
Startpoint: rst_n (input port clocked by core_clock)
Endpoint: ex_mem_alu_result[28]$_DFF_PN0_
          (removal check against rising-edge clock core_clock)
Path Group: asynchronous
Path Type: min

Fanout     Cap    Slew   Delay    Time   Description
-----------------------------------------------------------------------------
                          0.00    0.00   clock core_clock (rise edge)
                          0.00    0.00   clock network delay (propagated)
                          0.08    0.08 ^ input external delay
     1    1.07    0.00    0.00    0.08 ^ rst_n (in)
                                         rst_n (net)
                  0.00    0.00    0.08 ^ hold1642/A (CLKBUF_X1)
     1    0.90    0.01    0.02    0.10 ^ hold1642/Z (CLKBUF_X1)
                                         net1642 (net)
                  0.01    0.00    0.10 ^ hold1638/A (CLKBUF_X1)
     1    0.87    0.01    0.03    0.13 ^ hold1638/Z (CLKBUF_X1)
                                         net1638 (net)
                  0.01    0.00    0.13 ^ hold1643/A (CLKBUF_X1)
     1    0.91    0.01    0.03    0.15 ^ hold1643/Z (CLKBUF_X1)
                                         net1643 (net)
                  0.01    0.00    0.15 ^ hold1636/A (CLKBUF_X1)
     1    0.80    0.01    0.02    0.18 ^ hold1636/Z (CLKBUF_X1)
                                         net1636 (net)
                  0.01    0.00    0.18 ^ hold1644/A (CLKBUF_X1)
     1    0.91    0.01    0.03    0.20 ^ hold1644/Z (CLKBUF_X1)
                                         net1644 (net)
                  0.01    0.00    0.20 ^ hold1639/A (CLKBUF_X1)
     1    1.04    0.01    0.03    0.23 ^ hold1639/Z (CLKBUF_X1)
                                         net1639 (net)
                  0.01    0.00    0.23 ^ hold1645/A (CLKBUF_X1)
     1    1.79    0.01    0.03    0.25 ^ hold1645/Z (CLKBUF_X1)
                                         net1645 (net)
                  0.01    0.00    0.25 ^ input33/A (CLKBUF_X3)
     1    1.21    0.01    0.03    0.28 ^ input33/Z (CLKBUF_X3)
                                         net33 (net)
                  0.01    0.00    0.28 ^ hold1646/A (CLKBUF_X1)
     1    1.52    0.01    0.03    0.31 ^ hold1646/Z (CLKBUF_X1)
                                         net1646 (net)
                  0.01    0.00    0.31 ^ hold1640/A (CLKBUF_X1)
     1    1.08    0.01    0.03    0.33 ^ hold1640/Z (CLKBUF_X1)
                                         net1640 (net)
                  0.01    0.00    0.33 ^ hold1647/A (CLKBUF_X1)
     1    2.11    0.01    0.03    0.36 ^ hold1647/Z (CLKBUF_X1)
                                         net1647 (net)
                  0.01    0.00    0.36 ^ hold1637/A (CLKBUF_X3)
     1    1.28    0.01    0.03    0.39 ^ hold1637/Z (CLKBUF_X3)
                                         net1637 (net)
                  0.01    0.00    0.39 ^ hold1648/A (CLKBUF_X1)
     1    2.01    0.01    0.03    0.42 ^ hold1648/Z (CLKBUF_X1)
                                         net1648 (net)
                  0.01    0.00    0.42 ^ hold1641/A (CLKBUF_X3)
     9   29.75    0.02    0.05    0.47 ^ hold1641/Z (CLKBUF_X3)
                                         net1641 (net)
                  0.02    0.00    0.47 ^ ex_mem_alu_result[28]$_DFF_PN0_/RN (DFFR_X1)
                                  0.47   data arrival time

                          0.00    0.00   clock core_clock (rise edge)
                          0.00    0.00   clock source latency
     1   17.20    0.00    0.00    0.00 ^ clk (in)
                                         clk (net)
                  0.00    0.00    0.00 ^ clkbuf_0_clk/A (CLKBUF_X3)
    16   79.26    0.06    0.09    0.09 ^ clkbuf_0_clk/Z (CLKBUF_X3)
                                         clknet_0_clk (net)
                  0.06    0.00    0.09 ^ clkbuf_4_11_0_clk/A (CLKBUF_X3)
     6   30.97    0.03    0.07    0.16 ^ clkbuf_4_11_0_clk/Z (CLKBUF_X3)
                                         clknet_4_11_0_clk (net)
                  0.03    0.00    0.16 ^ clkbuf_leaf_42_clk/A (CLKBUF_X3)
    21   26.21    0.02    0.06    0.22 ^ clkbuf_leaf_42_clk/Z (CLKBUF_X3)
                                         clknet_leaf_42_clk (net)
                  0.02    0.00    0.22 ^ ex_mem_alu_result[28]$_DFF_PN0_/CK (DFFR_X1)
                          0.00    0.22   clock reconvergence pessimism
                          0.22    0.44   library removal time
                                  0.44   data required time
-----------------------------------------------------------------------------
                                  0.44   data required time
                                 -0.47   data arrival time
-----------------------------------------------------------------------------
                                  0.03   slack (MET)


Startpoint: instr_in[5] (input port clocked by core_clock)
Endpoint: if_id_instr[5]$_DFFE_PN0P_
          (rising edge-triggered flip-flop clocked by core_clock)
Path Group: core_clock
Path Type: min

Fanout     Cap    Slew   Delay    Time   Description
-----------------------------------------------------------------------------
                          0.00    0.00   clock core_clock (rise edge)
                          0.00    0.00   clock network delay (propagated)
                          0.08    0.08 v input external delay
     1    2.62    0.00    0.00    0.08 v instr_in[5] (in)
                                         instr_in[5] (net)
                  0.00    0.00    0.08 v hold1813/A (CLKBUF_X1)
     1    1.69    0.01    0.03    0.10 v hold1813/Z (CLKBUF_X1)
                                         net1813 (net)
                  0.01    0.00    0.10 v hold1744/A (CLKBUF_X1)
     1    1.15    0.01    0.03    0.13 v hold1744/Z (CLKBUF_X1)
                                         net1744 (net)
                  0.01    0.00    0.13 v hold1814/A (CLKBUF_X1)
     1    1.21    0.01    0.03    0.16 v hold1814/Z (CLKBUF_X1)
                                         net1814 (net)
                  0.01    0.00    0.16 v input28/A (BUF_X1)
     1    3.13    0.01    0.03    0.18 v input28/Z (BUF_X1)
                                         net28 (net)
                  0.01    0.00    0.18 v hold1745/A (CLKBUF_X1)
     1    2.56    0.01    0.03    0.22 v hold1745/Z (CLKBUF_X1)
                                         net1745 (net)
                  0.01    0.00    0.22 v _20000_/A1 (NAND2_X1)
     1    1.75    0.01    0.01    0.23 ^ _20000_/ZN (NAND2_X1)
                                         _06420_ (net)
                  0.01    0.00    0.23 ^ hold1746/A (CLKBUF_X1)
     1    2.64    0.01    0.03    0.26 ^ hold1746/Z (CLKBUF_X1)
                                         net1746 (net)
                  0.01    0.00    0.26 ^ _20001_/B2 (AOI21_X1)
     1    1.22    0.01    0.01    0.28 v _20001_/ZN (AOI21_X1)
                                         _00378_ (net)
                  0.01    0.00    0.28 v if_id_instr[5]$_DFFE_PN0P_/D (DFFR_X1)
                                  0.28   data arrival time

                          0.00    0.00   clock core_clock (rise edge)
                          0.00    0.00   clock source latency
     1   17.20    0.00    0.00    0.00 ^ clk (in)
                                         clk (net)
                  0.00    0.00    0.00 ^ clkbuf_0_clk/A (CLKBUF_X3)
    16   79.26    0.06    0.09    0.09 ^ clkbuf_0_clk/Z (CLKBUF_X3)
                                         clknet_0_clk (net)
                  0.06    0.00    0.09 ^ clkbuf_4_10_0_clk/A (CLKBUF_X3)
    11   32.74    0.03    0.07    0.16 ^ clkbuf_4_10_0_clk/Z (CLKBUF_X3)
                                         clknet_4_10_0_clk (net)
                  0.03    0.00    0.16 ^ clkbuf_leaf_35_clk/A (CLKBUF_X3)
    21   27.37    0.02    0.06    0.22 ^ clkbuf_leaf_35_clk/Z (CLKBUF_X3)
                                         clknet_leaf_35_clk (net)
                  0.02    0.00    0.22 ^ if_id_instr[5]$_DFFE_PN0P_/CK (DFFR_X1)
                          0.00    0.22   clock reconvergence pessimism
                          0.01    0.23   library hold time
                                  0.23   data required time
-----------------------------------------------------------------------------
                                  0.23   data required time
                                 -0.28   data arrival time
-----------------------------------------------------------------------------
                                  0.05   slack (MET)



==========================================================================
finish report_checks -path_delay max
--------------------------------------------------------------------------
Startpoint: rst_n (input port clocked by core_clock)
Endpoint: ex_mem_alu_result[13]$_DFF_PN0_
          (recovery check against rising-edge clock core_clock)
Path Group: asynchronous
Path Type: max

Fanout     Cap    Slew   Delay    Time   Description
-----------------------------------------------------------------------------
                          0.00    0.00   clock core_clock (rise edge)
                          0.00    0.00   clock network delay (propagated)
                          0.08    0.08 ^ input external delay
     1    1.07    0.00    0.00    0.08 ^ rst_n (in)
                                         rst_n (net)
                  0.00    0.00    0.08 ^ hold1642/A (CLKBUF_X1)
     1    0.90    0.01    0.02    0.10 ^ hold1642/Z (CLKBUF_X1)
                                         net1642 (net)
                  0.01    0.00    0.10 ^ hold1638/A (CLKBUF_X1)
     1    0.87    0.01    0.03    0.13 ^ hold1638/Z (CLKBUF_X1)
                                         net1638 (net)
                  0.01    0.00    0.13 ^ hold1643/A (CLKBUF_X1)
     1    0.91    0.01    0.03    0.15 ^ hold1643/Z (CLKBUF_X1)
                                         net1643 (net)
                  0.01    0.00    0.15 ^ hold1636/A (CLKBUF_X1)
     1    0.80    0.01    0.02    0.18 ^ hold1636/Z (CLKBUF_X1)
                                         net1636 (net)
                  0.01    0.00    0.18 ^ hold1644/A (CLKBUF_X1)
     1    0.91    0.01    0.03    0.20 ^ hold1644/Z (CLKBUF_X1)
                                         net1644 (net)
                  0.01    0.00    0.20 ^ hold1639/A (CLKBUF_X1)
     1    1.04    0.01    0.03    0.23 ^ hold1639/Z (CLKBUF_X1)
                                         net1639 (net)
                  0.01    0.00    0.23 ^ hold1645/A (CLKBUF_X1)
     1    1.79    0.01    0.03    0.25 ^ hold1645/Z (CLKBUF_X1)
                                         net1645 (net)
                  0.01    0.00    0.25 ^ input33/A (CLKBUF_X3)
     1    1.21    0.01    0.03    0.28 ^ input33/Z (CLKBUF_X3)
                                         net33 (net)
                  0.01    0.00    0.28 ^ hold1646/A (CLKBUF_X1)
     1    1.52    0.01    0.03    0.31 ^ hold1646/Z (CLKBUF_X1)
                                         net1646 (net)
                  0.01    0.00    0.31 ^ hold1640/A (CLKBUF_X1)
     1    1.08    0.01    0.03    0.33 ^ hold1640/Z (CLKBUF_X1)
                                         net1640 (net)
                  0.01    0.00    0.33 ^ hold1647/A (CLKBUF_X1)
     1    2.11    0.01    0.03    0.36 ^ hold1647/Z (CLKBUF_X1)
                                         net1647 (net)
                  0.01    0.00    0.36 ^ hold1637/A (CLKBUF_X3)
     1    1.28    0.01    0.03    0.39 ^ hold1637/Z (CLKBUF_X3)
                                         net1637 (net)
                  0.01    0.00    0.39 ^ hold1648/A (CLKBUF_X1)
     1    2.01    0.01    0.03    0.42 ^ hold1648/Z (CLKBUF_X1)
                                         net1648 (net)
                  0.01    0.00    0.42 ^ hold1641/A (CLKBUF_X3)
     9   29.75    0.02    0.05    0.47 ^ hold1641/Z (CLKBUF_X3)
                                         net1641 (net)
                  0.02    0.00    0.47 ^ place1587/A (BUF_X4)
    64  137.45    0.07    0.09    0.56 ^ place1587/Z (BUF_X4)
                                         net1587 (net)
                  0.08    0.02    0.59 ^ place1586/A (BUF_X2)
    36   80.77    0.09    0.12    0.70 ^ place1586/Z (BUF_X2)
                                         net1586 (net)
                  0.09    0.01    0.71 ^ place1585/A (BUF_X4)
    70  150.31    0.08    0.09    0.81 ^ place1585/Z (BUF_X4)
                                         net1585 (net)
                  0.09    0.04    0.85 ^ ex_mem_alu_result[13]$_DFF_PN0_/RN (DFFR_X1)
                                  0.85   data arrival time

                          1.55    1.55   clock core_clock (rise edge)
                          0.00    1.55   clock source latency
     1   17.20    0.00    0.00    1.55 ^ clk (in)
                                         clk (net)
                  0.00    0.00    1.55 ^ clkbuf_0_clk/A (CLKBUF_X3)
    16   79.26    0.06    0.09    1.64 ^ clkbuf_0_clk/Z (CLKBUF_X3)
                                         clknet_0_clk (net)
                  0.06    0.00    1.64 ^ clkbuf_4_11_0_clk/A (CLKBUF_X3)
     6   30.97    0.03    0.07    1.71 ^ clkbuf_4_11_0_clk/Z (CLKBUF_X3)
                                         clknet_4_11_0_clk (net)
                  0.03    0.00    1.71 ^ clkbuf_leaf_44_clk/A (CLKBUF_X3)
    21   28.98    0.02    0.06    1.77 ^ clkbuf_leaf_44_clk/Z (CLKBUF_X3)
                                         clknet_leaf_44_clk (net)
                  0.02    0.00    1.77 ^ ex_mem_alu_result[13]$_DFF_PN0_/CK (DFFR_X1)
                          0.00    1.77   clock reconvergence pessimism
                          0.05    1.82   library recovery time
                                  1.82   data required time
-----------------------------------------------------------------------------
                                  1.82   data required time
                                 -0.85   data arrival time
-----------------------------------------------------------------------------
                                  0.97   slack (MET)


Startpoint: mem_wb_rd[1]$_DFF_PN0_
            (rising edge-triggered flip-flop clocked by core_clock)
Endpoint: u_pc.pc_out[20]$_DFFE_PN0N_
          (rising edge-triggered flip-flop clocked by core_clock)
Path Group: core_clock
Path Type: max

Fanout     Cap    Slew   Delay    Time   Description
-----------------------------------------------------------------------------
                          0.00    0.00   clock core_clock (rise edge)
                          0.00    0.00   clock source latency
     1   17.20    0.00    0.00    0.00 ^ clk (in)
                                         clk (net)
                  0.00    0.00    0.00 ^ clkbuf_0_clk/A (CLKBUF_X3)
    16   79.26    0.06    0.09    0.09 ^ clkbuf_0_clk/Z (CLKBUF_X3)
                                         clknet_0_clk (net)
                  0.06    0.00    0.09 ^ clkbuf_4_8_0_clk/A (CLKBUF_X3)
    11   35.23    0.03    0.07    0.16 ^ clkbuf_4_8_0_clk/Z (CLKBUF_X3)
                                         clknet_4_8_0_clk (net)
                  0.03    0.00    0.17 ^ clkbuf_leaf_24_clk/A (CLKBUF_X3)
    21   25.44    0.02    0.06    0.22 ^ clkbuf_leaf_24_clk/Z (CLKBUF_X3)
                                         clknet_leaf_24_clk (net)
                  0.02    0.00    0.22 ^ mem_wb_rd[1]$_DFF_PN0_/CK (DFFR_X1)
     5   15.51    0.02    0.11    0.34 v mem_wb_rd[1]$_DFF_PN0_/Q (DFFR_X1)
                                         mem_wb_rd[1] (net)
                  0.02    0.00    0.34 v rebuffer1599/A (BUF_X2)
     2    5.16    0.01    0.03    0.37 v rebuffer1599/Z (BUF_X2)
                                         net1599 (net)
                  0.01    0.00    0.37 v _14033_/A4 (OR4_X4)
     2    4.82    0.02    0.10    0.47 v _14033_/ZN (OR4_X4)
                                         _07813_ (net)
                  0.02    0.00    0.47 v _14034_/C2 (OAI221_X2)
     1    3.56    0.04    0.04    0.51 ^ _14034_/ZN (OAI221_X2)
                                         _07814_ (net)
                  0.04    0.00    0.51 ^ rebuffer1632/A (BUF_X4)
     4   19.46    0.01    0.03    0.55 ^ rebuffer1632/Z (BUF_X4)
                                         net1632 (net)
                  0.01    0.00    0.55 ^ rebuffer1606/A (BUF_X2)
     1    3.66    0.01    0.02    0.57 ^ rebuffer1606/Z (BUF_X2)
                                         net1606 (net)
                  0.01    0.00    0.57 ^ _14129_/A1 (NOR3_X2)
     2    3.79    0.01    0.01    0.58 v _14129_/ZN (NOR3_X2)
                                         _07907_ (net)
                  0.01    0.00    0.58 v _14262_/A2 (NOR2_X1)
     1    1.75    0.02    0.03    0.61 ^ _14262_/ZN (NOR2_X1)
                                         _08028_ (net)
                  0.02    0.00    0.61 ^ _14263_/B (MUX2_X1)
     2    5.48    0.02    0.05    0.66 ^ _14263_/Z (MUX2_X1)
                                         forwarded_rs2[1] (net)
                  0.02    0.00    0.66 ^ _14264_/B1 (OAI21_X2)
     2    4.90    0.02    0.02    0.67 v _14264_/ZN (OAI21_X2)
                                         _00287_ (net)
                  0.02    0.00    0.67 v _24559_/A (HA_X1)
     2    4.09    0.01    0.04    0.71 v _24559_/CO (HA_X1)
                                         _00288_ (net)
                  0.01    0.00    0.71 v _14226_/A (INV_X2)
     2    8.42    0.01    0.02    0.73 ^ _14226_/ZN (INV_X2)
                                         _07997_ (net)
                  0.01    0.00    0.73 ^ rebuffer1615/A (BUF_X1)
     2    3.71    0.01    0.03    0.76 ^ rebuffer1615/Z (BUF_X1)
                                         net1615 (net)
                  0.01    0.00    0.76 ^ _14289_/B2 (OAI21_X1)
     1    3.30    0.02    0.02    0.78 v _14289_/ZN (OAI21_X1)
                                         _08047_ (net)
                  0.02    0.00    0.78 v _14290_/B (XNOR2_X1)
     1    3.82    0.02    0.05    0.83 v _14290_/ZN (XNOR2_X1)
                                         _00253_ (net)
                  0.02    0.00    0.83 v _24546_/B (HA_X1)
     2    2.53    0.01    0.06    0.89 v _24546_/S (HA_X1)
                                         _00255_ (net)
                  0.01    0.00    0.89 v _14617_/B2 (AOI21_X1)
     3    7.02    0.05    0.06    0.95 ^ _14617_/ZN (AOI21_X1)
                                         _08341_ (net)
                  0.05    0.00    0.95 ^ _14618_/A3 (AND3_X1)
     1    1.82    0.01    0.05    1.00 ^ _14618_/ZN (AND3_X1)
                                         _08342_ (net)
                  0.01    0.00    1.00 ^ _14623_/A (OAI21_X1)
     3    8.71    0.02    0.03    1.03 v _14623_/ZN (OAI21_X1)
                                         _08347_ (net)
                  0.02    0.00    1.03 v _14629_/B1 (AOI221_X1)
     3    7.13    0.08    0.12    1.15 ^ _14629_/ZN (AOI221_X1)
                                         _08353_ (net)
                  0.08    0.00    1.15 ^ _14630_/B2 (AOI22_X1)
     2    4.95    0.02    0.04    1.20 v _14630_/ZN (AOI22_X1)
                                         _08354_ (net)
                  0.02    0.00    1.20 v place1073/A (BUF_X1)
     1    1.83    0.01    0.03    1.23 v place1073/Z (BUF_X1)
                                         net1073 (net)
                  0.01    0.00    1.23 v _14808_/B1 (AOI221_X1)
     1    2.59    0.05    0.08    1.31 ^ _14808_/ZN (AOI221_X1)
                                         _08509_ (net)
                  0.05    0.00    1.31 ^ _14809_/B (XOR2_X1)
     1    2.46    0.02    0.06    1.36 ^ _14809_/Z (XOR2_X1)
                                         _08510_ (net)
                  0.02    0.00    1.36 ^ _14810_/B1 (OAI21_X1)
     2    6.88    0.03    0.03    1.40 v _14810_/ZN (OAI21_X1)
                                         net44 (net)
                  0.03    0.00    1.40 v _17453_/A3 (NOR4_X4)
     1    7.46    0.04    0.09    1.48 ^ _17453_/ZN (NOR4_X4)
                                         _04029_ (net)
                  0.04    0.00    1.48 ^ _17455_/A3 (NAND4_X4)
     2   12.31    0.02    0.04    1.52 v _17455_/ZN (NAND4_X4)
                                         _04031_ (net)
                  0.02    0.00    1.52 v _17456_/A2 (NOR2_X4)
     3   19.81    0.03    0.05    1.57 ^ _17456_/ZN (NOR2_X4)
                                         _04032_ (net)
                  0.03    0.00    1.58 ^ rebuffer1882/A (BUF_X4)
     1   12.63    0.01    0.03    1.60 ^ rebuffer1882/Z (BUF_X4)
                                         net1882 (net)
                  0.01    0.00    1.61 ^ place1051/A (BUF_X16)
    33   67.39    0.01    0.03    1.63 ^ place1051/Z (BUF_X16)
                                         net1051 (net)
                  0.01    0.01    1.64 ^ _20374_/S (MUX2_X1)
     1    1.56    0.01    0.06    1.70 v _20374_/Z (MUX2_X1)
                                         _06745_ (net)
                  0.01    0.00    1.70 v _20377_/A2 (AOI22_X1)
     1    1.55    0.02    0.04    1.73 ^ _20377_/ZN (AOI22_X1)
                                         _00426_ (net)
                  0.02    0.00    1.73 ^ u_pc.pc_out[20]$_DFFE_PN0N_/D (DFFR_X1)
                                  1.73   data arrival time

                          1.55    1.55   clock core_clock (rise edge)
                          0.00    1.55   clock source latency
     1   17.20    0.00    0.00    1.55 ^ clk (in)
                                         clk (net)
                  0.00    0.00    1.55 ^ clkbuf_0_clk/A (CLKBUF_X3)
    16   79.26    0.06    0.09    1.64 ^ clkbuf_0_clk/Z (CLKBUF_X3)
                                         clknet_0_clk (net)
                  0.06    0.00    1.64 ^ clkbuf_4_10_0_clk/A (CLKBUF_X3)
    11   32.74    0.03    0.07    1.71 ^ clkbuf_4_10_0_clk/Z (CLKBUF_X3)
                                         clknet_4_10_0_clk (net)
                  0.03    0.00    1.72 ^ clkbuf_leaf_38_clk/A (CLKBUF_X3)
    20   27.43    0.02    0.06    1.77 ^ clkbuf_leaf_38_clk/Z (CLKBUF_X3)
                                         clknet_leaf_38_clk (net)
                  0.02    0.00    1.77 ^ u_pc.pc_out[20]$_DFFE_PN0N_/CK (DFFR_X1)
                          0.00    1.77   clock reconvergence pessimism
                         -0.03    1.74   library setup time
                                  1.74   data required time
-----------------------------------------------------------------------------
                                  1.74   data required time
                                 -1.73   data arrival time
-----------------------------------------------------------------------------
                                  0.01   slack (MET)



==========================================================================
finish report_checks -unconstrained
--------------------------------------------------------------------------
Startpoint: rst_n (input port clocked by core_clock)
Endpoint: ex_mem_alu_result[13]$_DFF_PN0_
          (recovery check against rising-edge clock core_clock)
Path Group: asynchronous
Path Type: max

Fanout     Cap    Slew   Delay    Time   Description
-----------------------------------------------------------------------------
                          0.00    0.00   clock core_clock (rise edge)
                          0.00    0.00   clock network delay (propagated)
                          0.08    0.08 ^ input external delay
     1    1.07    0.00    0.00    0.08 ^ rst_n (in)
                                         rst_n (net)
                  0.00    0.00    0.08 ^ hold1642/A (CLKBUF_X1)
     1    0.90    0.01    0.02    0.10 ^ hold1642/Z (CLKBUF_X1)
                                         net1642 (net)
                  0.01    0.00    0.10 ^ hold1638/A (CLKBUF_X1)
     1    0.87    0.01    0.03    0.13 ^ hold1638/Z (CLKBUF_X1)
                                         net1638 (net)
                  0.01    0.00    0.13 ^ hold1643/A (CLKBUF_X1)
     1    0.91    0.01    0.03    0.15 ^ hold1643/Z (CLKBUF_X1)
                                         net1643 (net)
                  0.01    0.00    0.15 ^ hold1636/A (CLKBUF_X1)
     1    0.80    0.01    0.02    0.18 ^ hold1636/Z (CLKBUF_X1)
                                         net1636 (net)
                  0.01    0.00    0.18 ^ hold1644/A (CLKBUF_X1)
     1    0.91    0.01    0.03    0.20 ^ hold1644/Z (CLKBUF_X1)
                                         net1644 (net)
                  0.01    0.00    0.20 ^ hold1639/A (CLKBUF_X1)
     1    1.04    0.01    0.03    0.23 ^ hold1639/Z (CLKBUF_X1)
                                         net1639 (net)
                  0.01    0.00    0.23 ^ hold1645/A (CLKBUF_X1)
     1    1.79    0.01    0.03    0.25 ^ hold1645/Z (CLKBUF_X1)
                                         net1645 (net)
                  0.01    0.00    0.25 ^ input33/A (CLKBUF_X3)
     1    1.21    0.01    0.03    0.28 ^ input33/Z (CLKBUF_X3)
                                         net33 (net)
                  0.01    0.00    0.28 ^ hold1646/A (CLKBUF_X1)
     1    1.52    0.01    0.03    0.31 ^ hold1646/Z (CLKBUF_X1)
                                         net1646 (net)
                  0.01    0.00    0.31 ^ hold1640/A (CLKBUF_X1)
     1    1.08    0.01    0.03    0.33 ^ hold1640/Z (CLKBUF_X1)
                                         net1640 (net)
                  0.01    0.00    0.33 ^ hold1647/A (CLKBUF_X1)
     1    2.11    0.01    0.03    0.36 ^ hold1647/Z (CLKBUF_X1)
                                         net1647 (net)
                  0.01    0.00    0.36 ^ hold1637/A (CLKBUF_X3)
     1    1.28    0.01    0.03    0.39 ^ hold1637/Z (CLKBUF_X3)
                                         net1637 (net)
                  0.01    0.00    0.39 ^ hold1648/A (CLKBUF_X1)
     1    2.01    0.01    0.03    0.42 ^ hold1648/Z (CLKBUF_X1)
                                         net1648 (net)
                  0.01    0.00    0.42 ^ hold1641/A (CLKBUF_X3)
     9   29.75    0.02    0.05    0.47 ^ hold1641/Z (CLKBUF_X3)
                                         net1641 (net)
                  0.02    0.00    0.47 ^ place1587/A (BUF_X4)
    64  137.45    0.07    0.09    0.56 ^ place1587/Z (BUF_X4)
                                         net1587 (net)
                  0.08    0.02    0.59 ^ place1586/A (BUF_X2)
    36   80.77    0.09    0.12    0.70 ^ place1586/Z (BUF_X2)
                                         net1586 (net)
                  0.09    0.01    0.71 ^ place1585/A (BUF_X4)
    70  150.31    0.08    0.09    0.81 ^ place1585/Z (BUF_X4)
                                         net1585 (net)
                  0.09    0.04    0.85 ^ ex_mem_alu_result[13]$_DFF_PN0_/RN (DFFR_X1)
                                  0.85   data arrival time

                          1.55    1.55   clock core_clock (rise edge)
                          0.00    1.55   clock source latency
     1   17.20    0.00    0.00    1.55 ^ clk (in)
                                         clk (net)
                  0.00    0.00    1.55 ^ clkbuf_0_clk/A (CLKBUF_X3)
    16   79.26    0.06    0.09    1.64 ^ clkbuf_0_clk/Z (CLKBUF_X3)
                                         clknet_0_clk (net)
                  0.06    0.00    1.64 ^ clkbuf_4_11_0_clk/A (CLKBUF_X3)
     6   30.97    0.03    0.07    1.71 ^ clkbuf_4_11_0_clk/Z (CLKBUF_X3)
                                         clknet_4_11_0_clk (net)
                  0.03    0.00    1.71 ^ clkbuf_leaf_44_clk/A (CLKBUF_X3)
    21   28.98    0.02    0.06    1.77 ^ clkbuf_leaf_44_clk/Z (CLKBUF_X3)
                                         clknet_leaf_44_clk (net)
                  0.02    0.00    1.77 ^ ex_mem_alu_result[13]$_DFF_PN0_/CK (DFFR_X1)
                          0.00    1.77   clock reconvergence pessimism
                          0.05    1.82   library recovery time
                                  1.82   data required time
-----------------------------------------------------------------------------
                                  1.82   data required time
                                 -0.85   data arrival time
-----------------------------------------------------------------------------
                                  0.97   slack (MET)


Startpoint: mem_wb_rd[1]$_DFF_PN0_
            (rising edge-triggered flip-flop clocked by core_clock)
Endpoint: u_pc.pc_out[20]$_DFFE_PN0N_
          (rising edge-triggered flip-flop clocked by core_clock)
Path Group: core_clock
Path Type: max

Fanout     Cap    Slew   Delay    Time   Description
-----------------------------------------------------------------------------
                          0.00    0.00   clock core_clock (rise edge)
                          0.00    0.00   clock source latency
     1   17.20    0.00    0.00    0.00 ^ clk (in)
                                         clk (net)
                  0.00    0.00    0.00 ^ clkbuf_0_clk/A (CLKBUF_X3)
    16   79.26    0.06    0.09    0.09 ^ clkbuf_0_clk/Z (CLKBUF_X3)
                                         clknet_0_clk (net)
                  0.06    0.00    0.09 ^ clkbuf_4_8_0_clk/A (CLKBUF_X3)
    11   35.23    0.03    0.07    0.16 ^ clkbuf_4_8_0_clk/Z (CLKBUF_X3)
                                         clknet_4_8_0_clk (net)
                  0.03    0.00    0.17 ^ clkbuf_leaf_24_clk/A (CLKBUF_X3)
    21   25.44    0.02    0.06    0.22 ^ clkbuf_leaf_24_clk/Z (CLKBUF_X3)
                                         clknet_leaf_24_clk (net)
                  0.02    0.00    0.22 ^ mem_wb_rd[1]$_DFF_PN0_/CK (DFFR_X1)
     5   15.51    0.02    0.11    0.34 v mem_wb_rd[1]$_DFF_PN0_/Q (DFFR_X1)
                                         mem_wb_rd[1] (net)
                  0.02    0.00    0.34 v rebuffer1599/A (BUF_X2)
     2    5.16    0.01    0.03    0.37 v rebuffer1599/Z (BUF_X2)
                                         net1599 (net)
                  0.01    0.00    0.37 v _14033_/A4 (OR4_X4)
     2    4.82    0.02    0.10    0.47 v _14033_/ZN (OR4_X4)
                                         _07813_ (net)
                  0.02    0.00    0.47 v _14034_/C2 (OAI221_X2)
     1    3.56    0.04    0.04    0.51 ^ _14034_/ZN (OAI221_X2)
                                         _07814_ (net)
                  0.04    0.00    0.51 ^ rebuffer1632/A (BUF_X4)
     4   19.46    0.01    0.03    0.55 ^ rebuffer1632/Z (BUF_X4)
                                         net1632 (net)
                  0.01    0.00    0.55 ^ rebuffer1606/A (BUF_X2)
     1    3.66    0.01    0.02    0.57 ^ rebuffer1606/Z (BUF_X2)
                                         net1606 (net)
                  0.01    0.00    0.57 ^ _14129_/A1 (NOR3_X2)
     2    3.79    0.01    0.01    0.58 v _14129_/ZN (NOR3_X2)
                                         _07907_ (net)
                  0.01    0.00    0.58 v _14262_/A2 (NOR2_X1)
     1    1.75    0.02    0.03    0.61 ^ _14262_/ZN (NOR2_X1)
                                         _08028_ (net)
                  0.02    0.00    0.61 ^ _14263_/B (MUX2_X1)
     2    5.48    0.02    0.05    0.66 ^ _14263_/Z (MUX2_X1)
                                         forwarded_rs2[1] (net)
                  0.02    0.00    0.66 ^ _14264_/B1 (OAI21_X2)
     2    4.90    0.02    0.02    0.67 v _14264_/ZN (OAI21_X2)
                                         _00287_ (net)
                  0.02    0.00    0.67 v _24559_/A (HA_X1)
     2    4.09    0.01    0.04    0.71 v _24559_/CO (HA_X1)
                                         _00288_ (net)
                  0.01    0.00    0.71 v _14226_/A (INV_X2)
     2    8.42    0.01    0.02    0.73 ^ _14226_/ZN (INV_X2)
                                         _07997_ (net)
                  0.01    0.00    0.73 ^ rebuffer1615/A (BUF_X1)
     2    3.71    0.01    0.03    0.76 ^ rebuffer1615/Z (BUF_X1)
                                         net1615 (net)
                  0.01    0.00    0.76 ^ _14289_/B2 (OAI21_X1)
     1    3.30    0.02    0.02    0.78 v _14289_/ZN (OAI21_X1)
                                         _08047_ (net)
                  0.02    0.00    0.78 v _14290_/B (XNOR2_X1)
     1    3.82    0.02    0.05    0.83 v _14290_/ZN (XNOR2_X1)
                                         _00253_ (net)
                  0.02    0.00    0.83 v _24546_/B (HA_X1)
     2    2.53    0.01    0.06    0.89 v _24546_/S (HA_X1)
                                         _00255_ (net)
                  0.01    0.00    0.89 v _14617_/B2 (AOI21_X1)
     3    7.02    0.05    0.06    0.95 ^ _14617_/ZN (AOI21_X1)
                                         _08341_ (net)
                  0.05    0.00    0.95 ^ _14618_/A3 (AND3_X1)
     1    1.82    0.01    0.05    1.00 ^ _14618_/ZN (AND3_X1)
                                         _08342_ (net)
                  0.01    0.00    1.00 ^ _14623_/A (OAI21_X1)
     3    8.71    0.02    0.03    1.03 v _14623_/ZN (OAI21_X1)
                                         _08347_ (net)
                  0.02    0.00    1.03 v _14629_/B1 (AOI221_X1)
     3    7.13    0.08    0.12    1.15 ^ _14629_/ZN (AOI221_X1)
                                         _08353_ (net)
                  0.08    0.00    1.15 ^ _14630_/B2 (AOI22_X1)
     2    4.95    0.02    0.04    1.20 v _14630_/ZN (AOI22_X1)
                                         _08354_ (net)
                  0.02    0.00    1.20 v place1073/A (BUF_X1)
     1    1.83    0.01    0.03    1.23 v place1073/Z (BUF_X1)
                                         net1073 (net)
                  0.01    0.00    1.23 v _14808_/B1 (AOI221_X1)
     1    2.59    0.05    0.08    1.31 ^ _14808_/ZN (AOI221_X1)
                                         _08509_ (net)
                  0.05    0.00    1.31 ^ _14809_/B (XOR2_X1)
     1    2.46    0.02    0.06    1.36 ^ _14809_/Z (XOR2_X1)
                                         _08510_ (net)
                  0.02    0.00    1.36 ^ _14810_/B1 (OAI21_X1)
     2    6.88    0.03    0.03    1.40 v _14810_/ZN (OAI21_X1)
                                         net44 (net)
                  0.03    0.00    1.40 v _17453_/A3 (NOR4_X4)
     1    7.46    0.04    0.09    1.48 ^ _17453_/ZN (NOR4_X4)
                                         _04029_ (net)
                  0.04    0.00    1.48 ^ _17455_/A3 (NAND4_X4)
     2   12.31    0.02    0.04    1.52 v _17455_/ZN (NAND4_X4)
                                         _04031_ (net)
                  0.02    0.00    1.52 v _17456_/A2 (NOR2_X4)
     3   19.81    0.03    0.05    1.57 ^ _17456_/ZN (NOR2_X4)
                                         _04032_ (net)
                  0.03    0.00    1.58 ^ rebuffer1882/A (BUF_X4)
     1   12.63    0.01    0.03    1.60 ^ rebuffer1882/Z (BUF_X4)
                                         net1882 (net)
                  0.01    0.00    1.61 ^ place1051/A (BUF_X16)
    33   67.39    0.01    0.03    1.63 ^ place1051/Z (BUF_X16)
                                         net1051 (net)
                  0.01    0.01    1.64 ^ _20374_/S (MUX2_X1)
     1    1.56    0.01    0.06    1.70 v _20374_/Z (MUX2_X1)
                                         _06745_ (net)
                  0.01    0.00    1.70 v _20377_/A2 (AOI22_X1)
     1    1.55    0.02    0.04    1.73 ^ _20377_/ZN (AOI22_X1)
                                         _00426_ (net)
                  0.02    0.00    1.73 ^ u_pc.pc_out[20]$_DFFE_PN0N_/D (DFFR_X1)
                                  1.73   data arrival time

                          1.55    1.55   clock core_clock (rise edge)
                          0.00    1.55   clock source latency
     1   17.20    0.00    0.00    1.55 ^ clk (in)
                                         clk (net)
                  0.00    0.00    1.55 ^ clkbuf_0_clk/A (CLKBUF_X3)
    16   79.26    0.06    0.09    1.64 ^ clkbuf_0_clk/Z (CLKBUF_X3)
                                         clknet_0_clk (net)
                  0.06    0.00    1.64 ^ clkbuf_4_10_0_clk/A (CLKBUF_X3)
    11   32.74    0.03    0.07    1.71 ^ clkbuf_4_10_0_clk/Z (CLKBUF_X3)
                                         clknet_4_10_0_clk (net)
                  0.03    0.00    1.72 ^ clkbuf_leaf_38_clk/A (CLKBUF_X3)
    20   27.43    0.02    0.06    1.77 ^ clkbuf_leaf_38_clk/Z (CLKBUF_X3)
                                         clknet_leaf_38_clk (net)
                  0.02    0.00    1.77 ^ u_pc.pc_out[20]$_DFFE_PN0N_/CK (DFFR_X1)
                          0.00    1.77   clock reconvergence pessimism
                         -0.03    1.74   library setup time
                                  1.74   data required time
-----------------------------------------------------------------------------
                                  1.74   data required time
                                 -1.73   data arrival time
-----------------------------------------------------------------------------
                                  0.01   slack (MET)



==========================================================================
finish report_check_types -max_slew -max_cap -max_fanout -violators
--------------------------------------------------------------------------

==========================================================================
finish max_slew_check_slack
--------------------------------------------------------------------------
0.07137890160083771

==========================================================================
finish max_slew_check_limit
--------------------------------------------------------------------------
0.1985349953174591

==========================================================================
finish max_slew_check_slack_limit
--------------------------------------------------------------------------
0.3595

==========================================================================
finish max_fanout_check_slack
--------------------------------------------------------------------------
1.0000000150474662e+30

==========================================================================
finish max_fanout_check_limit
--------------------------------------------------------------------------
1.0000000150474662e+30

==========================================================================
finish max_capacitance_check_slack
--------------------------------------------------------------------------
2.4082908630371094

==========================================================================
finish max_capacitance_check_limit
--------------------------------------------------------------------------
60.65370559692383

==========================================================================
finish max_capacitance_check_slack_limit
--------------------------------------------------------------------------
0.0397

==========================================================================
finish max_slew_violation_count
--------------------------------------------------------------------------
max slew violation count 0

==========================================================================
finish max_fanout_violation_count
--------------------------------------------------------------------------
max fanout violation count 0

==========================================================================
finish max_cap_violation_count
--------------------------------------------------------------------------
max cap violation count 0

==========================================================================
finish setup_violation_count
--------------------------------------------------------------------------
setup violation count 0

==========================================================================
finish hold_violation_count
--------------------------------------------------------------------------
hold violation count 0

==========================================================================
finish report_checks -path_delay max reg to reg
--------------------------------------------------------------------------
Startpoint: mem_wb_rd[1]$_DFF_PN0_
            (rising edge-triggered flip-flop clocked by core_clock)
Endpoint: u_pc.pc_out[20]$_DFFE_PN0N_
          (rising edge-triggered flip-flop clocked by core_clock)
Path Group: core_clock
Path Type: max

  Delay    Time   Description
---------------------------------------------------------
   0.00    0.00   clock core_clock (rise edge)
   0.00    0.00   clock source latency
   0.00    0.00 ^ clk (in)
   0.09    0.09 ^ clkbuf_0_clk/Z (CLKBUF_X3)
   0.08    0.16 ^ clkbuf_4_8_0_clk/Z (CLKBUF_X3)
   0.06    0.22 ^ clkbuf_leaf_24_clk/Z (CLKBUF_X3)
   0.00    0.22 ^ mem_wb_rd[1]$_DFF_PN0_/CK (DFFR_X1)
   0.11    0.34 v mem_wb_rd[1]$_DFF_PN0_/Q (DFFR_X1)
   0.03    0.37 v rebuffer1599/Z (BUF_X2)
   0.10    0.47 v _14033_/ZN (OR4_X4)
   0.04    0.51 ^ _14034_/ZN (OAI221_X2)
   0.03    0.55 ^ rebuffer1632/Z (BUF_X4)
   0.03    0.57 ^ rebuffer1606/Z (BUF_X2)
   0.01    0.58 v _14129_/ZN (NOR3_X2)
   0.03    0.61 ^ _14262_/ZN (NOR2_X1)
   0.05    0.66 ^ _14263_/Z (MUX2_X1)
   0.02    0.67 v _14264_/ZN (OAI21_X2)
   0.04    0.71 v _24559_/CO (HA_X1)
   0.02    0.73 ^ _14226_/ZN (INV_X2)
   0.03    0.76 ^ rebuffer1615/Z (BUF_X1)
   0.02    0.78 v _14289_/ZN (OAI21_X1)
   0.05    0.83 v _14290_/ZN (XNOR2_X1)
   0.06    0.89 v _24546_/S (HA_X1)
   0.06    0.95 ^ _14617_/ZN (AOI21_X1)
   0.05    1.00 ^ _14618_/ZN (AND3_X1)
   0.03    1.03 v _14623_/ZN (OAI21_X1)
   0.12    1.15 ^ _14629_/ZN (AOI221_X1)
   0.04    1.20 v _14630_/ZN (AOI22_X1)
   0.04    1.23 v place1073/Z (BUF_X1)
   0.08    1.31 ^ _14808_/ZN (AOI221_X1)
   0.06    1.36 ^ _14809_/Z (XOR2_X1)
   0.03    1.40 v _14810_/ZN (OAI21_X1)
   0.09    1.48 ^ _17453_/ZN (NOR4_X4)
   0.04    1.52 v _17455_/ZN (NAND4_X4)
   0.05    1.57 ^ _17456_/ZN (NOR2_X4)
   0.03    1.60 ^ rebuffer1882/Z (BUF_X4)
   0.03    1.63 ^ place1051/Z (BUF_X16)
   0.06    1.70 v _20374_/Z (MUX2_X1)
   0.04    1.73 ^ _20377_/ZN (AOI22_X1)
   0.00    1.73 ^ u_pc.pc_out[20]$_DFFE_PN0N_/D (DFFR_X1)
           1.73   data arrival time

   1.55    1.55   clock core_clock (rise edge)
   0.00    1.55   clock source latency
   0.00    1.55 ^ clk (in)
   0.09    1.64 ^ clkbuf_0_clk/Z (CLKBUF_X3)
   0.08    1.71 ^ clkbuf_4_10_0_clk/Z (CLKBUF_X3)
   0.06    1.77 ^ clkbuf_leaf_38_clk/Z (CLKBUF_X3)
   0.00    1.77 ^ u_pc.pc_out[20]$_DFFE_PN0N_/CK (DFFR_X1)
   0.00    1.77   clock reconvergence pessimism
  -0.03    1.74   library setup time
           1.74   data required time
---------------------------------------------------------
           1.74   data required time
          -1.73   data arrival time
---------------------------------------------------------
           0.01   slack (MET)



==========================================================================
finish report_checks -path_delay min reg to reg
--------------------------------------------------------------------------
Startpoint: id_ex_reg_write$_DFF_PN0_
            (rising edge-triggered flip-flop clocked by core_clock)
Endpoint: ex_mem_reg_write$_DFF_PN0_
          (rising edge-triggered flip-flop clocked by core_clock)
Path Group: core_clock
Path Type: min

  Delay    Time   Description
---------------------------------------------------------
   0.00    0.00   clock core_clock (rise edge)
   0.00    0.00   clock source latency
   0.00    0.00 ^ clk (in)
   0.09    0.09 ^ clkbuf_0_clk/Z (CLKBUF_X3)
   0.08    0.16 ^ clkbuf_4_10_0_clk/Z (CLKBUF_X3)
   0.06    0.22 ^ clkbuf_leaf_34_clk/Z (CLKBUF_X3)
   0.00    0.22 ^ id_ex_reg_write$_DFF_PN0_/CK (DFFR_X1)
   0.09    0.31 v id_ex_reg_write$_DFF_PN0_/Q (DFFR_X1)
   0.00    0.32 v ex_mem_reg_write$_DFF_PN0_/D (DFFR_X1)
           0.32   data arrival time

   0.00    0.00   clock core_clock (rise edge)
   0.00    0.00   clock source latency
   0.00    0.00 ^ clk (in)
   0.09    0.09 ^ clkbuf_0_clk/Z (CLKBUF_X3)
   0.08    0.16 ^ clkbuf_4_10_0_clk/Z (CLKBUF_X3)
   0.06    0.22 ^ clkbuf_leaf_33_clk/Z (CLKBUF_X3)
   0.00    0.22 ^ ex_mem_reg_write$_DFF_PN0_/CK (DFFR_X1)
   0.00    0.22   clock reconvergence pessimism
   0.01    0.23   library hold time
           0.23   data required time
---------------------------------------------------------
           0.23   data required time
          -0.32   data arrival time
---------------------------------------------------------
           0.09   slack (MET)



==========================================================================
finish critical path target clock latency max path
--------------------------------------------------------------------------
0.2212

==========================================================================
finish critical path target clock latency min path
--------------------------------------------------------------------------
0.2192

==========================================================================
finish critical path source clock latency min path
--------------------------------------------------------------------------
0.0000

==========================================================================
finish critical path delay
--------------------------------------------------------------------------
1.7315

==========================================================================
finish critical path slack
--------------------------------------------------------------------------
0.0069

==========================================================================
finish slack div critical path delay
--------------------------------------------------------------------------
0.398498

==========================================================================
finish report_power
--------------------------------------------------------------------------
Group                  Internal  Switching    Leakage      Total
                          Power      Power      Power      Power (Watts)
----------------------------------------------------------------
Sequential             1.59e-02   3.38e-04   2.65e-04   1.65e-02  62.5%
Combinational          1.60e-03   2.57e-03   3.00e-04   4.47e-03  16.9%
Clock                  1.50e-03   3.96e-03   7.02e-06   5.46e-03  20.6%
Macro                  0.00e+00   0.00e+00   0.00e+00   0.00e+00   0.0%
Pad                    0.00e+00   0.00e+00   0.00e+00   0.00e+00   0.0%
----------------------------------------------------------------
Total                  1.90e-02   6.86e-03   5.72e-04   2.65e-02 100.0%
                          71.9%      25.9%       2.2%
