x20 <= 0x00000080
x3 <= 0x00000000
MEM[50] <= 0x00000000
x5 <= 0x00000000
x3 <= 0x00000000
x17 <= 0xffffffd3
x19 <= 0xffffffd3
x15 <= 0x00000000
x17 <= 0xffffffd4
x18 <= 0x0000001c
x19 <= 0x0000001d
x5 <= 0xfffff93e
x8 <= 0xfffff93e
x18 <= 0x0000001d
x5 <= 0xfffff93e
x8 <= 0xfffff93e
x18 <= 0x0000001e
x15 <= 0x00000000
x8 <= 0x00000000
x6 <= 0x00000000
x14 <= 0x00000063
x11 <= 0x000000c6
x3 <= 0x00000063
x19 <= 0x00000001
x7 <= 0x0000002e
x13 <= 0xfffff93e
x2 <= 0x00000000
x19 <= 0x00000000
x5 <= 0xffffffa9
x2 <= 0xffffff52
x5 <= 0xffffffa9
x14 <= 0x00000063
x9 <= 0x0000001c
x1 <= 0x00000038
x10 <= 0x0000001c
x12 <= 0x0000000c
x4 <= 0x00000000
x13 <= 0xfffffff4
x11 <= 0x0000002d
x7 <= 0x0000005a
x9 <= 0x0000002d
x11 <= 0xfffffffc
x10 <= 0x00000060
x4 <= 0xffffffdd
x9 <= 0xffffffba
x10 <= 0xffffffdd
