x20 <= 0x00000060
x4 <= 0x00000000
x3 <= 0x00000000
x12 <= 0xfffffbd5
x17 <= 0x00000001
x12 <= 0xfffff95b
x17 <= 0x00000000
x12 <= 0x00000000
x5 <= 0x00000000
x7 <= 0x00000000
x6 <= 0x00000000
x2 <= 0x00000000
x6 <= 0x00000000
x5 <= 0x00000000
x9 <= 0x00000000
x3 <= 0x00000000
x7 <= 0xffffffdf
x7 <= 0xffffffbe
x15 <= 0x00000000
x14 <= 0x00000000
x8 <= 0x00000000
x9 <= 0x00000000
x11 <= 0x00000000
x4 <= 0x00000000
MEM[41] <= 0x00000000
x3 <= 0x00000000
x1 <= 0x00000000
x4 <= 0x00000000
x12 <= 0x00000000
x7 <= 0x00000000
x3 <= 0x00000000
x14 <= 0xfffffffb
x14 <= 0xfffffff6
x1 <= 0x00000000
x15 <= 0x00000676
x12 <= 0xfffffc64
